ASxxxx Linker V05.50.4-SDLD,  page 1.
Hexadecimal  [32-Bits]

Area                                    Addr        Size        Decimal Bytes (Attributes)
--------------------------------        ----        ----        ------- ----- ------------
.  .ABS.                            00000000    00000000 =           0. bytes (ABS,CON)

         Value  Global                             Global Defined In Module
         -----  --------------------------------   ------------------------
     00000000  .__.ABS.                           speex_filter
     00000000  l__QTABLE
     00000000  l__TABLES
     00000000  s__QTABLE
     00000000  s__QTABLE0
     00000000  s__TABLES
     00000000  s__TABLES0
     00000000  s__TABLES1
     00000000  s__TABLES2
     00000001  _immutable_playback_code           speex_filter
     00000100  l__TABLES1
     00000400  l__QTABLE0
     00000411  l__DATA
     00000D00  l__TABLES2
     00001F72  l__TABLES0
     0000229B  l__CODE
     00007200  _coefficient_start                 speex_decode
     00007C00  _coefficient_end                   speex_decode
     00007C00  _innovation_start                  speex_decode
     00008000  _innovation_end                    speex_decode
     00008000  s__CODE
     0000B000  s__DATA

ASxxxx Linker V05.50.4-SDLD,  page 2.
Hexadecimal  [32-Bits]

Area                                    Addr        Size        Decimal Bytes (Attributes)
--------------------------------        ----        ----        ------- ----- ------------
_CODE                               00008000    0000229B =        8859. bytes (REL,CON)

         Value  Global                             Global Defined In Module
         -----  --------------------------------   ------------------------
     00008000  _entry                             speex_decode
     00008082  _complete                          speex_decode
     000080C2  _zx_clip                           speex_decode
     000080F7  mulq14                             speex_decode
     0000814A  cosine                             speex_decode
     000081C0  _zx_speex_decode                   speex_decode
     000082C8  _pitch27_setup                     speex_decode
     000082E1  _pitch27_general_ready             speex_decode
     000082FB  _pitch_init_start                  speex_decode
     00008302  _pitch_init_end                    speex_decode
     0000832A  _pitch_add_0_start                 speex_decode
     00008331  _pitch_add_0_end                   speex_decode
     00008359  _pitch_add_1_start                 speex_decode
     00008360  _pitch_add_1_end                   speex_decode
     00008388  _pitch_add_2_start                 speex_decode
     0000838F  _pitch_add_2_end                   speex_decode
     0000838F  _pitch_flush_start                 speex_decode
     00008398  _pitch_flush_end                   speex_decode
     00008415  _exc_shift_start                   speex_decode
     00008422  _exc_shift_end                     speex_decode
     00008444  _pitch27_fast_ready                speex_decode
     0000845E  _pitch27_fast_sum_start            speex_decode
     000084AB  _pitch27_fast_sum_end              speex_decode
     00008528  pitch27_fast__exc_shift_start      speex_decode
     00008535  pitch27_fast__exc_shift_end        speex_decode
     000089A8  enforce_margin                     speex_decode
     00008B5F  _zx_speex_lpc                      speex_decode
     00009364  _mul_s8                            speex_decode
     000093F9  mulq12                             speex_decode
     00009493  _build_innovation                  speex_decode
     000094FC  _innov_register_loop               speex_decode
     00009516  _innov_register_done               speex_decode
     00009517  _prepare_coefficients              speex_decode
     000095B4  _coef_neg_0_start                  speex_decode
     000095C5  _coef_neg_0_end                    speex_decode
     00009689  _coef_neg_1_start                  speex_decode
     0000969A  _coef_neg_1_end                    speex_decode
     0000975E  _coef_neg_2_start                  speex_decode
     0000976B  _coef_neg_2_end                    speex_decode
     00009815  _coef_neg_3_start                  speex_decode
     00009822  _coef_neg_3_end                    speex_decode
     000098D5  _split_nibbles                     speex_decode
     000098FC  _coefficient_product               speex_decode
     000098FE  _smc0                              speex_decode
     00009907  _smc1                              speex_decode
     00009918  _smc2                              speex_decode
     00009925  _smc3                              speex_decode
     00009934  _pitch_indirect                    speex_decode
     00009935  _pitch_const_m50                   speex_decode
     00009953  _pitch_const_m39                   speex_decode
ASxxxx Linker V05.50.4-SDLD,  page 3.
Hexadecimal  [32-Bits]

Area                                    Addr        Size        Decimal Bytes (Attributes)
--------------------------------        ----        ----        ------- ----- ------------
_CODE                               00008000    0000229B =        8859. bytes (REL,CON)

         Value  Global                             Global Defined In Module
         -----  --------------------------------   ------------------------
     0000996F  _pitch_const_m34                   speex_decode
     00009989  _pitch_const_m31                   speex_decode
     000099A1  _pitch_const_m26                   speex_decode
     000099BB  _pitch_const_m24                   speex_decode
     000099D3  _pitch_const_m23                   speex_decode
     000099ED  _pitch_const_m21                   speex_decode
     00009A09  _pitch_const_m19                   speex_decode
     00009A23  _pitch_const_m18                   speex_decode
     00009A3B  _pitch_const_m16                   speex_decode
     00009A4F  _pitch_const_m15                   speex_decode
     00009A65  _pitch_const_m14                   speex_decode
     00009A7B  _pitch_const_m13                   speex_decode
     00009A93  _pitch_const_m12                   speex_decode
     00009AA9  _pitch_const_m11                   speex_decode
     00009AC1  _pitch_const_m10                   speex_decode
     00009AD7  _pitch_const_m9                    speex_decode
     00009AED  _pitch_const_m8                    speex_decode
     00009AFF  _pitch_const_m7                    speex_decode
     00009B13  _pitch_const_m6                    speex_decode
     00009B27  _pitch_const_m5                    speex_decode
     00009B3B  _pitch_const_m2                    speex_decode
     00009B49  _pitch_const_m1                    speex_decode
     00009B55  _pitch_const_0                     speex_decode
     00009B59  _pitch_const_1                     speex_decode
     00009B5E  _pitch_const_3                     speex_decode
     00009B69  _pitch_const_4                     speex_decode
     00009B73  _pitch_const_5                     speex_decode
     00009B80  _pitch_const_8                     speex_decode
     00009B8C  _pitch_const_9                     speex_decode
     00009B9B  _pitch_const_10                    speex_decode
     00009BAA  _pitch_const_11                    speex_decode
     00009BBB  _pitch_const_13                    speex_decode
     00009BCC  _pitch_const_15                    speex_decode
     00009BDF  _pitch_const_16                    speex_decode
     00009BED  _pitch_const_17                    speex_decode
     00009BFE  _pitch_const_18                    speex_decode
     00009C0F  _pitch_const_19                    speex_decode
     00009C22  _pitch_const_20                    speex_decode
     00009C33  _pitch_const_22                    speex_decode
     00009C46  _pitch_const_23                    speex_decode
     00009C5B  _pitch_const_24                    speex_decode
     00009C6C  _pitch_const_27                    speex_decode
     00009C81  _pitch_const_28                    speex_decode
     00009C94  _pitch_const_31                    speex_decode
     00009CA9  _pitch_const_32                    speex_decode
     00009CB9  _pitch_const_33                    speex_decode
     00009CCC  _pitch_const_34                    speex_decode
     00009CDF  _pitch_const_35                    speex_decode
     00009CF4  _pitch_const_36                    speex_decode
     00009D07  _pitch_const_37                    speex_decode
     00009D1C  _pitch_const_38                    speex_decode
ASxxxx Linker V05.50.4-SDLD,  page 4.
Hexadecimal  [32-Bits]

Area                                    Addr        Size        Decimal Bytes (Attributes)
--------------------------------        ----        ----        ------- ----- ------------
_CODE                               00008000    0000229B =        8859. bytes (REL,CON)

         Value  Global                             Global Defined In Module
         -----  --------------------------------   ------------------------
     00009D31  _pitch_const_44                    speex_decode
     00009D46  _pitch_const_45                    speex_decode
     00009D5D  _pitch_const_46                    speex_decode
     00009D74  _pitch_const_47                    speex_decode
     00009D8B  _pitch_const_53                    speex_decode
     00009DA2  _pitch_const_57                    speex_decode
     00009DB9  _pitch_const_60                    speex_decode
     00009DD0  _pitch_const_61                    speex_decode
     00009DE9  _pitch_const_65                    speex_decode
     00009DFE  _pitch_const_70                    speex_decode
     00009E15  _pitch_const_89                    speex_decode
     00009E2E  _pitch_const_97                    speex_decode
     00009E45  _zx_speex_filter                   speex_filter
     00009E59  _synthesis_round_start             speex_filter
     00009E6A  _synthesis_shift_start             speex_filter
     00009E7C  _synthesis_shift_end               speex_filter
     00009E9B  _filter_feedback_start             speex_filter
     0000A170  _filter_emit                       speex_filter
     0000A19A  _zx_mul_table                      speex_filter
     0000A204  _word31_u8                         speex_filter
     0000A20A  _word31_u8_nonzero                 speex_filter
     0000A27C  _zx_mul8                           speex_filter
ASxxxx Linker V05.50.4-SDLD,  page 5.
Hexadecimal  [32-Bits]

Area                                    Addr        Size        Decimal Bytes (Attributes)
--------------------------------        ----        ----        ------- ----- ------------
_DATA                               0000B000    00000411 =        1041. bytes (REL,CON)

         Value  Global                             Global Defined In Module
         -----  --------------------------------   ------------------------
     0000B000  _packet_count                      speex_decode
     0000B002  _status                            speex_decode
     0000B004  excitation                         speex_decode
     0000B2C8  lsp                                speex_decode
     0000B2DC  interp                             speex_decode
     0000B2F0  next_lpc                           speex_decode
     0000B304  _zx_lpc                            speex_decode
     0000B318  _zx_memory                         speex_decode
     0000B384  _pcm                               speex_decode
     0000B3A4  _pitch27_gains                     speex_decode
     0000B3AA  _pitch27_period                    speex_decode
     0000B3AF  _pitch27_exc_ptr                   speex_decode
     0000B3B1  _pitch27_sample_index              speex_decode
     0000B3B6  _pitch_sum_state                   speex_decode
     0000B3FE  coef_cache_ptr                     speex_decode
     0000B403  _last_pcm16                        speex_filter
     0000B405  _filter_saved_sp                   speex_filter

ASxxxx Linker V05.50.4-SDLD,  page 6.
Hexadecimal  [32-Bits]

Area                                    Addr        Size        Decimal Bytes (Attributes)
--------------------------------        ----        ----        ------- ----- ------------
_TABLES0                            00000000    00001F72 =        8050. bytes (ABS,CON)

         Value  Global                             Global Defined In Module
         -----  --------------------------------   ------------------------
ASxxxx Linker V05.50.4-SDLD,  page 7.
Hexadecimal  [32-Bits]

Area                                    Addr        Size        Decimal Bytes (Attributes)
--------------------------------        ----        ----        ------- ----- ------------
_TABLES1                            00000000    00000100 =         256. bytes (ABS,CON)

         Value  Global                             Global Defined In Module
         -----  --------------------------------   ------------------------
ASxxxx Linker V05.50.4-SDLD,  page 8.
Hexadecimal  [32-Bits]

Area                                    Addr        Size        Decimal Bytes (Attributes)
--------------------------------        ----        ----        ------- ----- ------------
_TABLES2                            00000000    00000D00 =        3328. bytes (ABS,CON)

         Value  Global                             Global Defined In Module
         -----  --------------------------------   ------------------------
     00006F00  _pitch_gain_targets                speex_decode

ASxxxx Linker V05.50.4-SDLD,  page 9.
Hexadecimal  [32-Bits]

Area                                    Addr        Size        Decimal Bytes (Attributes)
--------------------------------        ----        ----        ------- ----- ------------
_QTABLE0                            00000000    00000400 =        1024. bytes (ABS,CON)

         Value  Global                             Global Defined In Module
         -----  --------------------------------   ------------------------
ASxxxx Linker V05.50.4-SDLD,  page 10.

Files Linked                              [ module(s) ]

decoder.rel                               [ speex_decode ]
filter.rel                                [ speex_filter ]

ASxxxx Linker V05.50.4-SDLD,  page 11.

User Base Address Definitions

_CODE = 0x8000
_DATA = 0xb000

