                 	
                 	; G.711 mu-law bytes stay compressed in banked RAM. Inverse companding
                 	; is pipelined one sample ahead through two 256-byte lookup planes.
                 	; Main HL: 16-bit modulo error, DE: unsigned decoded level, BC: 10FE.
                 	; Alternate BC: source cursor, HL: lookup cursor, DE: next level.
                 	; SP transfers just one level (two bytes); no expanded PCM/PDM buffer.
                 	; DI throughout playback. No calls and no input-dependent pulse branches.
                 	
8000              	first_address: EQU 49152
8000              	first_end_high: EQU 0
8000              	progress_first: EQU 12
8000              	        INCLUDE "config.inc"
8000              	        ORG 0x8000
8000              	LOAD_AUDIO: MACRO
8000              	        LD BC,0x7FFD
8000              	        LD A,\0+24
8000              	        OUT (C),A
8000              	        LD (load_bank),A
8000              	        LD DE,\1
8000              	        LD HL,\2
8000              	        LD B,\3
8000              	        CALL read_n
8000              	        ENDM
8000              	SILENCE: MACRO
8000              	        LD BC,0xFFFD
8000              	        LD A,\0
8000              	        OUT (C),A
8000              	        LD BC,0xBFFD
8000              	        XOR A
8000              	        OUT (C),A
8000              	        ENDM
8000 F3           	start:  DI
8001 31 00 60     	        LD SP,0x6000
8004 FD 21 3A 5C  	        LD IY,0x5C3A
8008 ED 56        	        IM 1
800A AF           	        XOR A
800B D3 FE        	        OUT (0xFE),A
800D 21 00 88     	        LD HL,screen_data
8010 11 00 40     	        LD DE,0x4000
8013 01 00 1B     	        LD BC,6912
8016 ED B0        	        LDIR
8018 01 FD 7F     	        LD BC,0x7FFD
801B 3E 1F        	        LD A,31
801D ED 79        	        OUT (C),A
801F 21 00 40     	        LD HL,0x4000
8022 11 00 C0     	        LD DE,0xC000
8025 01 00 1B     	        LD BC,6912
8028 ED B0        	        LDIR
802A 21 00 D8     	        LD HL,0xD800
802D 06 60        	        LD B,96
                 	show_loading:
802F 36 47        	        LD (HL),0x47
8031 2C           	        INC L
8032 10 FB        	        DJNZ show_loading
8034 21 A0 D8     	        LD HL,0xD8A0
8037 06 20        	        LD B,32
                 	show_progress:
8039 36 08        	        LD (HL),0x08
803B 2C           	        INC L
803C 10 FB        	        DJNZ show_progress
                 	loading_visible:
803E FB           	        EI
                 	
803F 01 FD 7F     		LD BC,0x7FFD
8042 3E 18        		LD A,0+24
8044 ED 79        		OUT (C),A
8046 32 93 82     		LD (load_bank),A
8049 11 04 03     		LD DE,772
804C 21 00 C0     		LD HL,49152
804F 06 40        		LD B,64
8051 CD 36 82     		CALL read_n
8054              	        LOAD_AUDIO 0,772,49152,64
8054 01 FD 7F     		LD BC,0x7FFD
8057 3E 1C        		LD A,4+24
8059 ED 79        		OUT (C),A
805B 32 93 82     		LD (load_bank),A
805E 11 04 07     		LD DE,1796
8061 21 00 C0     		LD HL,49152
8064 06 40        		LD B,64
8066 CD 36 82     		CALL read_n
8069              	        LOAD_AUDIO 4,1796,49152,64
8069 01 FD 7F     		LD BC,0x7FFD
806C 3E 1E        		LD A,6+24
806E ED 79        		OUT (C),A
8070 32 93 82     		LD (load_bank),A
8073 11 04 0B     		LD DE,2820
8076 21 00 C0     		LD HL,49152
8079 06 40        		LD B,64
807B CD 36 82     		CALL read_n
807E              	        LOAD_AUDIO 6,2820,49152,64
807E 01 FD 7F     		LD BC,0x7FFD
8081 3E 19        		LD A,1+24
8083 ED 79        		OUT (C),A
8085 32 93 82     		LD (load_bank),A
8088 11 04 0F     		LD DE,3844
808B 21 00 C0     		LD HL,49152
808E 06 40        		LD B,64
8090 CD 36 82     		CALL read_n
8093              	        LOAD_AUDIO 1,3844,49152,64
8093 01 FD 7F     		LD BC,0x7FFD
8096 3E 1B        		LD A,3+24
8098 ED 79        		OUT (C),A
809A 32 93 82     		LD (load_bank),A
809D 11 04 13     		LD DE,4868
80A0 21 00 C0     		LD HL,49152
80A3 06 40        		LD B,64
80A5 CD 36 82     		CALL read_n
80A8              	        LOAD_AUDIO 3,4868,49152,64
80A8 01 FD 7F     		LD BC,0x7FFD
80AB 3E 1F        		LD A,7+24
80AD ED 79        		OUT (C),A
80AF 32 93 82     		LD (load_bank),A
80B2 11 04 17     		LD DE,5892
80B5 21 00 DB     		LD HL,56064
80B8 06 25        		LD B,37
80BA CD 36 82     		CALL read_n
80BD              	        LOAD_AUDIO 7,5892,56064,37
80BD 01 FD 7F     		LD BC,0x7FFD
80C0 3E 1A        		LD A,2+24
80C2 ED 79        		OUT (C),A
80C4 32 93 82     		LD (load_bank),A
80C7 11 09 19     		LD DE,6409
80CA 21 00 C8     		LD HL,51200
80CD 06 16        		LD B,22
80CF CD 36 82     		CALL read_n
80D2              	        LOAD_AUDIO 2,6409,51200,22
80D2              	        INCLUDE "loads.inc"
80D2 F3           	        DI
80D3 01 FD 7F     	        LD BC,0x7FFD
80D6 3E 1F        	        LD A,31
80D8 ED 79        	        OUT (C),A
80DA 21 00 D8     	        LD HL,0xD800
80DD 06 60        	        LD B,96
                 	hide_loading:
80DF 36 00        	        LD (HL),0
80E1 2C           	        INC L
80E2 10 FB        	        DJNZ hide_loading
80E4 21 A0 D8     	        LD HL,0xD8A0
80E7 06 20        	        LD B,32
                 	hide_progress:
80E9 36 00        	        LD (HL),0
80EB 2C           	        INC L
80EC 10 FB        	        DJNZ hide_progress
                 	loading_hidden:
80EE 01 FD FF     		LD BC,0xFFFD
80F1 3E 08        		LD A,8
80F3 ED 79        		OUT (C),A
80F5 01 FD BF     		LD BC,0xBFFD
80F8 AF           		XOR A
80F9 ED 79        		OUT (C),A
80FB              	        SILENCE 8
80FB 01 FD FF     		LD BC,0xFFFD
80FE 3E 09        		LD A,9
8100 ED 79        		OUT (C),A
8102 01 FD BF     		LD BC,0xBFFD
8105 AF           		XOR A
8106 ED 79        		OUT (C),A
8108              	        SILENCE 9
8108 01 FD FF     		LD BC,0xFFFD
810B 3E 0A        		LD A,10
810D ED 79        		OUT (C),A
810F 01 FD BF     		LD BC,0xBFFD
8112 AF           		XOR A
8113 ED 79        		OUT (C),A
8115              	        SILENCE 10
8115 01 FD 7F     	        LD BC,0x7FFD
8118 3E 18        	        LD A,24
811A ED 79        	        OUT (C),A
811C FB           	        EI
811D 76           	        HALT
811E F3           	        DI
811F 31 00 88     	ready:  LD SP,0x8800
8122 01 00 C0     	        LD BC,first_address
8125 0A           	        LD A,(BC)
8126 03           	        INC BC
8127 6F           	        LD L,A
8128 26 85        	        LD H,levels >> 8
812A 5E           	        LD E,(HL)
812B 24           	        INC H
812C 56           	        LD D,(HL)
812D 25           	        DEC H
812E D5           	        PUSH DE
812F DD 21 9C 81  	        LD IX,bank_tail_0
8133 D9           	        EXX
8134 D1           	        POP DE
8135 21 00 80     	        LD HL,32768
8138 01 FE 10     	        LD BC,0x10FE
                 	; One exact 16-bit first-order decision takes 34 T: ADD 11, SBC 4,
                 	; AND 7, OUT 12. Carry is consumed immediately. The table retains all
                 	; decoded bits, including small G.711 levels near silence.
813B              	PULSE: MACRO
813B              	        ASSERT \0 >= 0
813B              	        ADD HL,DE
813B              	        SBC A,A
813B              	        AND 16
813B              	out_\0: OUT (C),A
813B              	        ENDM
                 	sample:
813B              		ASSERT 0 >= 0
813B 19           		ADD HL,DE
813C 9F           		SBC A,A
813D E6 10        		AND 16
813F ED 79        	out_0:	OUT (C),A
8141              	        PULSE 0
8141 D9           	        EXX
8142 0A           	        LD A,(BC)
8143 6F           	        LD L,A
8144 D9           	        EXX                    ; 19 T prefetch: next compact code
8145              		ASSERT 1 >= 0
8145 19           		ADD HL,DE
8146 9F           		SBC A,A
8147 E6 10        		AND 16
8149 ED 79        	out_1:	OUT (C),A
814B              	        PULSE 1
814B D9           	        EXX
814C 5E           	        LD E,(HL)
814D 24           	        INC H
814E D9           	        EXX                    ; 19 T: next low decoded byte
814F              		ASSERT 2 >= 0
814F 19           		ADD HL,DE
8150 9F           		SBC A,A
8151 E6 10        		AND 16
8153 ED 79        	out_2:	OUT (C),A
8155              	        PULSE 2
8155 D9           	        EXX
8156 56           	        LD D,(HL)
8157 25           	        DEC H
8158 D9           	        EXX                    ; 19 T: next high decoded byte
8159              		ASSERT 3 >= 0
8159 19           		ADD HL,DE
815A 9F           		SBC A,A
815B E6 10        		AND 16
815D ED 79        	out_3:	OUT (C),A
815F              	        PULSE 3
815F D9           	        EXX
8160 D5           	        PUSH DE
8161 D9           	        EXX                    ; 19 T: stage two bytes, not the audio
8162              		ASSERT 4 >= 0
8162 19           		ADD HL,DE
8163 9F           		SBC A,A
8164 E6 10        		AND 16
8166 ED 79        	out_4:	OUT (C),A
8168              	        PULSE 4
8168 D9           	        EXX
8169 0C           	        INC C
816A CA 90 81     	        JP Z,advance_page
                 	resume_cursor:
816D D9           	        EXX                    ; ordinary cursor update: 22 T
816E              		ASSERT 5 >= 0
816E 19           		ADD HL,DE
816F 9F           		SBC A,A
8170 E6 10        		AND 16
8172 ED 79        	out_5:	OUT (C),A
8174              	        PULSE 5
8174 3E 00        	        LD A,0
8176 3E 00        	        LD A,0
8178 3E 00        	        LD A,0                 ; 21 T padding; flags/data irrelevant
817A              		ASSERT 6 >= 0
817A 19           		ADD HL,DE
817B 9F           		SBC A,A
817C E6 10        		AND 16
817E ED 79        	out_6:	OUT (C),A
8180              	        PULSE 6
8180 3E 00        	        LD A,0
8182 3E 00        	        LD A,0
8184 3E 00        	        LD A,0                 ; 21 T padding
8186              		ASSERT 7 >= 0
8186 19           		ADD HL,DE
8187 9F           		SBC A,A
8188 E6 10        		AND 16
818A ED 79        	out_7:	OUT (C),A
818C              	        PULSE 7
818C D1           	        POP DE
818D C3 3B 81     	        JP sample              ; 20 T; current level changes only here
                 	; Page check happens after prefetch, one sample before a section ends.
                 	; This also handles bank 5's C000..DBFF range without touching TR-DOS.
                 	advance_page:
8190 04           	        INC B
8191 78           	        LD A,B
                 	end_page_compare:
8192 FE 00        	        CP first_end_high
8194 CA 9A 81     	        JP Z,bank_dispatch
8197 C3 6D 81     	        JP resume_cursor
                 	bank_dispatch:
819A DD E9        	        JP (IX)
                 	; Alternate registers are active here. Preserve lookup H/L; replace only
                 	; the input cursor, paging latch, terminal high byte and next tail target.
819C              	BANK_TAIL: MACRO
819C              	bank_tail_\0: ASSERT 1
819C              	        LD BC,0x7FFD
819C              	        LD A,\1+24
819C              	page_\0: OUT (C),A
819C              	        LD BC,\2
819C              	        LD IX,bank_tail_\3
819C              	        LD A,\4
819C              	        LD (end_page_compare+1),A
819C              	        JP resume_cursor
819C              	        ENDM
                 	
819C              	bank_tail_0:	ASSERT 1
819C 01 FD 7F     		LD BC,0x7FFD
819F 3E 1C        		LD A,4+24
81A1 ED 79        	page_0:	OUT (C),A
81A3 01 00 C0     		LD BC,49152
81A6 DD 21 B2 81  		LD IX,bank_tail_1
81AA 3E 00        		LD A,0
81AC 32 93 81     		LD (end_page_compare+1),A
81AF C3 6D 81     		JP resume_cursor
81B2              	        BANK_TAIL 0,4,49152,1,0
81B2              	bank_tail_1:	ASSERT 1
81B2 01 FD 7F     		LD BC,0x7FFD
81B5 3E 1E        		LD A,6+24
81B7 ED 79        	page_1:	OUT (C),A
81B9 01 00 C0     		LD BC,49152
81BC DD 21 C8 81  		LD IX,bank_tail_2
81C0 3E 00        		LD A,0
81C2 32 93 81     		LD (end_page_compare+1),A
81C5 C3 6D 81     		JP resume_cursor
81C8              	        BANK_TAIL 1,6,49152,2,0
81C8              	bank_tail_2:	ASSERT 1
81C8 01 FD 7F     		LD BC,0x7FFD
81CB 3E 19        		LD A,1+24
81CD ED 79        	page_2:	OUT (C),A
81CF 01 00 C0     		LD BC,49152
81D2 DD 21 DE 81  		LD IX,bank_tail_3
81D6 3E 00        		LD A,0
81D8 32 93 81     		LD (end_page_compare+1),A
81DB C3 6D 81     		JP resume_cursor
81DE              	        BANK_TAIL 2,1,49152,3,0
81DE              	bank_tail_3:	ASSERT 1
81DE 01 FD 7F     		LD BC,0x7FFD
81E1 3E 1B        		LD A,3+24
81E3 ED 79        	page_3:	OUT (C),A
81E5 01 00 C0     		LD BC,49152
81E8 DD 21 F4 81  		LD IX,bank_tail_4
81EC 3E 00        		LD A,0
81EE 32 93 81     		LD (end_page_compare+1),A
81F1 C3 6D 81     		JP resume_cursor
81F4              	        BANK_TAIL 3,3,49152,4,0
81F4              	bank_tail_4:	ASSERT 1
81F4 01 FD 7F     		LD BC,0x7FFD
81F7 3E 1F        		LD A,7+24
81F9 ED 79        	page_4:	OUT (C),A
81FB 01 00 DB     		LD BC,56064
81FE DD 21 0A 82  		LD IX,bank_tail_5
8202 3E 00        		LD A,0
8204 32 93 81     		LD (end_page_compare+1),A
8207 C3 6D 81     		JP resume_cursor
820A              	        BANK_TAIL 4,7,56064,5,0
820A              	bank_tail_5:	ASSERT 1
820A 01 FD 7F     		LD BC,0x7FFD
820D 3E 1A        		LD A,2+24
820F ED 79        	page_5:	OUT (C),A
8211 01 00 C8     		LD BC,51200
8214 DD 21 20 82  		LD IX,bank_tail_6
8218 3E DE        		LD A,222
821A 32 93 81     		LD (end_page_compare+1),A
821D C3 6D 81     		JP resume_cursor
8220              	        BANK_TAIL 5,2,51200,6,222
8220              	bank_tail_6:	ASSERT 1
8220 01 FD 7F     		LD BC,0x7FFD
8223 3E 18        		LD A,0+24
8225 ED 79        	page_6:	OUT (C),A
8227 01 00 C0     		LD BC,49152
822A DD 21 9C 81  		LD IX,bank_tail_0
822E 3E 00        		LD A,0
8230 32 93 81     		LD (end_page_compare+1),A
8233 C3 6D 81     		JP resume_cursor
8236              	        BANK_TAIL 6,0,49152,0,0
8236              	        INCLUDE "tails.inc"
                 	; All disk reads finish before modulation. 5C00..5FFF stays reserved for
                 	; ROM variables and the load-time stack. The displayed screen is bank 7.
8236 ED 53 5F 82  	read_n: LD (disk_position),DE
                 	read_next:
823A C5           	        PUSH BC
823B E5           	        PUSH HL
823C ED 5B 5F 82  	        LD DE,(disk_position)
8240 01 05 01     	        LD BC,0x0105
8243 CD 13 3D     	disk_call: CALL 0x3D13
8246 E1           	        POP HL
8247 C1           	        POP BC
8248 24           	        INC H
8249 ED 5B 5F 82  	        LD DE,(disk_position)
824D 1C           	        INC E
824E CB 63        	        BIT 4,E
8250 28 03        	        JR Z,sector_ok
8252 1E 00        	        LD E,0
8254 14           	        INC D
                 	sector_ok:
8255 ED 53 5F 82  	        LD (disk_position),DE
8259 CD 61 82     	        CALL update_progress
825C 10 DC        	        DJNZ read_next
825E C9           	        RET
825F 00 00        	disk_position: DW 0
                 	update_progress:
8261 E5           	        PUSH HL
8262 21 95 82     	        LD HL,progress_remaining
8265 35           	        DEC (HL)
8266 20 29        	        JR NZ,progress_return
8268 C5           	        PUSH BC
8269 F3           	        DI
826A 01 FD 7F     	        LD BC,0x7FFD
826D 3E 1F        	        LD A,31
826F ED 79        	        OUT (C),A
8271 3A 94 82     	        LD A,(load_progress)
8274 C6 A0        	        ADD A,0xA0
8276 6F           	        LD L,A
8277 26 D8        	        LD H,0xD8
8279 36 20        	        LD (HL),0x20
827B 21 94 82     	        LD HL,load_progress
827E 34           	        INC (HL)
                 	load_progress_event:
827F 3A 93 82     	        LD A,(load_bank)
8282 ED 79        	        OUT (C),A
8284 2A 96 82     	        LD HL,(progress_cursor)
8287 7E           	        LD A,(HL)
8288 32 95 82     	        LD (progress_remaining),A
828B 23           	        INC HL
828C 22 96 82     	        LD (progress_cursor),HL
828F FB           	        EI
8290 C1           	        POP BC
                 	progress_return:
8291 E1           	        POP HL
8292 C9           	        RET
8293 1F           	load_bank: DB 31
8294 00           	load_progress: DB 0
8295 0C           	progress_remaining: DB progress_first
8296 98 82        	progress_cursor: DW progress_steps
8298 0C 0C 0C 0C 0C 0B 0C 0C 0C 0C 0C 0B 0C 0C 0C 0C 0C 0C 0B 0C 0C 0C 0C 0C 0B 0C 0C 0C 0C 0C 0B FF 	progress_steps: MDAT "progress-steps.bin"
82B8              	        ASSERT $ <= 0x8500
82B8              	        DS 0x8500-$
8500 84 84 84 84 84 84 84 84 84 84 84 84 84 84 84 84 84 84 84 84 84 84 84 84 84 84 84 84 84 84 84 84 04 04 04 04 04 04 04 04 04 04 04 04 04 04 04 04 C4 44 C4 44 C4 44 C4 44 C4 44 C4 44 C4 44 C4 44 A4 E4 24 64 A4 E4 24 64 A4 E4 24 64 A4 E4 24 64 94 B4 D4 F4 14 34 54 74 94 B4 D4 F4 14 34 54 74 8C 9C AC BC CC DC EC FC 0C 1C 2C 3C 4C 5C 6C 7C 88 90 98 A0 A8 B0 B8 C0 C8 D0 D8 E0 E8 F0 F8 00 7C 7C 7C 7C 7C 7C 7C 7C 7C 7C 7C 7C 7C 7C 7C 7C 7C 7C 7C 7C 7C 7C 7C 7C 7C 7C 7C 7C 7C 7C 7C 7C FC FC FC FC FC FC FC FC FC FC FC FC FC FC FC FC 3C BC 3C BC 3C BC 3C BC 3C BC 3C BC 3C BC 3C BC 5C 1C DC 9C 5C 1C DC 9C 5C 1C DC 9C 5C 1C DC 9C 6C 4C 2C 0C EC CC AC 8C 6C 4C 2C 0C EC CC AC 8C 74 64 54 44 34 24 14 04 F4 E4 D4 C4 B4 A4 94 84 78 70 68 60 58 50 48 40 38 30 28 20 18 10 08 00 02 06 0A 0E 12 16 1A 1E 22 26 2A 2E 32 36 3A 3E 41 43 45 47 49 4B 4D 4F 51 53 55 57 59 5B 5D 5F 61 62 63 64 65 66 67 68 69 6A 6B 6C 6D 6E 6F 70 70 71 71 72 72 73 73 74 74 75 75 76 76 77 77 78 78 78 79 79 79 79 7A 7A 7A 7A 7B 7B 7B 7B 7C 7C 7C 7C 7C 7C 7D 7D 7D 7D 7D 7D 7D 7D 7E 7E 7E 7E 7E 7E 7E 7E 7E 7E 7E 7E 7F 7F 7F 7F 7F 7F 7F 7F 7F 7F 7F 7F 7F 7F 7F 7F 7F 7F 7F 7F 7F 7F 7F 80 FD F9 F5 F1 ED E9 E5 E1 DD D9 D5 D1 CD C9 C5 C1 BE BC BA B8 B6 B4 B2 B0 AE AC AA A8 A6 A4 A2 A0 9E 9D 9C 9B 9A 99 98 97 96 95 94 93 92 91 90 8F 8F 8E 8E 8D 8D 8C 8C 8B 8B 8A 8A 89 89 88 88 87 87 87 86 86 86 86 85 85 85 85 84 84 84 84 83 83 83 83 83 83 82 82 82 82 82 82 82 82 81 81 81 81 81 81 81 81 81 81 81 81 80 80 80 80 80 80 80 80 80 80 80 80 80 80 80 80 80 80 80 80 80 80 80 80 	levels: MDAT "levels.bin"
                 	resident_end:
8700              	        ASSERT $ == 0x8700
8700              	        DS 0x8800-$             ; playback stack; only 87FE..87FF written
8800 00 00 00 00 00 00 00 00 00 00 00 00 00 00 00 00 00 00 00 00 00 00 00 00 00 00 00 00 00 00 00 00 00 00 00 00 00 00 00 00 08 00 00 00 48 00 00 00 00 00 90 00 00 80 20 00 00 00 00 00 00 00 00 00 00 00 00 00 00 00 00 00 0F CF 87 8F 49 08 F4 0F 1D 1E 91 F0 1E 8F 31 E0 00 00 00 00 00 00 00 00 00 00 00 00 00 00 00 00 00 00 00 00 00 00 00 00 00 00 00 00 00 00 00 00 00 00 00 00 00 00 00 00 00 00 00 00 00 00 00 00 02 8A 41 02 02 44 52 04 10 22 24 01 09 04 A2 80 00 00 00 00 00 00 00 00 00 00 00 00 00 00 00 00 00 00 00 00 00 00 00 00 00 00 00 00 00 00 00 00 00 00 00 00 00 00 00 00 00 00 00 00 00 00 00 00 00 00 00 00 00 00 00 00 00 00 00 00 00 00 00 00 00 00 00 00 00 00 00 00 00 00 00 00 00 00 00 00 00 00 00 00 00 00 00 00 00 00 00 00 00 00 00 00 00 00 00 00 00 00 00 00 00 00 00 00 00 00 00 00 00 00 00 00 00 00 00 00 00 00 00 00 00 00 00 00 00 00 00 00 00 00 00 00 00 00 00 00 00 00 00 00 08 00 00 00 40 00 00 00 00 00 80 00 00 80 20 00 00 00 00 00 00 00 00 00 00 00 00 00 00 00 00 00 00 00 00 00 00 01 04 00 00 00 00 00 00 00 00 00 00 00 00 00 00 00 00 00 00 00 00 00 00 00 00 00 00 00 00 00 00 00 00 00 00 00 00 00 00 00 00 00 00 00 00 00 00 00 00 00 00 00 00 00 00 00 00 00 02 8A 41 02 02 62 92 08 10 22 27 C1 F1 04 A2 80 00 00 00 00 00 00 00 00 00 00 00 00 00 00 00 00 00 00 00 00 00 00 00 00 00 00 00 00 00 00 00 00 00 00 00 00 00 00 00 00 00 00 00 00 00 00 00 00 00 00 00 00 00 00 00 00 00 00 00 00 00 00 00 00 00 00 00 00 00 00 00 00 00 00 00 00 00 00 00 00 00 00 00 00 00 00 00 00 00 00 00 00 00 00 00 00 00 00 00 00 00 00 00 00 00 00 00 00 00 00 00 00 00 00 00 00 00 00 00 00 00 00 00 00 00 00 00 00 00 00 00 00 00 00 00 00 00 00 00 00 00 00 00 00 08 0F 07 07 C9 70 7C 0E 21 0F 91 E0 0F 8E 71 C0 00 00 00 00 00 00 00 00 00 00 00 00 00 00 00 00 00 00 00 00 00 01 8C 00 00 00 00 00 00 00 00 00 00 00 00 00 00 00 00 00 00 00 00 00 00 00 00 00 00 00 00 00 00 00 00 00 00 00 00 00 00 00 00 00 00 00 00 00 00 00 00 00 00 00 00 00 00 00 00 00 02 52 41 72 03 E2 92 08 10 22 44 01 01 04 94 80 00 00 00 00 00 00 00 00 00 00 00 00 00 00 00 00 00 00 00 00 00 00 00 00 00 00 00 00 00 00 00 00 00 00 00 00 00 00 00 00 00 00 00 00 00 00 00 00 00 00 00 00 00 00 00 00 00 00 00 00 00 00 00 00 00 00 00 00 00 00 00 00 00 00 00 00 00 00 00 3C 07 C4 FE 07 C0 FC 30 30 13 08 30 67 EC 18 78 7C 82 00 00 00 00 00 00 00 00 00 00 00 00 00 00 00 00 00 00 00 00 00 00 00 00 00 00 00 00 00 00 00 00 00 00 00 00 00 00 00 00 00 00 00 00 00 00 00 08 18 8C 88 C9 88 8C 19 21 11 93 10 11 99 23 20 00 00 00 00 00 00 00 00 00 00 00 00 00 00 00 00 00 00 00 00 00 00 F8 00 00 00 00 00 00 00 00 00 00 00 00 00 00 00 00 00 00 00 00 00 00 00 00 00 00 00 00 00 00 00 00 00 00 00 00 00 00 00 00 00 00 00 00 00 00 00 00 00 00 00 00 00 00 00 00 00 02 52 41 02 04 22 8C 08 10 21 44 01 01 04 94 80 00 00 00 00 00 00 00 00 00 00 00 00 00 00 00 00 00 00 00 00 00 00 00 00 00 00 00 00 00 00 00 00 00 00 00 00 00 00 00 00 00 00 00 00 00 00 00 00 00 00 00 00 00 00 00 00 00 00 00 00 00 00 00 00 00 00 00 00 00 00 00 00 00 00 00 00 00 00 00 42 04 24 10 08 60 0C D0 D0 13 08 30 64 0C 18 84 42 44 00 00 00 00 00 00 00 00 00 00 00 00 00 00 00 00 00 00 00 00 00 00 00 00 00 00 00 00 00 00 00 00 00 00 00 00 00 00 00 00 00 00 00 00 00 00 00 08 10 40 90 49 09 04 01 21 20 92 08 20 81 20 20 00 00 00 00 00 00 00 00 00 00 00 00 00 00 00 00 00 00 00 00 00 00 00 00 00 00 00 00 00 00 00 00 00 00 00 00 00 00 00 00 00 00 00 00 00 00 00 00 00 00 00 00 00 00 00 00 00 00 00 00 00 00 00 00 00 00 00 00 00 00 00 00 00 00 00 00 00 00 00 00 02 52 63 02 04 32 8C 10 10 21 44 01 01 08 94 80 00 00 00 00 00 00 00 00 00 00 00 00 00 00 00 00 00 00 00 00 00 00 00 00 00 00 00 00 00 00 00 00 00 00 00 00 00 00 00 00 00 00 00 00 00 00 00 00 00 00 00 00 00 00 00 00 00 00 00 00 00 00 00 00 00 00 00 00 00 00 00 00 00 00 00 00 00 00 00 42 04 24 10 10 20 08 90 90 12 88 38 E4 0E 39 02 42 64 00 00 00 00 00 00 00 00 00 00 00 00 00 00 00 00 00 00 00 00 00 00 00 00 00 00 00 00 00 00 00 00 00 00 00 00 00 00 00 00 00 00 00 00 00 00 00 08 10 47 90 49 09 04 0F 21 20 92 08 20 8F 21 E0 00 00 00 00 00 00 00 00 00 00 00 00 00 00 00 00 00 00 00 00 00 00 00 00 00 00 00 00 00 00 00 00 00 00 00 00 00 00 00 00 00 00 00 00 00 00 00 00 03 06 41 02 01 8C 61 02 10 24 17 E1 F1 F0 C1 80 00 00 00 00 00 00 00 00 00 00 00 00 00 00 00 00 02 22 3E 03 F4 11 0C 10 1F A1 87 E1 01 F0 88 80 00 00 00 00 00 00 00 00 00 00 00 00 00 00 00 00 00 00 00 00 00 00 00 00 00 00 00 00 00 00 00 00 00 00 00 00 00 00 00 00 00 00 00 00 00 00 00 00 00 00 00 00 00 00 00 00 00 00 00 00 00 00 00 00 00 00 00 00 00 00 00 00 00 00 00 00 00 00 00 42 04 24 10 10 00 10 10 10 12 C8 28 A4 0A 29 02 42 28 00 00 00 00 00 00 00 00 00 00 00 00 00 00 00 00 00 00 00 00 00 00 00 00 00 00 00 00 00 00 00 00 00 00 00 00 00 00 00 00 00 00 00 00 00 00 00 08 10 48 90 49 09 04 11 21 20 92 08 20 91 22 20 00 00 00 00 00 00 00 00 00 00 00 00 00 00 00 00 00 00 00 00 00 00 00 00 00 00 00 00 00 00 00 00 00 00 00 00 00 00 00 00 00 00 00 00 00 00 00 00 03 06 41 02 01 44 61 04 10 24 14 01 09 08 C1 80 00 00 00 00 00 00 00 00 00 00 00 00 00 00 00 00 00 00 00 00 00 00 00 10 00 00 00 00 00 00 00 00 00 00 00 00 00 00 00 00 00 00 00 00 00 00 00 00 00 00 00 00 00 00 00 00 00 00 00 00 00 00 00 00 00 00 00 00 00 00 00 00 00 00 00 00 00 00 00 00 00 00 00 00 00 00 00 00 00 00 00 00 00 00 00 00 00 00 00 00 00 00 00 00 00 00 00 00 00 00 00 3C 07 C4 10 10 E0 10 10 10 12 48 28 A7 CA 29 02 7C 38 00 00 00 00 00 00 00 00 00 00 00 00 00 00 00 00 00 00 00 00 00 00 00 00 00 00 00 00 00 00 00 00 00 00 00 00 00 00 00 00 00 00 00 00 00 00 00 08 18 88 98 C9 09 8C 11 23 31 93 10 31 91 22 20 00 00 00 00 00 00 00 00 00 00 00 00 00 00 00 00 00 00 00 00 00 00 00 00 00 00 00 00 00 00 00 00 00 00 00 00 00 00 00 00 00 00 00 00 00 00 00 00 03 8E 41 02 01 44 53 04 10 24 24 01 09 04 E3 80 00 00 00 00 00 00 00 00 00 00 00 00 00 00 00 00 00 00 00 00 00 00 00 00 00 00 00 00 00 00 00 00 00 00 00 00 00 00 00 00 00 00 00 00 00 00 00 00 00 00 00 00 00 00 00 00 00 00 00 00 00 00 00 00 00 00 00 00 00 00 00 00 00 00 00 00 00 00 00 00 00 00 00 00 00 00 00 00 00 00 00 00 00 00 00 00 00 00 00 00 00 00 00 00 00 00 00 00 00 00 00 42 E4 24 10 10 20 20 10 10 12 68 25 24 09 49 02 44 10 00 00 00 00 00 00 00 00 00 00 00 00 00 00 42 04 24 10 18 20 20 10 10 12 28 25 24 09 49 02 42 10 00 00 00 00 00 00 00 00 00 00 00 00 00 00 00 00 00 00 00 00 00 00 00 00 00 00 00 00 00 00 00 00 00 00 00 00 00 00 00 00 00 00 00 00 00 00 00 00 00 00 00 00 00 00 00 00 00 00 00 00 00 00 00 00 00 00 00 00 00 00 00 00 00 00 00 00 00 84 40 42 21 10 88 00 A3 09 08 10 90 0A 22 04 23 08 01 21 12 00 00 00 00 00 00 00 00 00 00 00 00 00 00 00 00 00 00 00 00 00 00 00 00 00 00 00 00 00 00 00 00 00 00 00 00 00 00 00 00 00 00 00 00 00 00 00 00 00 00 00 00 00 00 00 00 00 00 00 00 00 00 00 00 00 00 00 00 00 00 00 00 00 00 00 00 00 00 00 00 00 00 00 00 00 00 00 00 00 00 00 00 00 00 00 00 00 00 00 00 00 00 00 00 00 00 00 00 0F 10 90 90 83 F8 20 40 A2 90 24 92 04 07 10 24 13 E2 01 F0 00 00 00 00 00 00 00 00 00 00 00 00 00 42 04 24 10 08 60 40 10 10 12 18 25 24 09 48 84 42 10 00 00 00 00 00 00 00 00 00 00 00 00 00 00 00 00 00 00 00 00 00 00 00 00 00 00 00 00 00 00 00 00 00 00 00 00 00 00 00 00 00 00 00 00 00 00 00 00 00 00 00 00 00 00 00 00 00 00 00 00 00 00 00 00 00 00 00 00 00 00 00 00 00 00 00 00 00 82 40 83 40 90 48 00 A2 89 04 10 90 0A 32 08 12 88 02 21 21 00 00 00 00 00 00 00 00 00 00 00 00 00 00 00 00 00 00 00 00 00 00 00 00 00 00 00 00 00 00 00 00 00 00 00 00 00 00 00 00 00 00 00 00 00 00 00 00 00 00 00 00 00 00 00 00 00 00 00 00 00 00 00 00 00 00 00 00 00 00 00 00 00 00 00 00 00 00 00 00 00 00 00 00 00 00 00 00 00 00 00 00 00 00 00 00 00 00 00 00 00 00 00 00 00 00 00 00 10 90 90 90 82 08 40 40 94 90 24 D2 04 00 90 24 12 22 01 00 00 00 00 00 00 00 00 00 00 00 00 00 00 3C 07 C4 10 07 A4 40 10 10 12 18 22 27 E8 88 78 42 10 00 00 00 00 00 00 00 00 00 00 00 00 00 00 00 00 00 00 00 00 00 00 00 00 00 00 00 00 00 00 00 00 00 00 00 00 00 00 00 00 00 00 00 00 00 00 00 00 00 00 00 00 00 00 00 00 00 00 00 00 00 00 00 00 00 00 00 00 00 00 00 00 00 00 00 00 00 82 40 80 40 90 48 01 22 C9 04 10 90 12 14 08 12 C8 06 21 21 00 00 00 00 00 00 00 00 00 00 00 00 00 00 00 00 00 00 00 00 00 00 00 00 00 00 00 00 00 00 00 00 00 00 00 00 00 00 00 00 00 00 00 00 00 00 00 00 00 00 00 00 00 00 00 00 00 00 00 00 00 00 00 00 00 00 00 00 00 00 00 00 00 00 00 00 00 00 00 00 00 00 00 00 00 00 00 00 00 00 00 00 00 00 00 00 00 00 00 00 00 00 00 00 00 00 00 00 10 90 90 90 82 08 C0 40 94 90 24 52 04 10 90 24 12 12 09 00 00 00 00 00 00 00 00 00 00 00 00 00 00 00 00 00 00 00 00 00 00 00 00 00 00 00 00 00 00 00 00 00 00 00 00 00 00 00 00 00 00 00 00 00 00 00 00 00 00 00 00 00 00 00 00 00 00 00 00 00 00 00 00 00 00 00 00 00 00 00 00 00 00 00 00 00 00 00 00 00 00 00 00 00 00 00 00 00 00 00 00 00 00 00 00 00 00 00 00 00 00 00 00 00 00 00 00 00 82 7C 80 40 90 4F 81 32 49 04 1F 10 13 1C 08 12 48 04 1E 21 00 00 00 00 00 00 00 00 00 00 00 00 00 00 00 00 00 00 00 00 00 00 00 00 00 00 00 00 00 00 00 00 00 00 00 00 00 00 00 00 00 00 00 00 00 00 00 00 00 00 00 00 00 00 00 00 00 00 00 00 00 00 00 00 00 00 00 00 00 00 00 00 00 00 00 00 00 00 00 00 00 00 00 00 00 00 00 00 00 00 00 00 00 00 00 00 00 00 00 00 00 00 00 00 00 00 00 00 10 89 09 09 02 09 80 80 94 88 44 31 08 10 88 46 32 11 09 00 00 00 00 00 00 00 00 00 00 00 00 00 00 00 00 00 00 00 00 00 00 00 00 00 00 00 00 00 00 00 00 00 00 00 00 00 00 00 00 00 00 00 00 00 00 00 00 00 00 00 00 00 00 00 00 00 00 00 00 00 00 00 00 00 00 00 00 00 00 00 00 00 00 00 00 00 00 00 00 00 00 00 00 00 00 00 00 00 00 00 00 00 00 00 00 00 00 00 00 00 00 00 00 00 00 00 00 00 82 40 80 40 90 48 01 F2 69 04 10 10 1F 08 08 12 68 08 21 21 00 00 00 00 00 00 00 00 00 00 00 00 00 00 00 00 00 00 00 00 00 00 00 00 00 00 00 00 00 00 00 00 00 00 00 00 00 00 00 00 00 00 00 00 00 00 00 00 00 00 00 00 00 00 00 00 00 00 00 00 00 00 00 00 00 00 00 00 00 00 00 00 00 00 00 00 0F 0F 0F 0F 02 08 00 10 C1 87 86 10 F0 0F 07 84 13 E0 F1 F8 00 00 00 00 00 00 00 00 00 00 00 00 0F 0F 0F 0F 02 09 F8 80 88 87 84 30 F0 0F 07 83 E2 10 F1 F8 00 00 00 00 00 00 00 00 00 00 00 00 00 00 00 00 00 00 00 00 00 00 00 00 00 00 00 00 00 00 00 00 00 00 00 00 00 00 00 00 00 00 00 00 00 00 00 00 00 00 00 00 00 00 00 00 00 00 00 00 00 00 00 00 00 00 00 00 00 00 00 00 00 00 00 00 00 00 00 00 00 00 00 00 00 00 00 00 00 00 00 00 00 00 00 00 00 00 00 00 00 00 00 00 00 00 00 00 82 40 82 40 90 48 02 12 29 04 10 10 21 08 08 12 28 10 21 21 00 00 00 00 00 00 00 00 00 00 00 00 00 00 00 00 00 00 00 00 00 00 00 00 00 00 00 00 00 00 00 00 00 00 00 00 00 00 00 00 00 00 00 00 00 00 00 00 00 00 00 00 00 00 00 00 00 00 00 00 00 00 00 00 00 00 00 00 00 00 00 00 00 00 00 00 10 89 09 09 02 08 00 20 C1 88 46 11 08 11 88 44 12 11 09 00 00 00 00 00 00 00 00 00 00 00 00 00 00 00 00 00 00 00 00 80 00 00 00 00 00 00 00 00 00 00 00 00 00 00 00 00 00 00 00 00 00 00 00 00 00 00 00 00 00 00 00 00 00 00 00 00 00 00 00 00 00 00 00 00 00 00 00 00 00 00 00 00 00 00 00 00 00 00 00 00 00 00 00 00 00 00 00 00 00 00 00 00 00 00 00 00 00 00 00 00 00 00 00 00 00 00 00 00 00 00 00 00 00 00 00 00 00 00 00 00 00 00 00 00 00 00 00 00 00 00 00 00 00 00 00 00 00 00 00 00 84 40 42 21 10 88 02 1A 19 08 10 10 21 88 04 22 18 30 21 12 00 00 00 00 00 00 00 00 00 00 00 00 00 00 00 00 00 00 00 00 00 00 00 00 00 00 00 00 00 00 00 00 00 00 00 00 00 00 00 00 00 00 00 00 00 00 00 00 00 00 00 00 00 00 00 00 00 00 00 00 00 00 00 00 00 00 00 00 00 00 00 00 00 00 00 00 10 90 90 90 82 09 F8 20 E3 90 25 12 04 10 90 24 12 12 0D 00 00 00 00 00 00 00 00 00 00 00 00 00 00 00 00 00 00 00 00 00 00 00 00 00 00 00 00 00 00 00 00 00 00 00 00 00 00 00 00 00 00 00 00 00 00 00 00 00 00 00 00 00 00 00 00 00 00 00 00 00 00 00 00 00 00 00 00 00 00 00 00 00 00 00 00 00 00 00 00 00 00 00 00 00 00 00 00 00 00 00 00 00 00 00 00 00 00 00 00 00 00 00 00 00 00 00 00 00 F8 7E 3C 1E 1F 0F C0 C3 09 F0 1F 10 0C 41 03 C3 08 3F 9E 1E 00 00 00 00 00 00 00 00 00 00 00 00 F8 7E 3C 1E 1F 0F C2 0A 19 F0 10 1F A0 88 03 C2 18 3F 9E 1E 00 00 00 00 00 00 00 00 00 00 00 00 00 00 00 00 00 00 00 00 00 00 00 00 00 00 00 00 00 00 00 00 00 00 00 00 00 00 00 00 00 00 00 00 00 00 00 00 00 00 00 00 00 00 00 00 00 00 00 00 00 00 00 00 00 00 00 00 00 00 00 00 00 00 00 00 10 90 90 90 82 08 10 20 A2 90 25 92 04 18 10 24 12 12 01 00 00 00 00 00 00 00 00 00 00 00 00 00 00 00 00 00 00 00 00 00 00 00 00 00 00 00 00 00 00 00 00 00 00 00 00 00 00 00 00 00 00 00 00 00 00 00 00 00 00 00 00 00 00 00 00 00 00 00 00 00 00 00 00 00 00 00 00 00 00 00 00 00 00 00 00 00 00 00 00 00 00 00 00 00 00 00 00 00 00 00 00 00 00 00 00 00 00 00 00 00 00 00 00 00 00 00 00 00 00 00 00 00 00 00 00 00 00 00 00 00 00 00 00 00 00 00 00 00 00 00 00 00 00 00 00 00 00 00 00 00 00 00 00 01 90 80 90 80 10 21 21 A5 24 04 08 10 80 00 00 00 00 00 00 00 00 00 00 00 00 00 00 00 00 00 00 00 00 00 00 00 00 00 00 00 00 00 00 00 00 00 00 00 00 00 00 00 00 00 00 00 00 00 00 00 00 00 00 00 00 00 00 00 00 00 00 00 00 00 00 00 00 00 00 00 00 00 00 00 00 00 00 00 00 00 00 00 00 20 40 90 27 C0 81 F1 F0 E3 E0 80 10 81 01 C0 84 09 F0 00 00 00 00 00 00 00 00 00 00 00 00 00 00 00 00 00 00 00 00 00 00 00 00 00 00 00 00 00 00 00 00 00 00 00 00 00 00 00 00 00 00 00 00 00 00 00 00 00 00 00 00 00 00 00 00 00 00 00 00 00 00 00 00 00 00 00 00 00 00 00 00 00 00 00 00 00 00 00 00 00 00 00 00 00 00 00 00 00 00 00 00 00 00 00 00 00 00 00 00 00 00 00 00 00 00 00 00 00 00 00 00 00 F1 F8 F0 F0 10 1E 0C 30 67 C4 0F CF 00 00 00 00 00 00 00 00 00 00 00 00 00 00 00 00 00 00 00 00 E0 80 F1 F8 10 1E 20 A2 24 07 EF CF 00 00 00 00 00 00 00 00 00 00 00 00 00 00 00 00 00 00 00 00 00 00 00 00 00 00 00 00 00 00 00 00 00 00 00 00 00 00 00 00 00 00 00 00 00 00 00 00 00 00 00 00 00 00 00 00 00 00 00 00 00 00 00 00 00 00 00 00 00 00 00 00 00 00 00 00 00 00 00 00 00 20 40 90 24 00 81 11 00 12 00 80 10 81 00 20 84 09 00 00 00 00 00 00 00 00 00 00 00 00 00 00 00 00 00 00 00 00 00 00 00 00 00 00 00 00 00 00 00 00 00 00 00 00 00 00 00 00 00 00 00 00 00 00 00 00 00 00 00 00 00 00 00 00 00 00 00 00 00 00 00 00 00 00 00 00 00 00 00 00 00 00 00 00 00 00 00 00 00 00 00 00 00 00 00 00 00 00 00 00 00 00 00 00 00 00 00 00 00 00 00 00 00 00 00 00 00 00 00 00 00 01 98 18 90 88 30 23 0A 30 64 24 08 11 80 00 00 00 00 00 00 00 00 00 00 00 00 00 00 00 00 00 00 00 00 00 00 00 00 00 00 00 00 00 00 00 00 00 00 00 00 00 00 00 00 00 00 00 00 00 00 00 00 00 00 00 00 00 00 00 00 00 00 00 00 00 00 00 00 00 00 00 00 00 00 00 00 00 00 00 00 00 00 00 00 00 00 00 00 00 00 00 00 00 00 00 00 00 00 00 00 00 00 00 00 00 00 00 00 00 00 00 00 00 00 00 00 20 40 90 24 00 81 09 02 12 00 80 10 81 04 20 84 09 00 00 00 00 00 00 00 00 00 00 00 00 00 00 00 00 00 00 00 00 00 00 00 00 00 00 00 00 00 00 00 00 00 00 00 00 00 00 00 00 00 00 00 00 00 00 00 00 00 00 00 00 00 00 00 00 00 00 00 00 00 00 00 00 00 00 00 00 00 00 00 00 00 00 00 00 00 00 00 00 00 00 00 00 00 00 00 00 00 00 00 00 00 00 00 00 00 00 00 00 00 00 00 00 00 00 00 00 00 00 00 00 00 01 08 11 09 08 50 21 0A 38 E4 24 08 10 80 00 00 00 00 00 00 00 00 00 00 00 00 00 00 00 00 00 00 00 00 00 00 00 00 00 00 00 00 00 00 00 00 00 00 00 00 00 00 00 00 00 00 00 00 00 00 00 00 00 00 00 00 00 00 00 00 00 00 00 00 00 00 00 00 00 00 00 00 00 00 00 00 00 00 00 00 00 00 00 00 00 00 00 00 00 00 00 00 00 00 00 00 00 00 00 00 00 00 00 00 00 00 00 00 00 00 00 00 00 00 00 00 20 21 08 44 01 01 09 02 12 00 80 10 42 04 20 82 11 00 00 00 00 00 00 00 00 00 00 00 00 00 00 00 00 00 00 00 00 00 00 00 00 00 00 00 00 00 00 00 00 00 00 00 00 00 00 00 00 00 00 00 00 00 00 00 00 00 00 00 00 00 00 00 00 00 00 00 00 00 00 00 00 00 00 00 00 00 00 00 00 00 00 00 00 00 00 00 00 00 00 00 00 00 00 00 00 00 00 00 00 00 00 00 00 00 00 00 00 00 00 00 00 00 00 00 00 00 00 00 00 00 01 08 21 08 08 50 30 12 28 A4 24 08 18 00 00 00 00 00 00 00 00 00 00 00 00 00 00 00 00 00 00 00 00 00 00 00 00 00 00 00 00 00 00 00 00 00 00 00 00 00 00 00 00 00 00 00 00 00 00 00 00 00 00 00 00 00 00 00 00 00 00 00 00 00 00 00 00 00 00 00 00 00 00 00 00 00 00 00 00 00 00 00 00 00 20 1E 07 87 C0 21 F1 F9 E3 F7 F0 FE 3C 03 C7 F1 E1 F0 00 00 00 00 00 00 00 00 00 00 00 00 00 00 3F 1E 07 84 01 01 09 F9 E3 F0 80 10 3C 03 C0 81 E1 00 00 00 00 00 00 00 00 00 00 00 00 00 00 00 00 00 00 00 00 00 00 00 00 00 00 00 00 00 00 00 00 00 00 00 00 00 00 00 00 00 00 00 00 00 00 00 00 00 00 00 00 00 00 00 00 00 00 00 00 00 00 00 00 00 00 00 00 00 00 00 00 00 00 00 00 00 00 00 00 00 00 00 00 00 00 00 00 00 00 00 00 00 00 00 00 00 00 00 00 00 00 00 00 00 00 00 00 00 00 00 00 00 01 98 21 08 10 90 0E 13 28 A7 C4 0F 87 00 00 00 00 00 00 00 00 00 00 00 00 00 00 00 00 00 00 00 00 00 00 00 00 00 00 00 00 00 00 00 00 00 00 00 00 00 00 00 00 00 00 00 00 00 00 00 00 00 00 00 00 00 00 00 00 00 00 00 00 00 00 00 00 00 00 00 00 00 00 00 00 00 00 00 00 00 00 00 00 00 20 21 08 44 20 41 09 02 32 00 80 10 42 04 60 82 11 08 00 00 00 00 00 00 00 00 00 00 00 00 00 00 00 00 00 00 01 00 00 00 00 00 00 00 00 00 00 00 00 00 00 00 00 00 00 00 00 00 00 00 00 00 00 00 00 00 00 00 00 00 00 00 00 00 00 00 00 00 00 00 00 00 00 00 00 00 00 00 00 00 00 00 00 00 00 00 00 00 00 00 00 00 00 00 00 00 00 00 00 00 00 00 00 00 00 00 00 00 00 00 00 00 00 00 00 00 00 00 00 00 00 00 00 00 00 00 00 00 00 00 00 00 00 00 00 00 00 00 00 00 00 00 00 00 00 00 00 00 00 00 00 00 00 E8 41 08 21 10 01 1F 25 24 04 08 00 80 00 00 00 00 00 00 00 00 00 00 00 00 00 00 00 00 00 00 00 00 00 00 00 00 00 00 00 00 00 00 00 00 00 00 00 00 00 00 00 00 00 00 00 00 00 00 00 00 00 00 00 00 00 00 00 00 00 00 00 00 00 00 00 00 00 00 00 00 00 00 00 00 00 00 00 00 00 00 00 00 20 40 90 24 20 41 09 02 12 00 80 10 81 04 20 84 09 08 00 00 00 00 00 00 00 00 00 00 00 00 00 00 00 00 00 00 00 00 00 00 00 00 00 00 00 00 00 00 00 00 00 00 00 00 00 00 00 00 00 00 00 00 00 00 00 00 00 00 00 00 00 00 00 00 00 00 00 00 00 00 00 00 00 00 00 00 00 00 00 00 00 00 00 00 00 00 00 00 00 00 00 00 00 00 00 00 00 00 00 00 00 00 00 00 00 00 00 00 00 00 00 00 00 00 00 00 00 00 00 00 00 00 00 00 00 00 00 00 00 00 00 00 00 00 00 00 00 00 00 00 00 00 00 00 00 00 00 00 00 00 00 00 01 08 41 08 43 F8 21 21 25 24 04 08 10 80 00 00 00 00 00 00 00 00 00 00 00 00 00 00 00 00 00 00 00 00 00 00 00 00 00 00 00 00 00 00 00 00 00 00 00 00 00 00 00 00 00 00 00 00 00 00 00 00 00 00 00 00 00 00 00 00 00 00 00 00 00 00 00 00 00 00 00 00 00 00 00 00 00 00 00 00 00 00 00 00 20 40 90 24 20 41 09 03 02 00 80 10 81 06 00 84 09 08 00 00 00 00 00 00 00 00 00 00 00 00 00 00 00 00 00 00 00 00 00 00 00 00 00 00 00 00 00 00 00 00 00 00 00 00 00 00 00 00 00 00 00 00 00 00 00 00 00 00 00 00 00 00 00 00 00 00 00 00 00 00 00 00 00 00 00 00 00 00 00 00 00 00 00 00 00 00 00 00 00 00 00 00 00 00 00 00 00 00 00 00 00 00 00 00 00 00 00 00 00 00 00 00 00 00 00 00 00 00 00 00 00 00 00 00 00 00 00 00 00 00 00 00 00 00 00 00 00 00 00 00 00 00 00 00 00 00 00 00 00 00 00 00 00 00 00 00 00 00 00 00 00 00 00 00 00 00 00 00 00 00 00 00 00 00 00 47 47 47 47 47 47 47 47 47 47 47 47 47 47 47 47 47 47 47 47 47 47 47 47 47 47 47 47 47 47 47 47 47 47 47 47 47 47 47 47 47 47 47 47 47 47 47 47 47 47 47 47 47 47 47 47 47 47 47 47 47 47 47 47 47 47 47 47 47 47 47 47 47 47 47 47 47 47 47 47 47 47 47 47 47 47 47 47 47 47 47 47 47 47 47 47 47 47 47 47 47 47 47 47 47 47 47 47 47 47 47 47 47 47 47 47 47 47 47 47 47 47 47 47 47 47 47 47 47 47 47 47 47 47 47 47 47 47 47 47 47 47 47 47 47 47 47 47 47 47 47 47 47 47 47 47 47 47 47 47 47 47 47 47 47 47 47 47 47 47 47 47 47 47 47 47 47 47 47 47 47 47 47 47 47 47 47 47 47 47 47 47 47 47 47 47 47 47 47 47 47 47 47 47 47 47 47 47 47 47 47 47 47 47 47 47 47 47 47 47 47 47 47 47 47 47 47 47 47 47 47 47 47 47 47 47 47 47 47 47 47 47 47 47 47 47 47 47 47 47 47 47 47 47 47 47 47 47 47 47 47 47 47 47 47 47 47 47 47 47 47 47 47 47 47 47 47 47 47 47 47 47 47 47 47 47 47 47 47 47 47 47 47 47 47 47 47 47 47 47 47 47 47 47 47 47 47 47 47 47 47 47 47 47 47 47 47 47 47 47 47 47 47 47 47 47 47 47 47 47 47 47 47 47 47 47 47 47 47 47 47 47 47 47 47 47 47 47 47 47 47 47 47 47 47 47 47 47 47 47 47 47 47 47 47 47 47 47 47 47 47 47 47 47 47 47 47 47 47 47 47 47 47 47 47 47 47 47 47 47 47 47 47 47 47 47 47 47 47 47 47 47 47 47 47 47 47 47 47 47 47 47 47 47 47 47 47 47 47 47 47 47 47 47 47 47 47 47 47 47 47 47 47 47 47 47 47 47 47 47 47 47 47 47 47 47 47 47 47 47 47 47 47 47 47 47 47 47 47 47 47 47 47 47 47 47 47 47 47 47 47 47 47 47 47 47 47 47 47 47 47 47 47 47 47 47 47 47 47 47 47 47 47 47 47 47 47 47 47 47 47 47 47 47 47 47 47 47 47 47 47 47 47 47 47 47 47 47 47 47 47 47 47 47 47 47 47 47 47 47 47 47 47 47 47 47 47 47 47 47 47 47 47 47 47 47 47 47 47 47 47 47 47 47 47 47 47 47 47 47 47 47 47 47 47 47 47 47 47 47 47 47 47 47 47 47 47 47 47 47 47 47 47 47 47 47 47 47 47 47 47 47 47 47 47 47 47 47 47 47 47 47 47 47 47 47 47 47 47 47 47 47 47 47 47 47 47 47 47 47 47 47 47 47 47 47 47 47 47 47 47 47 47 47 47 47 47 47 47 47 47 47 47 47 47 47 47 47 47 47 47 47 47 47 47 47 47 47 47 47 47 47 47 47 47 47 47 47 47 47 47 47 	screen_data: MDAT "screen.bin"
