ASxxxx Linker V05.50.4-SDLD,  page 1.
Hexadecimal  [32-Bits]

Area                                    Addr        Size        Decimal Bytes (Attributes)
--------------------------------        ----        ----        ------- ----- ------------
.  .ABS.                            00000000    00000000 =           0. bytes (ABS,CON)

         Value  Global                             Global Defined In Module
         -----  --------------------------------   ------------------------
     00000000  .__.ABS.                           speex_filter
     00000000  l__QTABLE
     00000000  l__TABLES
     00000000  s__QTABLE
     00000000  s__QTABLE0
     00000000  s__TABLES
     00000000  s__TABLES0
     00000000  s__TABLES1
     00000001  _immutable_playback_code           speex_filter
     00000400  l__QTABLE0
     00000411  l__DATA
     00000D00  l__TABLES1
     00001924  l__TABLES0
     000022B9  l__CODE
     00007200  _coefficient_start                 speex_decode
     00007C00  _coefficient_end                   speex_decode
     00007C00  _innovation_start                  speex_decode
     00008000  _innovation_end                    speex_decode
     00008000  s__CODE
     0000B000  s__DATA

ASxxxx Linker V05.50.4-SDLD,  page 2.
Hexadecimal  [32-Bits]

Area                                    Addr        Size        Decimal Bytes (Attributes)
--------------------------------        ----        ----        ------- ----- ------------
_CODE                               00008000    000022B9 =        8889. bytes (REL,CON)

         Value  Global                             Global Defined In Module
         -----  --------------------------------   ------------------------
     00008000  _entry                             speex_decode
     00008082  _complete                          speex_decode
     000080C2  _zx_clip                           speex_decode
     000080F7  mulq14                             speex_decode
     000081CA  cosine                             speex_decode
     000081E5  _cos36_aligned                     speex_decode
     000081F3  _cos36_polynomial                  speex_decode
     00008226  _cos36_p13                         speex_decode
     0000823E  _zx_speex_decode                   speex_decode
     00008346  _pitch27_setup                     speex_decode
     0000835F  _pitch27_general_ready             speex_decode
     00008379  _pitch_init_start                  speex_decode
     00008380  _pitch_init_end                    speex_decode
     000083A8  _pitch_add_0_start                 speex_decode
     000083AF  _pitch_add_0_end                   speex_decode
     000083D7  _pitch_add_1_start                 speex_decode
     000083DE  _pitch_add_1_end                   speex_decode
     00008406  _pitch_add_2_start                 speex_decode
     0000840D  _pitch_add_2_end                   speex_decode
     0000840D  _pitch_flush_start                 speex_decode
     00008416  _pitch_flush_end                   speex_decode
     00008493  _exc_shift_start                   speex_decode
     000084A0  _exc_shift_end                     speex_decode
     000084C2  _pitch27_fast_ready                speex_decode
     000084DC  _pitch27_fast_sum_start            speex_decode
     00008529  _pitch27_fast_sum_end              speex_decode
     000085A6  pitch27_fast__exc_shift_start      speex_decode
     000085B3  pitch27_fast__exc_shift_end        speex_decode
     00008A26  enforce_margin                     speex_decode
     00008BDD  _zx_speex_lpc                      speex_decode
     000093E2  _mul_s8                            speex_decode
     00009477  mulq12                             speex_decode
     00009511  _build_innovation                  speex_decode
     0000957A  _innov_register_loop               speex_decode
     00009594  _innov_register_done               speex_decode
     00009595  _prepare_coefficients              speex_decode
     00009608  _coef35_group_0_start              speex_decode
     0000960E  _coef35_group_0_end                speex_decode
     0000962E  _coef_neg_0_start                  speex_decode
     0000963F  _coef_neg_0_end                    speex_decode
     000096B5  _coef35_group_1_start              speex_decode
     000096BB  _coef35_group_1_end                speex_decode
     000096DB  _coef_neg_1_start                  speex_decode
     000096EC  _coef_neg_1_end                    speex_decode
     00009762  _coef35_group_2_start              speex_decode
     00009768  _coef35_group_2_end                speex_decode
     00009788  _coef_neg_2_start                  speex_decode
     00009795  _coef_neg_2_end                    speex_decode
     0000980B  _coef35_group_3_start              speex_decode
     00009810  _coef35_group_3_end                speex_decode
ASxxxx Linker V05.50.4-SDLD,  page 3.
Hexadecimal  [32-Bits]

Area                                    Addr        Size        Decimal Bytes (Attributes)
--------------------------------        ----        ----        ------- ----- ------------
_CODE                               00008000    000022B9 =        8889. bytes (REL,CON)

         Value  Global                             Global Defined In Module
         -----  --------------------------------   ------------------------
     00009818  _coef_neg_3_start                  speex_decode
     00009825  _coef_neg_3_end                    speex_decode
     000098B8  _split_nibbles                     speex_decode
     000098DF  _coefficient_product               speex_decode
     000098E1  _smc0                              speex_decode
     000098EA  _smc1                              speex_decode
     000098FB  _smc2                              speex_decode
     00009908  _smc3                              speex_decode
     00009917  _pitch_indirect                    speex_decode
     00009918  _pitch_const_m50                   speex_decode
     00009936  _pitch_const_m39                   speex_decode
     00009952  _pitch_const_m34                   speex_decode
     0000996C  _pitch_const_m31                   speex_decode
     00009984  _pitch_const_m26                   speex_decode
     0000999E  _pitch_const_m24                   speex_decode
     000099B6  _pitch_const_m23                   speex_decode
     000099D0  _pitch_const_m21                   speex_decode
     000099EC  _pitch_const_m19                   speex_decode
     00009A06  _pitch_const_m18                   speex_decode
     00009A1E  _pitch_const_m16                   speex_decode
     00009A32  _pitch_const_m15                   speex_decode
     00009A48  _pitch_const_m14                   speex_decode
     00009A5E  _pitch_const_m13                   speex_decode
     00009A76  _pitch_const_m12                   speex_decode
     00009A8C  _pitch_const_m11                   speex_decode
     00009AA4  _pitch_const_m10                   speex_decode
     00009ABA  _pitch_const_m9                    speex_decode
     00009AD0  _pitch_const_m8                    speex_decode
     00009AE2  _pitch_const_m7                    speex_decode
     00009AF6  _pitch_const_m6                    speex_decode
     00009B0A  _pitch_const_m5                    speex_decode
     00009B1E  _pitch_const_m2                    speex_decode
     00009B2C  _pitch_const_m1                    speex_decode
     00009B38  _pitch_const_0                     speex_decode
     00009B3C  _pitch_const_1                     speex_decode
     00009B41  _pitch_const_3                     speex_decode
     00009B4C  _pitch_const_4                     speex_decode
     00009B56  _pitch_const_5                     speex_decode
     00009B63  _pitch_const_8                     speex_decode
     00009B6F  _pitch_const_9                     speex_decode
     00009B7E  _pitch_const_10                    speex_decode
     00009B8D  _pitch_const_11                    speex_decode
     00009B9E  _pitch_const_13                    speex_decode
     00009BAF  _pitch_const_15                    speex_decode
     00009BC2  _pitch_const_16                    speex_decode
     00009BD0  _pitch_const_17                    speex_decode
     00009BE1  _pitch_const_18                    speex_decode
     00009BF2  _pitch_const_19                    speex_decode
     00009C05  _pitch_const_20                    speex_decode
     00009C16  _pitch_const_22                    speex_decode
     00009C29  _pitch_const_23                    speex_decode
ASxxxx Linker V05.50.4-SDLD,  page 4.
Hexadecimal  [32-Bits]

Area                                    Addr        Size        Decimal Bytes (Attributes)
--------------------------------        ----        ----        ------- ----- ------------
_CODE                               00008000    000022B9 =        8889. bytes (REL,CON)

         Value  Global                             Global Defined In Module
         -----  --------------------------------   ------------------------
     00009C3E  _pitch_const_24                    speex_decode
     00009C4F  _pitch_const_27                    speex_decode
     00009C64  _pitch_const_28                    speex_decode
     00009C77  _pitch_const_31                    speex_decode
     00009C8C  _pitch_const_32                    speex_decode
     00009C9C  _pitch_const_33                    speex_decode
     00009CAF  _pitch_const_34                    speex_decode
     00009CC2  _pitch_const_35                    speex_decode
     00009CD7  _pitch_const_36                    speex_decode
     00009CEA  _pitch_const_37                    speex_decode
     00009CFF  _pitch_const_38                    speex_decode
     00009D14  _pitch_const_44                    speex_decode
     00009D29  _pitch_const_45                    speex_decode
     00009D40  _pitch_const_46                    speex_decode
     00009D57  _pitch_const_47                    speex_decode
     00009D6E  _pitch_const_53                    speex_decode
     00009D85  _pitch_const_57                    speex_decode
     00009D9C  _pitch_const_60                    speex_decode
     00009DB3  _pitch_const_61                    speex_decode
     00009DCC  _pitch_const_65                    speex_decode
     00009DE1  _pitch_const_70                    speex_decode
     00009DF8  _pitch_const_89                    speex_decode
     00009E11  _pitch_const_97                    speex_decode
     00009E28  _zx_speex_filter                   speex_filter
     00009E3C  _synthesis_round_start             speex_filter
     00009E4D  _synthesis_shift_start             speex_filter
     00009E5F  _synthesis_shift_end               speex_filter
     00009E7E  _filter_feedback_start             speex_filter
     0000A153  _filter_emit                       speex_filter
     0000A17D  _zx_mul_table                      speex_filter
     0000A1E7  _word31_u8                         speex_filter
     0000A1ED  _word31_u8_nonzero                 speex_filter
     0000A25F  _q14_unsigned                      speex_filter
     0000A29A  _zx_mul8                           speex_filter
ASxxxx Linker V05.50.4-SDLD,  page 5.
Hexadecimal  [32-Bits]

Area                                    Addr        Size        Decimal Bytes (Attributes)
--------------------------------        ----        ----        ------- ----- ------------
_DATA                               0000B000    00000411 =        1041. bytes (REL,CON)

         Value  Global                             Global Defined In Module
         -----  --------------------------------   ------------------------
     0000B000  _packet_count                      speex_decode
     0000B002  _status                            speex_decode
     0000B004  excitation                         speex_decode
     0000B2C8  lsp                                speex_decode
     0000B2DC  interp                             speex_decode
     0000B2F0  next_lpc                           speex_decode
     0000B304  _zx_lpc                            speex_decode
     0000B318  _zx_memory                         speex_decode
     0000B384  _pcm                               speex_decode
     0000B3A4  _pitch27_gains                     speex_decode
     0000B3AA  _pitch27_period                    speex_decode
     0000B3AF  _pitch27_exc_ptr                   speex_decode
     0000B3B1  _pitch27_sample_index              speex_decode
     0000B3B6  _pitch_sum_state                   speex_decode
     0000B3BA  _q14_scratch_start                 speex_decode
     0000B3C4  _cos36_x2                          speex_decode
     0000B3C4  _q14_scratch_end                   speex_decode
     0000B3C7  _q14_sign                          speex_decode
     0000B3F1  _coef35_page_cursor                speex_decode
     0000B3F3  _coef35_unused_step                speex_decode
     0000B3FE  coef_cache_ptr                     speex_decode
     0000B403  _last_pcm16                        speex_filter
     0000B405  _filter_saved_sp                   speex_filter

ASxxxx Linker V05.50.4-SDLD,  page 6.
Hexadecimal  [32-Bits]

Area                                    Addr        Size        Decimal Bytes (Attributes)
--------------------------------        ----        ----        ------- ----- ------------
_TABLES0                            00000000    00001924 =        6436. bytes (ABS,CON)

         Value  Global                             Global Defined In Module
         -----  --------------------------------   ------------------------
ASxxxx Linker V05.50.4-SDLD,  page 7.
Hexadecimal  [32-Bits]

Area                                    Addr        Size        Decimal Bytes (Attributes)
--------------------------------        ----        ----        ------- ----- ------------
_TABLES1                            00000000    00000D00 =        3328. bytes (ABS,CON)

         Value  Global                             Global Defined In Module
         -----  --------------------------------   ------------------------
     00006F00  _pitch_gain_targets                speex_decode

ASxxxx Linker V05.50.4-SDLD,  page 8.
Hexadecimal  [32-Bits]

Area                                    Addr        Size        Decimal Bytes (Attributes)
--------------------------------        ----        ----        ------- ----- ------------
_QTABLE0                            00000000    00000400 =        1024. bytes (ABS,CON)

         Value  Global                             Global Defined In Module
         -----  --------------------------------   ------------------------
ASxxxx Linker V05.50.4-SDLD,  page 9.

Files Linked                              [ module(s) ]

decoder.rel                               [ speex_decode ]
filter.rel                                [ speex_filter ]

ASxxxx Linker V05.50.4-SDLD,  page 10.

User Base Address Definitions

_CODE = 0x8000
_DATA = 0xb000

