[aist#0:0/pcm_u8 @ 00000277fbb87100] Guessed Channel Layout: mono
Input #0, wav, from 'audiobook-beeper/experiments/ima-3bit-entertainer/source-preview.wav':
  Duration: 00:00:31.14, bitrate: 64 kb/s
  Stream #0:0: Audio: pcm_u8 ([1][0][0][0] / 0x0001), 8000 Hz, mono, u8, 64 kb/s
Stream mapping:
  Stream #0:0 -> #0:0 (pcm_u8 (native) -> pcm_s16le (native))
Output #0, null, to 'pipe:':
  Metadata:
    encoder         : Lavf62.12.101
  Stream #0:0: Audio: pcm_s16le, 192000 Hz, mono, s16, 3072 kb/s
    Metadata:
      encoder         : Lavc62.28.101 pcm_s16le
[Parsed_loudnorm_1 @ 00000277fbb9e240] 
{
	"input_i" : "-19.84",
	"input_tp" : "-1.31",
	"input_lra" : "8.20",
	"input_thresh" : "-30.02",
	"output_i" : "-17.21",
	"output_tp" : "-2.00",
	"output_lra" : "6.90",
	"output_thresh" : "-27.34",
	"normalization_type" : "dynamic",
	"target_offset" : "-0.79"
}
[out#0/null @ 00000277fbb0bd40] video:0KiB audio:8754KiB subtitle:0KiB other streams:0KiB global headers:0KiB muxing overhead: unknown
size=N/A time=00:00:23.40 bitrate=N/A speed=97.3x elapsed=0:00:00.24    
