ASxxxx Linker V05.50.4-SDLD,  page 1.
Hexadecimal  [32-Bits]

Area                                    Addr        Size        Decimal Bytes (Attributes)
--------------------------------        ----        ----        ------- ----- ------------
.  .ABS.                            00000000    00000000 =           0. bytes (ABS,CON)

         Value  Global                             Global Defined In Module
         -----  --------------------------------   ------------------------
     00000000  .__.ABS.                           speex_filter
     00000000  l__QTABLE
     00000000  l__TABLES
     00000000  s__QTABLE
     00000000  s__QTABLE0
     00000000  s__TABLES
     00000000  s__TABLES0
     00000000  s__TABLES1
     00000000  s__TABLES2
     00000001  _immutable_playback_code           speex_filter
     00000100  l__TABLES1
     00000400  l__QTABLE0
     00000411  l__DATA
     00000D00  l__TABLES2
     00001F72  l__TABLES0
     00002356  l__CODE
     00007200  _coefficient_start                 speex_decode
     00007C00  _coefficient_end                   speex_decode
     00007C00  _innovation_start                  speex_decode
     00008000  _innovation_end                    speex_decode
     00008000  s__CODE
     0000B000  s__DATA

ASxxxx Linker V05.50.4-SDLD,  page 2.
Hexadecimal  [32-Bits]

Area                                    Addr        Size        Decimal Bytes (Attributes)
--------------------------------        ----        ----        ------- ----- ------------
_CODE                               00008000    00002356 =        9046. bytes (REL,CON)

         Value  Global                             Global Defined In Module
         -----  --------------------------------   ------------------------
     00008000  _entry                             speex_decode
     00008082  _complete                          speex_decode
     000080C2  _zx_clip                           speex_decode
     000080F7  mulq14                             speex_decode
     000081CA  cosine                             speex_decode
     00008240  _zx_speex_decode                   speex_decode
     00008348  _pitch27_setup                     speex_decode
     00008361  _pitch27_general_ready             speex_decode
     0000837B  _pitch_init_start                  speex_decode
     00008382  _pitch_init_end                    speex_decode
     000083AA  _pitch_add_0_start                 speex_decode
     000083B1  _pitch_add_0_end                   speex_decode
     000083D9  _pitch_add_1_start                 speex_decode
     000083E0  _pitch_add_1_end                   speex_decode
     00008408  _pitch_add_2_start                 speex_decode
     0000840F  _pitch_add_2_end                   speex_decode
     0000840F  _pitch_flush_start                 speex_decode
     00008418  _pitch_flush_end                   speex_decode
     00008495  _exc_shift_start                   speex_decode
     000084A2  _exc_shift_end                     speex_decode
     000084C4  _pitch27_fast_ready                speex_decode
     000084DE  _pitch27_fast_sum_start            speex_decode
     0000852B  _pitch27_fast_sum_end              speex_decode
     000085A8  pitch27_fast__exc_shift_start      speex_decode
     000085B5  pitch27_fast__exc_shift_end        speex_decode
     00008A28  enforce_margin                     speex_decode
     00008BDF  _zx_speex_lpc                      speex_decode
     000093E4  _mul_s8                            speex_decode
     00009479  mulq12                             speex_decode
     00009513  _build_innovation                  speex_decode
     0000957C  _innov_register_loop               speex_decode
     00009596  _innov_register_done               speex_decode
     00009597  _prepare_coefficients              speex_decode
     00009634  _coef_neg_0_start                  speex_decode
     00009645  _coef_neg_0_end                    speex_decode
     00009709  _coef_neg_1_start                  speex_decode
     0000971A  _coef_neg_1_end                    speex_decode
     000097DE  _coef_neg_2_start                  speex_decode
     000097EB  _coef_neg_2_end                    speex_decode
     00009895  _coef_neg_3_start                  speex_decode
     000098A2  _coef_neg_3_end                    speex_decode
     00009955  _split_nibbles                     speex_decode
     0000997C  _coefficient_product               speex_decode
     0000997E  _smc0                              speex_decode
     00009987  _smc1                              speex_decode
     00009998  _smc2                              speex_decode
     000099A5  _smc3                              speex_decode
     000099B4  _pitch_indirect                    speex_decode
     000099B5  _pitch_const_m50                   speex_decode
     000099D3  _pitch_const_m39                   speex_decode
ASxxxx Linker V05.50.4-SDLD,  page 3.
Hexadecimal  [32-Bits]

Area                                    Addr        Size        Decimal Bytes (Attributes)
--------------------------------        ----        ----        ------- ----- ------------
_CODE                               00008000    00002356 =        9046. bytes (REL,CON)

         Value  Global                             Global Defined In Module
         -----  --------------------------------   ------------------------
     000099EF  _pitch_const_m34                   speex_decode
     00009A09  _pitch_const_m31                   speex_decode
     00009A21  _pitch_const_m26                   speex_decode
     00009A3B  _pitch_const_m24                   speex_decode
     00009A53  _pitch_const_m23                   speex_decode
     00009A6D  _pitch_const_m21                   speex_decode
     00009A89  _pitch_const_m19                   speex_decode
     00009AA3  _pitch_const_m18                   speex_decode
     00009ABB  _pitch_const_m16                   speex_decode
     00009ACF  _pitch_const_m15                   speex_decode
     00009AE5  _pitch_const_m14                   speex_decode
     00009AFB  _pitch_const_m13                   speex_decode
     00009B13  _pitch_const_m12                   speex_decode
     00009B29  _pitch_const_m11                   speex_decode
     00009B41  _pitch_const_m10                   speex_decode
     00009B57  _pitch_const_m9                    speex_decode
     00009B6D  _pitch_const_m8                    speex_decode
     00009B7F  _pitch_const_m7                    speex_decode
     00009B93  _pitch_const_m6                    speex_decode
     00009BA7  _pitch_const_m5                    speex_decode
     00009BBB  _pitch_const_m2                    speex_decode
     00009BC9  _pitch_const_m1                    speex_decode
     00009BD5  _pitch_const_0                     speex_decode
     00009BD9  _pitch_const_1                     speex_decode
     00009BDE  _pitch_const_3                     speex_decode
     00009BE9  _pitch_const_4                     speex_decode
     00009BF3  _pitch_const_5                     speex_decode
     00009C00  _pitch_const_8                     speex_decode
     00009C0C  _pitch_const_9                     speex_decode
     00009C1B  _pitch_const_10                    speex_decode
     00009C2A  _pitch_const_11                    speex_decode
     00009C3B  _pitch_const_13                    speex_decode
     00009C4C  _pitch_const_15                    speex_decode
     00009C5F  _pitch_const_16                    speex_decode
     00009C6D  _pitch_const_17                    speex_decode
     00009C7E  _pitch_const_18                    speex_decode
     00009C8F  _pitch_const_19                    speex_decode
     00009CA2  _pitch_const_20                    speex_decode
     00009CB3  _pitch_const_22                    speex_decode
     00009CC6  _pitch_const_23                    speex_decode
     00009CDB  _pitch_const_24                    speex_decode
     00009CEC  _pitch_const_27                    speex_decode
     00009D01  _pitch_const_28                    speex_decode
     00009D14  _pitch_const_31                    speex_decode
     00009D29  _pitch_const_32                    speex_decode
     00009D39  _pitch_const_33                    speex_decode
     00009D4C  _pitch_const_34                    speex_decode
     00009D5F  _pitch_const_35                    speex_decode
     00009D74  _pitch_const_36                    speex_decode
     00009D87  _pitch_const_37                    speex_decode
     00009D9C  _pitch_const_38                    speex_decode
ASxxxx Linker V05.50.4-SDLD,  page 4.
Hexadecimal  [32-Bits]

Area                                    Addr        Size        Decimal Bytes (Attributes)
--------------------------------        ----        ----        ------- ----- ------------
_CODE                               00008000    00002356 =        9046. bytes (REL,CON)

         Value  Global                             Global Defined In Module
         -----  --------------------------------   ------------------------
     00009DB1  _pitch_const_44                    speex_decode
     00009DC6  _pitch_const_45                    speex_decode
     00009DDD  _pitch_const_46                    speex_decode
     00009DF4  _pitch_const_47                    speex_decode
     00009E0B  _pitch_const_53                    speex_decode
     00009E22  _pitch_const_57                    speex_decode
     00009E39  _pitch_const_60                    speex_decode
     00009E50  _pitch_const_61                    speex_decode
     00009E69  _pitch_const_65                    speex_decode
     00009E7E  _pitch_const_70                    speex_decode
     00009E95  _pitch_const_89                    speex_decode
     00009EAE  _pitch_const_97                    speex_decode
     00009EC5  _zx_speex_filter                   speex_filter
     00009ED9  _synthesis_round_start             speex_filter
     00009EEA  _synthesis_shift_start             speex_filter
     00009EFC  _synthesis_shift_end               speex_filter
     00009F1B  _filter_feedback_start             speex_filter
     0000A1F0  _filter_emit                       speex_filter
     0000A21A  _zx_mul_table                      speex_filter
     0000A284  _word31_u8                         speex_filter
     0000A28A  _word31_u8_nonzero                 speex_filter
     0000A2FC  _q14_unsigned                      speex_filter
     0000A337  _zx_mul8                           speex_filter

ASxxxx Linker V05.50.4-SDLD,  page 5.
Hexadecimal  [32-Bits]

Area                                    Addr        Size        Decimal Bytes (Attributes)
--------------------------------        ----        ----        ------- ----- ------------
_DATA                               0000B000    00000411 =        1041. bytes (REL,CON)

         Value  Global                             Global Defined In Module
         -----  --------------------------------   ------------------------
     0000B000  _packet_count                      speex_decode
     0000B002  _status                            speex_decode
     0000B004  excitation                         speex_decode
     0000B2C8  lsp                                speex_decode
     0000B2DC  interp                             speex_decode
     0000B2F0  next_lpc                           speex_decode
     0000B304  _zx_lpc                            speex_decode
     0000B318  _zx_memory                         speex_decode
     0000B384  _pcm                               speex_decode
     0000B3A4  _pitch27_gains                     speex_decode
     0000B3AA  _pitch27_period                    speex_decode
     0000B3AF  _pitch27_exc_ptr                   speex_decode
     0000B3B1  _pitch27_sample_index              speex_decode
     0000B3B6  _pitch_sum_state                   speex_decode
     0000B3BA  _q14_scratch_start                 speex_decode
     0000B3C4  _q14_scratch_end                   speex_decode
     0000B3C7  _q14_sign                          speex_decode
     0000B3FE  coef_cache_ptr                     speex_decode
     0000B403  _last_pcm16                        speex_filter
     0000B405  _filter_saved_sp                   speex_filter

ASxxxx Linker V05.50.4-SDLD,  page 6.
Hexadecimal  [32-Bits]

Area                                    Addr        Size        Decimal Bytes (Attributes)
--------------------------------        ----        ----        ------- ----- ------------
_TABLES0                            00000000    00001F72 =        8050. bytes (ABS,CON)

         Value  Global                             Global Defined In Module
         -----  --------------------------------   ------------------------
ASxxxx Linker V05.50.4-SDLD,  page 7.
Hexadecimal  [32-Bits]

Area                                    Addr        Size        Decimal Bytes (Attributes)
--------------------------------        ----        ----        ------- ----- ------------
_TABLES1                            00000000    00000100 =         256. bytes (ABS,CON)

         Value  Global                             Global Defined In Module
         -----  --------------------------------   ------------------------
ASxxxx Linker V05.50.4-SDLD,  page 8.
Hexadecimal  [32-Bits]

Area                                    Addr        Size        Decimal Bytes (Attributes)
--------------------------------        ----        ----        ------- ----- ------------
_TABLES2                            00000000    00000D00 =        3328. bytes (ABS,CON)

         Value  Global                             Global Defined In Module
         -----  --------------------------------   ------------------------
     00006F00  _pitch_gain_targets                speex_decode

ASxxxx Linker V05.50.4-SDLD,  page 9.
Hexadecimal  [32-Bits]

Area                                    Addr        Size        Decimal Bytes (Attributes)
--------------------------------        ----        ----        ------- ----- ------------
_QTABLE0                            00000000    00000400 =        1024. bytes (ABS,CON)

         Value  Global                             Global Defined In Module
         -----  --------------------------------   ------------------------
ASxxxx Linker V05.50.4-SDLD,  page 10.

Files Linked                              [ module(s) ]

decoder.rel                               [ speex_decode ]
filter.rel                                [ speex_filter ]

ASxxxx Linker V05.50.4-SDLD,  page 11.

User Base Address Definitions

_CODE = 0x8000
_DATA = 0xb000

