                 	
                 	; IMA ADPCM -> 16-bit predictor -> PCM8 -> live beeper PDM.
                 	; Authoritative source: assemble this file with pyz80 1.3.0. Python supplies
                 	; config.inc, decoder-table.bin and screen.bin, then packages player.bin.
                 	; Example from the prepared assembly directory:
                 	;   python -m pyz80.pyz80 --obj=player.bin --lstfile=player.lst -s .* ima-player.asm
                 	;
                 	; Playback register contract (interrupts DISABLED, no ROM calls):
                 	;   IX    unsigned biased predictor: signed PCM16 + 32768, saturated 0..65535.
                 	;   HL    next 64-byte IMA row; lookup sets bit 0 to the delta sign, then
                 	;         the final slot clears that tag before the next nibble lookup.
                 	;   DE    packed input pointer; low nibble first, increment after high nibble.
                 	;   BC/AF decoder scratch and canonical 7FFD paging port.
                 	;   IY    current bank's tail routine (JP (IY), not CALL).
                 	;   A'    modulo-256 PDM error; D' current PCM8 level; E' bit pipeline.
                 	;   BC'   10FEh: even ULA port, uncontended high address on Spectrum 128.
                 	;   SP    READ-ONLY TABLE CURSOR! No PUSH/CALL/RET or interrupts in playback.
                 	;         The loader alone uses the real stack at 6000h (5F00..5FFF reserved).
                 	;
                 	; Each table entry is [signed modular delta:word, next-row|negative:word].
                 	; 89 rows * 16 nibbles * 4 bytes = 5696 bytes. The delta uses the IMA-WAV /
                 	; FFmpeg WAV shift/add rounding: (step>>3) plus step, step>>1 and step>>2
                 	; selected by the magnitude's three bits. Each shift truncates. Negative zero
                 	; has a CLEAR sign tag so that unsigned carry clipping handles it correctly.
                 	;
                 	; Timing below is Z80 CPU T-states, excluding ULA contention and disk ROM.
                 	; Low nibble: 439 T; ordinary high: 453 T (892 T per packed byte).
                 	; 256-byte input-page crossing: +14 T. Bank crossing: another +304 T.
                 	; All output holds <=81 T natively; cold Fuse measures real ULA delays.
                 	; Baseline PCM8: 441 T/sample and 10 pulses; IMA averages 446 T and 6 pulses.
                 	; Moving tag clearing to the tail replaces AND 252 (7 T) with RES 0,L (8 T):
                 	; +1 T/sample, but the contended input-read slot shrinks from 81 to 74 T.
                 	; LD A,IXH uses the standard undocumented DD 7C instruction (8 T).
                 	
                 	
8000              	initial_predictor: EQU 0
8000              	initial_index: EQU 0
8000              	disk_0: EQU 1033
8000              	address_0: EQU 49152
8000              	sectors_0: EQU 64
8000              	disk_1: EQU 2057
8000              	address_1: EQU 49152
8000              	sectors_1: EQU 64
8000              	disk_2: EQU 3081
8000              	address_2: EQU 49152
8000              	sectors_2: EQU 64
8000              	disk_3: EQU 4105
8000              	address_3: EQU 49152
8000              	sectors_3: EQU 64
8000              	disk_4: EQU 5129
8000              	address_4: EQU 49152
8000              	sectors_4: EQU 64
8000              	disk_5: EQU 6153
8000              	address_5: EQU 49152
8000              	sectors_5: EQU 64
8000              	disk_6: EQU 7177
8000              	address_6: EQU 56576
8000              	sectors_6: EQU 35
8000              	disk_7: EQU 7692
8000              	address_7: EQU 57344
8000              	sectors_7: EQU 32
8000              	        INCLUDE "config.inc"
8000              	        ORG 0x8000
                 	
                 	; 48 T total = 32-T modulator + 16 T to preserve decoder registers/flags.
                 	; Carry is inserted into E' bit 7, reaches EAR bit 4 three pulses later.
                 	; Clearing bit 3 keeps MIC and border zero, independent of audio data.
8000              	PULSE: MACRO
8000              	        ASSERT \0 >= 0          ; also declares label parameter to pyz80
8000              	        EXX                     ; 4: select BC'/DE'/HL'
8000              	        EX AF,AF'               ; 4: select PDM accumulator
8000              	        ADD A,D                 ; 4: add PCM8, carry is the new PDM bit
8000              	        RR E                    ; 8: advance three-bit output pipeline
8000              	        RES 3,E                 ; 8: clear bits below EAR
8000              	\0:     OUT (C),E               ; 12: write EAR; label used by verification
8000              	        EX AF,AF'               ; 4: restore decoder flags exactly
8000              	        EXX                     ; 4: restore decoder registers
8000              	        ENDM
                 	
                 	; Publish candidate A as the next PCM level; preserve PDM A'/E'. 12 T.
8000              	TAKE_SAMPLE: MACRO
8000              	        EXX
8000              	        LD D,A
8000              	        EXX
8000              	        ENDM
                 	
                 	; Loader-only macro. Full 7FFD port avoids aliases affecting 1FFD on +3.
8000              	LOAD_BANK: MACRO
8000              	        LD BC,0x7FFD
8000              	        LD A,\0+16
8000              	        OUT (C),A
8000              	        LD DE,\1                ; D=track, E=sector within track (0..15)
8000              	        LD (disk_position),DE
8000              	        LD HL,\2
8000              	        LD B,\3
8000              	        CALL read_n
8000              	        ENDM
                 	
8000              	SILENCE_AY: MACRO
8000              	        LD BC,0xFFFD
8000              	        LD A,\0
8000              	        OUT (C),A
8000              	        LD BC,0xBFFD
8000              	        XOR A
8000              	        OUT (C),A
8000              	        ENDM
                 	
8000 F3           	start:  DI
8001 31 00 60     	        LD SP,0x6000
8004 FD 21 3A 5C  	        LD IY,0x5C3A            ; ROM system variables during disk loading
8008 ED 56        	        IM 1
800A AF           	        XOR A
800B D3 FE        	        OUT (0xFE),A
800D 21 00 9D     	        LD HL,screen_data       ; screen staging is reused for bank-2 audio
8010 11 00 40     	        LD DE,0x4000
8013 01 00 1B     	        LD BC,6912
8016 ED B0        	        LDIR
8018 FB           	        EI
8019 01 FD 7F     		LD BC,0x7FFD
801C 3E 10        		LD A,0+16
801E ED 79        		OUT (C),A
8020 11 09 04     		LD DE,disk_0
8023 ED 53 13 85  		LD (disk_position),DE
8027 21 00 C0     		LD HL,address_0
802A 06 40        		LD B,sectors_0
802C CD F1 84     		CALL read_n
802F              	        LOAD_BANK 0, disk_0, address_0, sectors_0
802F 01 FD 7F     		LD BC,0x7FFD
8032 3E 14        		LD A,4+16
8034 ED 79        		OUT (C),A
8036 11 09 08     		LD DE,disk_1
8039 ED 53 13 85  		LD (disk_position),DE
803D 21 00 C0     		LD HL,address_1
8040 06 40        		LD B,sectors_1
8042 CD F1 84     		CALL read_n
8045              	        LOAD_BANK 4, disk_1, address_1, sectors_1
8045 01 FD 7F     		LD BC,0x7FFD
8048 3E 16        		LD A,6+16
804A ED 79        		OUT (C),A
804C 11 09 0C     		LD DE,disk_2
804F ED 53 13 85  		LD (disk_position),DE
8053 21 00 C0     		LD HL,address_2
8056 06 40        		LD B,sectors_2
8058 CD F1 84     		CALL read_n
805B              	        LOAD_BANK 6, disk_2, address_2, sectors_2
805B 01 FD 7F     		LD BC,0x7FFD
805E 3E 11        		LD A,1+16
8060 ED 79        		OUT (C),A
8062 11 09 10     		LD DE,disk_3
8065 ED 53 13 85  		LD (disk_position),DE
8069 21 00 C0     		LD HL,address_3
806C 06 40        		LD B,sectors_3
806E CD F1 84     		CALL read_n
8071              	        LOAD_BANK 1, disk_3, address_3, sectors_3
8071 01 FD 7F     		LD BC,0x7FFD
8074 3E 13        		LD A,3+16
8076 ED 79        		OUT (C),A
8078 11 09 14     		LD DE,disk_4
807B ED 53 13 85  		LD (disk_position),DE
807F 21 00 C0     		LD HL,address_4
8082 06 40        		LD B,sectors_4
8084 CD F1 84     		CALL read_n
8087              	        LOAD_BANK 3, disk_4, address_4, sectors_4
8087 01 FD 7F     		LD BC,0x7FFD
808A 3E 17        		LD A,7+16
808C ED 79        		OUT (C),A
808E 11 09 18     		LD DE,disk_5
8091 ED 53 13 85  		LD (disk_position),DE
8095 21 00 C0     		LD HL,address_5
8098 06 40        		LD B,sectors_5
809A CD F1 84     		CALL read_n
809D              	        LOAD_BANK 7, disk_5, address_5, sectors_5
809D 01 FD 7F     		LD BC,0x7FFD
80A0 3E 12        		LD A,2+16
80A2 ED 79        		OUT (C),A
80A4 11 09 1C     		LD DE,disk_6
80A7 ED 53 13 85  		LD (disk_position),DE
80AB 21 00 DD     		LD HL,address_6
80AE 06 23        		LD B,sectors_6
80B0 CD F1 84     		CALL read_n
80B3              	        LOAD_BANK 2, disk_6, address_6, sectors_6
80B3 01 FD 7F     		LD BC,0x7FFD
80B6 3E 15        		LD A,5+16
80B8 ED 79        		OUT (C),A
80BA 11 0C 1E     		LD DE,disk_7
80BD ED 53 13 85  		LD (disk_position),DE
80C1 21 00 E0     		LD HL,address_7
80C4 06 20        		LD B,sectors_7
80C6 CD F1 84     		CALL read_n
80C9              	        LOAD_BANK 5, disk_7, address_7, sectors_7
80C9 F3           	        DI
80CA 01 FD FF     		LD BC,0xFFFD
80CD 3E 08        		LD A,8
80CF ED 79        		OUT (C),A
80D1 01 FD BF     		LD BC,0xBFFD
80D4 AF           		XOR A
80D5 ED 79        		OUT (C),A
80D7              	        SILENCE_AY 8
80D7 01 FD FF     		LD BC,0xFFFD
80DA 3E 09        		LD A,9
80DC ED 79        		OUT (C),A
80DE 01 FD BF     		LD BC,0xBFFD
80E1 AF           		XOR A
80E2 ED 79        		OUT (C),A
80E4              	        SILENCE_AY 9
80E4 01 FD FF     		LD BC,0xFFFD
80E7 3E 0A        		LD A,10
80E9 ED 79        		OUT (C),A
80EB 01 FD BF     		LD BC,0xBFFD
80EE AF           		XOR A
80EF ED 79        		OUT (C),A
80F1              	        SILENCE_AY 10
80F1 01 FD 7F     	        LD BC,0x7FFD
80F4 3E 10        	        LD A,16
80F6 ED 79        	        OUT (C),A
80F8 FB           	        EI
80F9 76           	        HALT                    ; one startup IRQ, then no IRQ/disk activity
80FA F3           	        DI
80FB 11 00 C0     	ready:  LD DE,address_0
80FE 21 00 86     	        LD HL,tables+64*initial_index
8101 DD 21 00 80  	        LD IX,initial_predictor+32768
8105 FD 21 8E 82  	        LD IY,bank_tail_0
                 	
                 	; Prime the first sample, without producing a dummy PCM value on the port.
                 	; ADD IX preserves BIT's Z flag and supplies carry for unsigned saturation.
8109 1A           	        LD A,(DE)
810A E6 0F        	        AND 15
810C 07           	        RLCA
810D 07           	        RLCA
810E B5           	        OR L
810F E6 FC        	        AND 252
8111 6F           	        LD L,A
8112 F9           	        LD SP,HL
8113 C1           	        POP BC
8114 E1           	        POP HL
8115 CB 45        	        BIT 0,L
8117 DD 09        	        ADD IX,BC
8119 C2 26 81     	        JP NZ,prime_negative
811C D2 2D 81     	        JP NC,prime_done
811F DD 21 FF FF  	        LD IX,65535
8123 C3 2D 81     	        JP prime_done
                 	prime_negative:
8126 DA 2D 81     	        JP C,prime_done
8129 DD 21 00 00  	        LD IX,0
                 	prime_done:
812D CB 85        	        RES 0,L                 ; prime has no PDM deadline; prepare clean row
812F DD 7C        	        LD A,IXH
8131 D9           	        EXX
8132 01 FE 10     	        LD BC,0x10FE
8135 57           	        LD D,A
8136 1E 00        	        LD E,0
8138 08           	        EX AF,AF'
8139 3E 80        	        LD A,128
813B 08           	        EX AF,AF'
813C D9           	        EXX
813D C3 DE 81     	        JP high                 ; output sample 0 while decoding sample 1
                 	
                 	; Low nibble: six output holds [74,78,81,72,56,78] = 439 T.
8140              		ASSERT low_out0 >= 0
8140 D9           		EXX
8141 08           		EX AF,AF'
8142 82           		ADD A,D
8143 CB 1B        		RR E
8145 CB 9B        		RES 3,E
8147 ED 59        	low_out0:	OUT (C),E
8149 08           		EX AF,AF'
814A D9           		EXX
814B              	low:    PULSE low_out0
814B 1A           	        LD A,(DE)               ; address formation: 7+7+4+4+4 = 26 T
814C E6 0F        	        AND 15
814E 07           	        RLCA
814F 07           	        RLCA
8150 B5           	        OR L                    ; row low bits occupy bits 6..7
8151              		ASSERT low_out1 >= 0
8151 D9           		EXX
8152 08           		EX AF,AF'
8153 82           		ADD A,D
8154 CB 1B        		RR E
8156 CB 9B        		RES 3,E
8158 ED 59        	low_out1:	OUT (C),E
815A 08           		EX AF,AF'
815B D9           		EXX
815C              	        PULSE low_out1
815C 6F           	        LD L,A                  ; lookup: 4+6+10+10 = 30 T
815D F9           	        LD SP,HL
815E C1           	        POP BC                  ; signed modular delta
815F E1           	        POP HL                  ; next row plus sign tag
8160              		ASSERT low_out2 >= 0
8160 D9           		EXX
8161 08           		EX AF,AF'
8162 82           		ADD A,D
8163 CB 1B        		RR E
8165 CB 9B        		RES 3,E
8167 ED 59        	low_out2:	OUT (C),E
8169 08           		EX AF,AF'
816A D9           		EXX
816B              	        PULSE low_out2
816B CB 45        	        BIT 0,L                 ; 8: Z selects sign, not predictor sign
816D DD 09        	        ADD IX,BC               ; 15: biased addition with carry
816F C2 A8 81     	        JP NZ,low_negative      ; 10: same time taken or not taken
                 	low_positive:
8172              		ASSERT low_positive_out3 >= 0
8172 D9           		EXX
8173 08           		EX AF,AF'
8174 82           		ADD A,D
8175 CB 1B        		RR E
8177 CB 9B        		RES 3,E
8179 ED 59        	low_positive_out3:	OUT (C),E
817B 08           		EX AF,AF'
817C D9           		EXX
817D              	        PULSE low_positive_out3
817D DA 84 81     	        JP C,low_positive_clip  ; carry = positive overflow
8180 00           	        NOP                     ; both saturation paths take 24 T
8181 C3 88 81     	        JP low_positive_clipped
                 	low_positive_clip:
8184 DD 21 FF FF  	        LD IX,65535
                 	low_positive_clipped:
8188              		ASSERT low_positive_out4 >= 0
8188 D9           		EXX
8189 08           		EX AF,AF'
818A 82           		ADD A,D
818B CB 1B        		RR E
818D CB 9B        		RES 3,E
818F ED 59        	low_positive_out4:	OUT (C),E
8191 08           		EX AF,AF'
8192 D9           		EXX
8193              	        PULSE low_positive_out4
8193 DD 7C        	        LD A,IXH                ; 8: reduce to PCM8 only at the output
8195              		ASSERT low_positive_out5 >= 0
8195 D9           		EXX
8196 08           		EX AF,AF'
8197 82           		ADD A,D
8198 CB 1B        		RR E
819A CB 9B        		RES 3,E
819C ED 59        	low_positive_out5:	OUT (C),E
819E 08           		EX AF,AF'
819F D9           		EXX
81A0              	        PULSE low_positive_out5
81A0 D9           		EXX
81A1 57           		LD D,A
81A2 D9           		EXX
81A3              	        TAKE_SAMPLE
81A3 CB 85        	        RES 0,L                 ; 8: clear sign away from contended input read
81A5 C3 DE 81     	        JP high                 ; 12+8+10 = 30 T
                 	low_negative:
81A8              		ASSERT low_negative_out3 >= 0
81A8 D9           		EXX
81A9 08           		EX AF,AF'
81AA 82           		ADD A,D
81AB CB 1B        		RR E
81AD CB 9B        		RES 3,E
81AF ED 59        	low_negative_out3:	OUT (C),E
81B1 08           		EX AF,AF'
81B2 D9           		EXX
81B3              	        PULSE low_negative_out3
81B3 D2 BA 81     	        JP NC,low_negative_clip ; no carry = unsigned underflow
81B6 00           	        NOP
81B7 C3 BE 81     	        JP low_negative_clipped
                 	low_negative_clip:
81BA DD 21 00 00  	        LD IX,0
                 	low_negative_clipped:
81BE              		ASSERT low_negative_out4 >= 0
81BE D9           		EXX
81BF 08           		EX AF,AF'
81C0 82           		ADD A,D
81C1 CB 1B        		RR E
81C3 CB 9B        		RES 3,E
81C5 ED 59        	low_negative_out4:	OUT (C),E
81C7 08           		EX AF,AF'
81C8 D9           		EXX
81C9              	        PULSE low_negative_out4
81C9 DD 7C        	        LD A,IXH
81CB              		ASSERT low_negative_out5 >= 0
81CB D9           		EXX
81CC 08           		EX AF,AF'
81CD 82           		ADD A,D
81CE CB 1B        		RR E
81D0 CB 9B        		RES 3,E
81D2 ED 59        	low_negative_out5:	OUT (C),E
81D4 08           		EX AF,AF'
81D5 D9           		EXX
81D6              	        PULSE low_negative_out5
81D6 D9           		EXX
81D7 57           		LD D,A
81D8 D9           		EXX
81D9              	        TAKE_SAMPLE
81D9 CB 85        	        RES 0,L
81DB C3 DE 81     	        JP high
                 	
                 	; High nibble: [74,78,81,76,66,78] = 453 T, or +14 T at page rollover.
81DE              		ASSERT high_out0 >= 0
81DE D9           		EXX
81DF 08           		EX AF,AF'
81E0 82           		ADD A,D
81E1 CB 1B        		RR E
81E3 CB 9B        		RES 3,E
81E5 ED 59        	high_out0:	OUT (C),E
81E7 08           		EX AF,AF'
81E8 D9           		EXX
81E9              	high:   PULSE high_out0
81E9 1A           	        LD A,(DE)               ; address formation: 7+4+4+7+4 = 26 T
81EA 0F           	        RRCA
81EB 0F           	        RRCA
81EC E6 3C        	        AND 60
81EE B5           	        OR L
81EF              		ASSERT high_out1 >= 0
81EF D9           		EXX
81F0 08           		EX AF,AF'
81F1 82           		ADD A,D
81F2 CB 1B        		RR E
81F4 CB 9B        		RES 3,E
81F6 ED 59        	high_out1:	OUT (C),E
81F8 08           		EX AF,AF'
81F9 D9           		EXX
81FA              	        PULSE high_out1
81FA 6F           	        LD L,A
81FB F9           	        LD SP,HL
81FC C1           	        POP BC
81FD E1           	        POP HL
81FE              		ASSERT high_out2 >= 0
81FE D9           		EXX
81FF 08           		EX AF,AF'
8200 82           		ADD A,D
8201 CB 1B        		RR E
8203 CB 9B        		RES 3,E
8205 ED 59        	high_out2:	OUT (C),E
8207 08           		EX AF,AF'
8208 D9           		EXX
8209              	        PULSE high_out2
8209 CB 45        	        BIT 0,L
820B DD 09        	        ADD IX,BC
820D C2 4E 82     	        JP NZ,high_negative
                 	high_positive:
8210              		ASSERT high_positive_out3 >= 0
8210 D9           		EXX
8211 08           		EX AF,AF'
8212 82           		ADD A,D
8213 CB 1B        		RR E
8215 CB 9B        		RES 3,E
8217 ED 59        	high_positive_out3:	OUT (C),E
8219 08           		EX AF,AF'
821A D9           		EXX
821B              	        PULSE high_positive_out3
821B DA 22 82     	        JP C,high_positive_clip
821E 00           	        NOP
821F C3 26 82     	        JP high_positive_clipped
                 	high_positive_clip:
8222 DD 21 FF FF  	        LD IX,65535
                 	high_positive_clipped:
8226 1C           	        INC E                   ; 4 T; PULSE preserves the rollover Z flag
8227              		ASSERT high_positive_out4 >= 0
8227 D9           		EXX
8228 08           		EX AF,AF'
8229 82           		ADD A,D
822A CB 1B        		RR E
822C CB 9B        		RES 3,E
822E ED 59        	high_positive_out4:	OUT (C),E
8230 08           		EX AF,AF'
8231 D9           		EXX
8232              	        PULSE high_positive_out4
8232 C2 39 82     	        JP NZ,high_positive_address_ok
8235 14           	        INC D                   ; page rollover: +4+10 = 14 T
8236 CA 8C 82     	        JP Z,bank_dispatch      ; C000..FFFF exhausted when DE wraps to zero
                 	high_positive_address_ok:
8239 DD 7C        	        LD A,IXH
823B              		ASSERT high_positive_out5 >= 0
823B D9           		EXX
823C 08           		EX AF,AF'
823D 82           		ADD A,D
823E CB 1B        		RR E
8240 CB 9B        		RES 3,E
8242 ED 59        	high_positive_out5:	OUT (C),E
8244 08           		EX AF,AF'
8245 D9           		EXX
8246              	        PULSE high_positive_out5
8246 D9           		EXX
8247 57           		LD D,A
8248 D9           		EXX
8249              	        TAKE_SAMPLE
8249 CB 85        	        RES 0,L
824B C3 40 81     	        JP low
                 	high_negative:
824E              		ASSERT high_negative_out3 >= 0
824E D9           		EXX
824F 08           		EX AF,AF'
8250 82           		ADD A,D
8251 CB 1B        		RR E
8253 CB 9B        		RES 3,E
8255 ED 59        	high_negative_out3:	OUT (C),E
8257 08           		EX AF,AF'
8258 D9           		EXX
8259              	        PULSE high_negative_out3
8259 D2 60 82     	        JP NC,high_negative_clip
825C 00           	        NOP
825D C3 64 82     	        JP high_negative_clipped
                 	high_negative_clip:
8260 DD 21 00 00  	        LD IX,0
                 	high_negative_clipped:
8264 1C           	        INC E
8265              		ASSERT high_negative_out4 >= 0
8265 D9           		EXX
8266 08           		EX AF,AF'
8267 82           		ADD A,D
8268 CB 1B        		RR E
826A CB 9B        		RES 3,E
826C ED 59        	high_negative_out4:	OUT (C),E
826E 08           		EX AF,AF'
826F D9           		EXX
8270              	        PULSE high_negative_out4
8270 C2 77 82     	        JP NZ,high_negative_address_ok
8273 14           	        INC D
8274 CA 8C 82     	        JP Z,bank_dispatch
                 	high_negative_address_ok:
8277 DD 7C        	        LD A,IXH
8279              		ASSERT high_negative_out5 >= 0
8279 D9           		EXX
827A 08           		EX AF,AF'
827B 82           		ADD A,D
827C CB 1B        		RR E
827E CB 9B        		RES 3,E
8280 ED 59        	high_negative_out5:	OUT (C),E
8282 08           		EX AF,AF'
8283 D9           		EXX
8284              	        PULSE high_negative_out5
8284 D9           		EXX
8285 57           		LD D,A
8286 D9           		EXX
8287              	        TAKE_SAMPLE
8287 CB 85        	        RES 0,L
8289 C3 40 81     	        JP low
                 	
                 	bank_dispatch:
828C FD E9        	        JP (IY)                 ; 8 T, no stack use; preceding work totals 32 T
                 	
                 	; Bank tail keeps the preceding PCM level for four extra PDM pulses.
                 	; Holds: [74,78,81,76,80,79,74,80,72,77] = 771 T per boundary high nibble.
                 	; 771 - 453 = 14 page overhead + 304 bank overhead. No long mute interval.
828E              	BANK_TAIL: MACRO
828E              	bank_tail_\0: ASSERT \0 >= 0
828E              	        PULSE bank_\0_out5
828E              	        LD A,IXH                ; 8+13+10 = 31 T
828E              	        LD (bank_candidate),A   ; retain last decoded sample across decoder reset
828E              	        LD BC,0x7FFD
828E              	        PULSE bank_\0_out6
828E              	        LD A,\1+16              ; 7+12+7 = 26 T; both OUTs may be contended
828E              	page_\0: OUT (C),A
828E              	        LD D,\2 >> 8            ; E is already zero after input pointer wrap
                 	                                ; 7 T vs LD DE,nn 10 T: -3 T/bank transition
828E              	        PULSE bank_\0_out7
828E              	        LD IY,bank_tail_\3      ; 14+10+8 = 32 T, including tag clear below
828E              	        IF \0 == 7
828E              	        LD HL,tables+64*initial_index
828E              	        ELSE
828E              	        LD BC,0                 ; timing padding, scratch register
828E              	        ENDIF
828E              	        RES 0,L                 ; bank_finish has no room for this 8-T operation
828E              	        PULSE bank_\0_out8
828E              	        IF \0 == 7
828E              	        LD IX,initial_predictor+32768 ; reset IMA only; PDM error stays continuous
828E              	        ELSE
828E              	        LD A,0                  ; 7+7 = 14 T, preserve next IY target
828E              	        LD A,0
828E              	        ENDIF
828E              	        JP bank_finish          ; 14+10 = 24 T
828E              	        ENDM
                 	
828E              	bank_tail_0:	ASSERT 0 >= 0
828E              		ASSERT bank_0_out5 >= 0
828E D9           		EXX
828F 08           		EX AF,AF'
8290 82           		ADD A,D
8291 CB 1B        		RR E
8293 CB 9B        		RES 3,E
8295 ED 59        	bank_0_out5:	OUT (C),E
8297 08           		EX AF,AF'
8298 D9           		EXX
8299              		PULSE bank_0_out5
8299 DD 7C        		LD A,IXH
829B 32 EA 84     		LD (bank_candidate),A
829E 01 FD 7F     		LD BC,0x7FFD
82A1              		ASSERT bank_0_out6 >= 0
82A1 D9           		EXX
82A2 08           		EX AF,AF'
82A3 82           		ADD A,D
82A4 CB 1B        		RR E
82A6 CB 9B        		RES 3,E
82A8 ED 59        	bank_0_out6:	OUT (C),E
82AA 08           		EX AF,AF'
82AB D9           		EXX
82AC              		PULSE bank_0_out6
82AC 3E 14        		LD A,4+16
82AE ED 79        	page_0:	OUT (C),A
82B0 16 C0        		LD D,address_1 >> 8
82B2              		ASSERT bank_0_out7 >= 0
82B2 D9           		EXX
82B3 08           		EX AF,AF'
82B4 82           		ADD A,D
82B5 CB 1B        		RR E
82B7 CB 9B        		RES 3,E
82B9 ED 59        	bank_0_out7:	OUT (C),E
82BB 08           		EX AF,AF'
82BC D9           		EXX
82BD              		PULSE bank_0_out7
82BD FD 21 D8 82  		LD IY,bank_tail_1
82C1              		IF 0 == 7
82C1              		LD HL,tables+64*initial_index
82C1              		ELSE
82C1 01 00 00     		LD BC,0
82C4              		ENDIF
82C4 CB 85        		RES 0,L
82C6              		ASSERT bank_0_out8 >= 0
82C6 D9           		EXX
82C7 08           		EX AF,AF'
82C8 82           		ADD A,D
82C9 CB 1B        		RR E
82CB CB 9B        		RES 3,E
82CD ED 59        	bank_0_out8:	OUT (C),E
82CF 08           		EX AF,AF'
82D0 D9           		EXX
82D1              		PULSE bank_0_out8
82D1              		IF 0 == 7
82D1              		LD IX,initial_predictor+32768
82D1              		ELSE
82D1 3E 00        		LD A,0
82D3 3E 00        		LD A,0
82D5              		ENDIF
82D5 C3 DE 84     		JP bank_finish
82D8              	        BANK_TAIL 0,4,address_1,1
82D8              	bank_tail_1:	ASSERT 1 >= 0
82D8              		ASSERT bank_1_out5 >= 0
82D8 D9           		EXX
82D9 08           		EX AF,AF'
82DA 82           		ADD A,D
82DB CB 1B        		RR E
82DD CB 9B        		RES 3,E
82DF ED 59        	bank_1_out5:	OUT (C),E
82E1 08           		EX AF,AF'
82E2 D9           		EXX
82E3              		PULSE bank_1_out5
82E3 DD 7C        		LD A,IXH
82E5 32 EA 84     		LD (bank_candidate),A
82E8 01 FD 7F     		LD BC,0x7FFD
82EB              		ASSERT bank_1_out6 >= 0
82EB D9           		EXX
82EC 08           		EX AF,AF'
82ED 82           		ADD A,D
82EE CB 1B        		RR E
82F0 CB 9B        		RES 3,E
82F2 ED 59        	bank_1_out6:	OUT (C),E
82F4 08           		EX AF,AF'
82F5 D9           		EXX
82F6              		PULSE bank_1_out6
82F6 3E 16        		LD A,6+16
82F8 ED 79        	page_1:	OUT (C),A
82FA 16 C0        		LD D,address_2 >> 8
82FC              		ASSERT bank_1_out7 >= 0
82FC D9           		EXX
82FD 08           		EX AF,AF'
82FE 82           		ADD A,D
82FF CB 1B        		RR E
8301 CB 9B        		RES 3,E
8303 ED 59        	bank_1_out7:	OUT (C),E
8305 08           		EX AF,AF'
8306 D9           		EXX
8307              		PULSE bank_1_out7
8307 FD 21 22 83  		LD IY,bank_tail_2
830B              		IF 1 == 7
830B              		LD HL,tables+64*initial_index
830B              		ELSE
830B 01 00 00     		LD BC,0
830E              		ENDIF
830E CB 85        		RES 0,L
8310              		ASSERT bank_1_out8 >= 0
8310 D9           		EXX
8311 08           		EX AF,AF'
8312 82           		ADD A,D
8313 CB 1B        		RR E
8315 CB 9B        		RES 3,E
8317 ED 59        	bank_1_out8:	OUT (C),E
8319 08           		EX AF,AF'
831A D9           		EXX
831B              		PULSE bank_1_out8
831B              		IF 1 == 7
831B              		LD IX,initial_predictor+32768
831B              		ELSE
831B 3E 00        		LD A,0
831D 3E 00        		LD A,0
831F              		ENDIF
831F C3 DE 84     		JP bank_finish
8322              	        BANK_TAIL 1,6,address_2,2
8322              	bank_tail_2:	ASSERT 2 >= 0
8322              		ASSERT bank_2_out5 >= 0
8322 D9           		EXX
8323 08           		EX AF,AF'
8324 82           		ADD A,D
8325 CB 1B        		RR E
8327 CB 9B        		RES 3,E
8329 ED 59        	bank_2_out5:	OUT (C),E
832B 08           		EX AF,AF'
832C D9           		EXX
832D              		PULSE bank_2_out5
832D DD 7C        		LD A,IXH
832F 32 EA 84     		LD (bank_candidate),A
8332 01 FD 7F     		LD BC,0x7FFD
8335              		ASSERT bank_2_out6 >= 0
8335 D9           		EXX
8336 08           		EX AF,AF'
8337 82           		ADD A,D
8338 CB 1B        		RR E
833A CB 9B        		RES 3,E
833C ED 59        	bank_2_out6:	OUT (C),E
833E 08           		EX AF,AF'
833F D9           		EXX
8340              		PULSE bank_2_out6
8340 3E 11        		LD A,1+16
8342 ED 79        	page_2:	OUT (C),A
8344 16 C0        		LD D,address_3 >> 8
8346              		ASSERT bank_2_out7 >= 0
8346 D9           		EXX
8347 08           		EX AF,AF'
8348 82           		ADD A,D
8349 CB 1B        		RR E
834B CB 9B        		RES 3,E
834D ED 59        	bank_2_out7:	OUT (C),E
834F 08           		EX AF,AF'
8350 D9           		EXX
8351              		PULSE bank_2_out7
8351 FD 21 6C 83  		LD IY,bank_tail_3
8355              		IF 2 == 7
8355              		LD HL,tables+64*initial_index
8355              		ELSE
8355 01 00 00     		LD BC,0
8358              		ENDIF
8358 CB 85        		RES 0,L
835A              		ASSERT bank_2_out8 >= 0
835A D9           		EXX
835B 08           		EX AF,AF'
835C 82           		ADD A,D
835D CB 1B        		RR E
835F CB 9B        		RES 3,E
8361 ED 59        	bank_2_out8:	OUT (C),E
8363 08           		EX AF,AF'
8364 D9           		EXX
8365              		PULSE bank_2_out8
8365              		IF 2 == 7
8365              		LD IX,initial_predictor+32768
8365              		ELSE
8365 3E 00        		LD A,0
8367 3E 00        		LD A,0
8369              		ENDIF
8369 C3 DE 84     		JP bank_finish
836C              	        BANK_TAIL 2,1,address_3,3
836C              	bank_tail_3:	ASSERT 3 >= 0
836C              		ASSERT bank_3_out5 >= 0
836C D9           		EXX
836D 08           		EX AF,AF'
836E 82           		ADD A,D
836F CB 1B        		RR E
8371 CB 9B        		RES 3,E
8373 ED 59        	bank_3_out5:	OUT (C),E
8375 08           		EX AF,AF'
8376 D9           		EXX
8377              		PULSE bank_3_out5
8377 DD 7C        		LD A,IXH
8379 32 EA 84     		LD (bank_candidate),A
837C 01 FD 7F     		LD BC,0x7FFD
837F              		ASSERT bank_3_out6 >= 0
837F D9           		EXX
8380 08           		EX AF,AF'
8381 82           		ADD A,D
8382 CB 1B        		RR E
8384 CB 9B        		RES 3,E
8386 ED 59        	bank_3_out6:	OUT (C),E
8388 08           		EX AF,AF'
8389 D9           		EXX
838A              		PULSE bank_3_out6
838A 3E 13        		LD A,3+16
838C ED 79        	page_3:	OUT (C),A
838E 16 C0        		LD D,address_4 >> 8
8390              		ASSERT bank_3_out7 >= 0
8390 D9           		EXX
8391 08           		EX AF,AF'
8392 82           		ADD A,D
8393 CB 1B        		RR E
8395 CB 9B        		RES 3,E
8397 ED 59        	bank_3_out7:	OUT (C),E
8399 08           		EX AF,AF'
839A D9           		EXX
839B              		PULSE bank_3_out7
839B FD 21 B6 83  		LD IY,bank_tail_4
839F              		IF 3 == 7
839F              		LD HL,tables+64*initial_index
839F              		ELSE
839F 01 00 00     		LD BC,0
83A2              		ENDIF
83A2 CB 85        		RES 0,L
83A4              		ASSERT bank_3_out8 >= 0
83A4 D9           		EXX
83A5 08           		EX AF,AF'
83A6 82           		ADD A,D
83A7 CB 1B        		RR E
83A9 CB 9B        		RES 3,E
83AB ED 59        	bank_3_out8:	OUT (C),E
83AD 08           		EX AF,AF'
83AE D9           		EXX
83AF              		PULSE bank_3_out8
83AF              		IF 3 == 7
83AF              		LD IX,initial_predictor+32768
83AF              		ELSE
83AF 3E 00        		LD A,0
83B1 3E 00        		LD A,0
83B3              		ENDIF
83B3 C3 DE 84     		JP bank_finish
83B6              	        BANK_TAIL 3,3,address_4,4
83B6              	bank_tail_4:	ASSERT 4 >= 0
83B6              		ASSERT bank_4_out5 >= 0
83B6 D9           		EXX
83B7 08           		EX AF,AF'
83B8 82           		ADD A,D
83B9 CB 1B        		RR E
83BB CB 9B        		RES 3,E
83BD ED 59        	bank_4_out5:	OUT (C),E
83BF 08           		EX AF,AF'
83C0 D9           		EXX
83C1              		PULSE bank_4_out5
83C1 DD 7C        		LD A,IXH
83C3 32 EA 84     		LD (bank_candidate),A
83C6 01 FD 7F     		LD BC,0x7FFD
83C9              		ASSERT bank_4_out6 >= 0
83C9 D9           		EXX
83CA 08           		EX AF,AF'
83CB 82           		ADD A,D
83CC CB 1B        		RR E
83CE CB 9B        		RES 3,E
83D0 ED 59        	bank_4_out6:	OUT (C),E
83D2 08           		EX AF,AF'
83D3 D9           		EXX
83D4              		PULSE bank_4_out6
83D4 3E 17        		LD A,7+16
83D6 ED 79        	page_4:	OUT (C),A
83D8 16 C0        		LD D,address_5 >> 8
83DA              		ASSERT bank_4_out7 >= 0
83DA D9           		EXX
83DB 08           		EX AF,AF'
83DC 82           		ADD A,D
83DD CB 1B        		RR E
83DF CB 9B        		RES 3,E
83E1 ED 59        	bank_4_out7:	OUT (C),E
83E3 08           		EX AF,AF'
83E4 D9           		EXX
83E5              		PULSE bank_4_out7
83E5 FD 21 00 84  		LD IY,bank_tail_5
83E9              		IF 4 == 7
83E9              		LD HL,tables+64*initial_index
83E9              		ELSE
83E9 01 00 00     		LD BC,0
83EC              		ENDIF
83EC CB 85        		RES 0,L
83EE              		ASSERT bank_4_out8 >= 0
83EE D9           		EXX
83EF 08           		EX AF,AF'
83F0 82           		ADD A,D
83F1 CB 1B        		RR E
83F3 CB 9B        		RES 3,E
83F5 ED 59        	bank_4_out8:	OUT (C),E
83F7 08           		EX AF,AF'
83F8 D9           		EXX
83F9              		PULSE bank_4_out8
83F9              		IF 4 == 7
83F9              		LD IX,initial_predictor+32768
83F9              		ELSE
83F9 3E 00        		LD A,0
83FB 3E 00        		LD A,0
83FD              		ENDIF
83FD C3 DE 84     		JP bank_finish
8400              	        BANK_TAIL 4,7,address_5,5
8400              	bank_tail_5:	ASSERT 5 >= 0
8400              		ASSERT bank_5_out5 >= 0
8400 D9           		EXX
8401 08           		EX AF,AF'
8402 82           		ADD A,D
8403 CB 1B        		RR E
8405 CB 9B        		RES 3,E
8407 ED 59        	bank_5_out5:	OUT (C),E
8409 08           		EX AF,AF'
840A D9           		EXX
840B              		PULSE bank_5_out5
840B DD 7C        		LD A,IXH
840D 32 EA 84     		LD (bank_candidate),A
8410 01 FD 7F     		LD BC,0x7FFD
8413              		ASSERT bank_5_out6 >= 0
8413 D9           		EXX
8414 08           		EX AF,AF'
8415 82           		ADD A,D
8416 CB 1B        		RR E
8418 CB 9B        		RES 3,E
841A ED 59        	bank_5_out6:	OUT (C),E
841C 08           		EX AF,AF'
841D D9           		EXX
841E              		PULSE bank_5_out6
841E 3E 12        		LD A,2+16
8420 ED 79        	page_5:	OUT (C),A
8422 16 DD        		LD D,address_6 >> 8
8424              		ASSERT bank_5_out7 >= 0
8424 D9           		EXX
8425 08           		EX AF,AF'
8426 82           		ADD A,D
8427 CB 1B        		RR E
8429 CB 9B        		RES 3,E
842B ED 59        	bank_5_out7:	OUT (C),E
842D 08           		EX AF,AF'
842E D9           		EXX
842F              		PULSE bank_5_out7
842F FD 21 4A 84  		LD IY,bank_tail_6
8433              		IF 5 == 7
8433              		LD HL,tables+64*initial_index
8433              		ELSE
8433 01 00 00     		LD BC,0
8436              		ENDIF
8436 CB 85        		RES 0,L
8438              		ASSERT bank_5_out8 >= 0
8438 D9           		EXX
8439 08           		EX AF,AF'
843A 82           		ADD A,D
843B CB 1B        		RR E
843D CB 9B        		RES 3,E
843F ED 59        	bank_5_out8:	OUT (C),E
8441 08           		EX AF,AF'
8442 D9           		EXX
8443              		PULSE bank_5_out8
8443              		IF 5 == 7
8443              		LD IX,initial_predictor+32768
8443              		ELSE
8443 3E 00        		LD A,0
8445 3E 00        		LD A,0
8447              		ENDIF
8447 C3 DE 84     		JP bank_finish
844A              	        BANK_TAIL 5,2,address_6,6
844A              	bank_tail_6:	ASSERT 6 >= 0
844A              		ASSERT bank_6_out5 >= 0
844A D9           		EXX
844B 08           		EX AF,AF'
844C 82           		ADD A,D
844D CB 1B        		RR E
844F CB 9B        		RES 3,E
8451 ED 59        	bank_6_out5:	OUT (C),E
8453 08           		EX AF,AF'
8454 D9           		EXX
8455              		PULSE bank_6_out5
8455 DD 7C        		LD A,IXH
8457 32 EA 84     		LD (bank_candidate),A
845A 01 FD 7F     		LD BC,0x7FFD
845D              		ASSERT bank_6_out6 >= 0
845D D9           		EXX
845E 08           		EX AF,AF'
845F 82           		ADD A,D
8460 CB 1B        		RR E
8462 CB 9B        		RES 3,E
8464 ED 59        	bank_6_out6:	OUT (C),E
8466 08           		EX AF,AF'
8467 D9           		EXX
8468              		PULSE bank_6_out6
8468 3E 15        		LD A,5+16
846A ED 79        	page_6:	OUT (C),A
846C 16 E0        		LD D,address_7 >> 8
846E              		ASSERT bank_6_out7 >= 0
846E D9           		EXX
846F 08           		EX AF,AF'
8470 82           		ADD A,D
8471 CB 1B        		RR E
8473 CB 9B        		RES 3,E
8475 ED 59        	bank_6_out7:	OUT (C),E
8477 08           		EX AF,AF'
8478 D9           		EXX
8479              		PULSE bank_6_out7
8479 FD 21 94 84  		LD IY,bank_tail_7
847D              		IF 6 == 7
847D              		LD HL,tables+64*initial_index
847D              		ELSE
847D 01 00 00     		LD BC,0
8480              		ENDIF
8480 CB 85        		RES 0,L
8482              		ASSERT bank_6_out8 >= 0
8482 D9           		EXX
8483 08           		EX AF,AF'
8484 82           		ADD A,D
8485 CB 1B        		RR E
8487 CB 9B        		RES 3,E
8489 ED 59        	bank_6_out8:	OUT (C),E
848B 08           		EX AF,AF'
848C D9           		EXX
848D              		PULSE bank_6_out8
848D              		IF 6 == 7
848D              		LD IX,initial_predictor+32768
848D              		ELSE
848D 3E 00        		LD A,0
848F 3E 00        		LD A,0
8491              		ENDIF
8491 C3 DE 84     		JP bank_finish
8494              	        BANK_TAIL 6,5,address_7,7
8494              	bank_tail_7:	ASSERT 7 >= 0
8494              		ASSERT bank_7_out5 >= 0
8494 D9           		EXX
8495 08           		EX AF,AF'
8496 82           		ADD A,D
8497 CB 1B        		RR E
8499 CB 9B        		RES 3,E
849B ED 59        	bank_7_out5:	OUT (C),E
849D 08           		EX AF,AF'
849E D9           		EXX
849F              		PULSE bank_7_out5
849F DD 7C        		LD A,IXH
84A1 32 EA 84     		LD (bank_candidate),A
84A4 01 FD 7F     		LD BC,0x7FFD
84A7              		ASSERT bank_7_out6 >= 0
84A7 D9           		EXX
84A8 08           		EX AF,AF'
84A9 82           		ADD A,D
84AA CB 1B        		RR E
84AC CB 9B        		RES 3,E
84AE ED 59        	bank_7_out6:	OUT (C),E
84B0 08           		EX AF,AF'
84B1 D9           		EXX
84B2              		PULSE bank_7_out6
84B2 3E 10        		LD A,0+16
84B4 ED 79        	page_7:	OUT (C),A
84B6 16 C0        		LD D,address_0 >> 8
84B8              		ASSERT bank_7_out7 >= 0
84B8 D9           		EXX
84B9 08           		EX AF,AF'
84BA 82           		ADD A,D
84BB CB 1B        		RR E
84BD CB 9B        		RES 3,E
84BF ED 59        	bank_7_out7:	OUT (C),E
84C1 08           		EX AF,AF'
84C2 D9           		EXX
84C3              		PULSE bank_7_out7
84C3 FD 21 8E 82  		LD IY,bank_tail_0
84C7              		IF 7 == 7
84C7 21 00 86     		LD HL,tables+64*initial_index
84CA              		ELSE
84CA              		LD BC,0
84CA              		ENDIF
84CA CB 85        		RES 0,L
84CC              		ASSERT bank_7_out8 >= 0
84CC D9           		EXX
84CD 08           		EX AF,AF'
84CE 82           		ADD A,D
84CF CB 1B        		RR E
84D1 CB 9B        		RES 3,E
84D3 ED 59        	bank_7_out8:	OUT (C),E
84D5 08           		EX AF,AF'
84D6 D9           		EXX
84D7              		PULSE bank_7_out8
84D7              		IF 7 == 7
84D7 DD 21 00 80  		LD IX,initial_predictor+32768
84DB              		ELSE
84DB              		LD A,0
84DB              		LD A,0
84DB              		ENDIF
84DB C3 DE 84     		JP bank_finish
84DE              	        BANK_TAIL 7,0,address_0,0
                 	bank_finish:
84DE              		ASSERT bank_out9 >= 0
84DE D9           		EXX
84DF 08           		EX AF,AF'
84E0 82           		ADD A,D
84E1 CB 1B        		RR E
84E3 CB 9B        		RES 3,E
84E5 ED 59        	bank_out9:	OUT (C),E
84E7 08           		EX AF,AF'
84E8 D9           		EXX
84E9              	        PULSE bank_out9
84E9              	bank_candidate: EQU $+1         ; only self-modified playback byte: LD immediate
84E9 3E 00        	        LD A,0
84EB D9           		EXX
84EC 57           		LD D,A
84ED D9           		EXX
84EE              	        TAKE_SAMPLE
84EE C3 40 81     	        JP low                  ; 7+12+10 = 29 T
                 	
                 	; Startup-only TR-DOS sector reader; this uses the real stack, before SP is
                 	; repurposed. ROM/disk latency is excluded from the playback CPU counts.
84F1 C5           	read_n: PUSH BC
84F2 E5           	        PUSH HL
84F3 ED 5B 13 85  	        LD DE,(disk_position)
84F7 01 05 01     	        LD BC,0x0105            ; one sector, TR-DOS read function
                 	disk_call:
84FA CD 13 3D     	        CALL 0x3D13
84FD E1           	        POP HL
84FE C1           	        POP BC
84FF 24           	        INC H                   ; next 256-byte destination sector
8500 ED 5B 13 85  	        LD DE,(disk_position)
8504 1C           	        INC E
8505 CB 63        	        BIT 4,E
8507 28 03        	        JR Z,sector_ok
8509 1E 00        	        LD E,0
850B 14           	        INC D
                 	sector_ok:
850C ED 53 13 85  	        LD (disk_position),DE
8510 10 DF        	        DJNZ read_n
8512 C9           	        RET
                 	disk_position:
8513 00 00        	        DW 0
                 	code_end:
8515              	        ASSERT $ <= 0x8600      ; fail rather than overlap the read-only table
8515              	        DS 0x8600-$
8600 00 00 00 86 01 00 00 86 03 00 00 86 04 00 00 86 07 00 80 86 08 00 00 87 0A 00 80 87 0B 00 00 88 00 00 00 86 FF FF 01 86 FD FF 01 86 FC FF 01 86 F9 FF 81 86 F8 FF 01 87 F6 FF 81 87 F5 FF 01 88 01 00 00 86 03 00 00 86 05 00 00 86 07 00 00 86 09 00 C0 86 0B 00 40 87 0D 00 C0 87 0F 00 40 88 FF FF 01 86 FD FF 01 86 FB FF 01 86 F9 FF 01 86 F7 FF C1 86 F5 FF 41 87 F3 FF C1 87 F1 FF 41 88 01 00 40 86 03 00 40 86 05 00 40 86 07 00 40 86 0A 00 00 87 0C 00 80 87 0E 00 00 88 10 00 80 88 FF FF 41 86 FD FF 41 86 FB FF 41 86 F9 FF 41 86 F6 FF 01 87 F4 FF 81 87 F2 FF 01 88 F0 FF 81 88 01 00 80 86 03 00 80 86 06 00 80 86 08 00 80 86 0B 00 40 87 0D 00 C0 87 10 00 40 88 12 00 C0 88 FF FF 81 86 FD FF 81 86 FA FF 81 86 F8 FF 81 86 F5 FF 41 87 F3 FF C1 87 F0 FF 41 88 EE FF C1 88 01 00 C0 86 03 00 C0 86 06 00 C0 86 08 00 C0 86 0C 00 80 87 0E 00 00 88 11 00 80 88 13 00 00 89 FF FF C1 86 FD FF C1 86 FA FF C1 86 F8 FF C1 86 F4 FF 81 87 F2 FF 01 88 EF FF 81 88 ED FF 01 89 01 00 00 87 04 00 00 87 07 00 00 87 0A 00 00 87 0D 00 C0 87 10 00 40 88 13 00 C0 88 16 00 40 89 FF FF 01 87 FC FF 01 87 F9 FF 01 87 F6 FF 01 87 F3 FF C1 87 F0 FF 41 88 ED FF C1 88 EA FF 41 89 01 00 40 87 04 00 40 87 07 00 40 87 0A 00 40 87 0E 00 00 88 11 00 80 88 14 00 00 89 17 00 80 89 FF FF 41 87 FC FF 41 87 F9 FF 41 87 F6 FF 41 87 F2 FF 01 88 EF FF 81 88 EC FF 01 89 E9 FF 81 89 01 00 80 87 04 00 80 87 08 00 80 87 0B 00 80 87 0F 00 40 88 12 00 C0 88 16 00 40 89 19 00 C0 89 FF FF 81 87 FC FF 81 87 F8 FF 81 87 F5 FF 81 87 F1 FF 41 88 EE FF C1 88 EA FF 41 89 E7 FF C1 89 02 00 C0 87 06 00 C0 87 0A 00 C0 87 0E 00 C0 87 12 00 80 88 16 00 00 89 1A 00 80 89 1E 00 00 8A FE FF C1 87 FA FF C1 87 F6 FF C1 87 F2 FF C1 87 EE FF 81 88 EA FF 01 89 E6 FF 81 89 E2 FF 01 8A 02 00 00 88 06 00 00 88 0A 00 00 88 0E 00 00 88 13 00 C0 88 17 00 40 89 1B 00 C0 89 1F 00 40 8A FE FF 01 88 FA FF 01 88 F6 FF 01 88 F2 FF 01 88 ED FF C1 88 E9 FF 41 89 E5 FF C1 89 E1 FF 41 8A 02 00 40 88 06 00 40 88 0B 00 40 88 0F 00 40 88 15 00 00 89 19 00 80 89 1E 00 00 8A 22 00 80 8A FE FF 41 88 FA FF 41 88 F5 FF 41 88 F1 FF 41 88 EB FF 01 89 E7 FF 81 89 E2 FF 01 8A DE FF 81 8A 02 00 80 88 07 00 80 88 0C 00 80 88 11 00 80 88 17 00 40 89 1C 00 C0 89 21 00 40 8A 26 00 C0 8A FE FF 81 88 F9 FF 81 88 F4 FF 81 88 EF FF 81 88 E9 FF 41 89 E4 FF C1 89 DF FF 41 8A DA FF C1 8A 02 00 C0 88 07 00 C0 88 0D 00 C0 88 12 00 C0 88 19 00 80 89 1E 00 00 8A 24 00 80 8A 29 00 00 8B FE FF C1 88 F9 FF C1 88 F3 FF C1 88 EE FF C1 88 E7 FF 81 89 E2 FF 01 8A DC FF 81 8A D7 FF 01 8B 03 00 00 89 09 00 00 89 0F 00 00 89 15 00 00 89 1C 00 C0 89 22 00 40 8A 28 00 C0 8A 2E 00 40 8B FD FF 01 89 F7 FF 01 89 F1 FF 01 89 EB FF 01 89 E4 FF C1 89 DE FF 41 8A D8 FF C1 8A D2 FF 41 8B 03 00 40 89 0A 00 40 89 11 00 40 89 18 00 40 89 1F 00 00 8A 26 00 80 8A 2D 00 00 8B 34 00 80 8B FD FF 41 89 F6 FF 41 89 EF FF 41 89 E8 FF 41 89 E1 FF 01 8A DA FF 81 8A D3 FF 01 8B CC FF 81 8B 03 00 80 89 0A 00 80 89 12 00 80 89 19 00 80 89 22 00 40 8A 29 00 C0 8A 31 00 40 8B 38 00 C0 8B FD FF 81 89 F6 FF 81 89 EE FF 81 89 E7 FF 81 89 DE FF 41 8A D7 FF C1 8A CF FF 41 8B C8 FF C1 8B 04 00 C0 89 0C 00 C0 89 15 00 C0 89 1D 00 C0 89 26 00 80 8A 2E 00 00 8B 37 00 80 8B 3F 00 00 8C FC FF C1 89 F4 FF C1 89 EB FF C1 89 E3 FF C1 89 DA FF 81 8A D2 FF 01 8B C9 FF 81 8B C1 FF 01 8C 04 00 00 8A 0D 00 00 8A 16 00 00 8A 1F 00 00 8A 29 00 C0 8A 32 00 40 8B 3B 00 C0 8B 44 00 40 8C FC FF 01 8A F3 FF 01 8A EA FF 01 8A E1 FF 01 8A D7 FF C1 8A CE FF 41 8B C5 FF C1 8B BC FF 41 8C 05 00 40 8A 0F 00 40 8A 19 00 40 8A 23 00 40 8A 2E 00 00 8B 38 00 80 8B 42 00 00 8C 4C 00 80 8C FB FF 41 8A F1 FF 41 8A E7 FF 41 8A DD FF 41 8A D2 FF 01 8B C8 FF 81 8B BE FF 01 8C B4 FF 81 8C 05 00 80 8A 10 00 80 8A 1B 00 80 8A 26 00 80 8A 32 00 40 8B 3D 00 C0 8B 48 00 40 8C 53 00 C0 8C FB FF 81 8A F0 FF 81 8A E5 FF 81 8A DA FF 81 8A CE FF 41 8B C3 FF C1 8B B8 FF 41 8C AD FF C1 8C 06 00 C0 8A 12 00 C0 8A 1F 00 C0 8A 2B 00 C0 8A 38 00 80 8B 44 00 00 8C 51 00 80 8C 5D 00 00 8D FA FF C1 8A EE FF C1 8A E1 FF C1 8A D5 FF C1 8A C8 FF 81 8B BC FF 01 8C AF FF 81 8C A3 FF 01 8D 06 00 00 8B 13 00 00 8B 21 00 00 8B 2E 00 00 8B 3D 00 C0 8B 4A 00 40 8C 58 00 C0 8C 65 00 40 8D FA FF 01 8B ED FF 01 8B DF FF 01 8B D2 FF 01 8B C3 FF C1 8B B6 FF 41 8C A8 FF C1 8C 9B FF 41 8D 07 00 40 8B 16 00 40 8B 25 00 40 8B 34 00 40 8B 43 00 00 8C 52 00 80 8C 61 00 00 8D 70 00 80 8D F9 FF 41 8B EA FF 41 8B DB FF 41 8B CC FF 41 8B BD FF 01 8C AE FF 81 8C 9F FF 01 8D 90 FF 81 8D 08 00 80 8B 18 00 80 8B 29 00 80 8B 39 00 80 8B 4A 00 40 8C 5A 00 C0 8C 6B 00 40 8D 7B 00 C0 8D F8 FF 81 8B E8 FF 81 8B D7 FF 81 8B C7 FF 81 8B B6 FF 41 8C A6 FF C1 8C 95 FF 41 8D 85 FF C1 8D 09 00 C0 8B 1B 00 C0 8B 2D 00 C0 8B 3F 00 C0 8B 52 00 80 8C 64 00 00 8D 76 00 80 8D 88 00 00 8E F7 FF C1 8B E5 FF C1 8B D3 FF C1 8B C1 FF C1 8B AE FF 81 8C 9C FF 01 8D 8A FF 81 8D 78 FF 01 8E 0A 00 00 8C 1E 00 00 8C 32 00 00 8C 46 00 00 8C 5A 00 C0 8C 6E 00 40 8D 82 00 C0 8D 96 00 40 8E F6 FF 01 8C E2 FF 01 8C CE FF 01 8C BA FF 01 8C A6 FF C1 8C 92 FF 41 8D 7E FF C1 8D 6A FF 41 8E 0B 00 40 8C 21 00 40 8C 37 00 40 8C 4D 00 40 8C 63 00 00 8D 79 00 80 8D 8F 00 00 8E A5 00 80 8E F5 FF 41 8C DF FF 41 8C C9 FF 41 8C B3 FF 41 8C 9D FF 01 8D 87 FF 81 8D 71 FF 01 8E 5B FF 81 8E 0C 00 80 8C 24 00 80 8C 3C 00 80 8C 54 00 80 8C 6D 00 40 8D 85 00 C0 8D 9D 00 40 8E B5 00 C0 8E F4 FF 81 8C DC FF 81 8C C4 FF 81 8C AC FF 81 8C 93 FF 41 8D 7B FF C1 8D 63 FF 41 8E 4B FF C1 8E 0D 00 C0 8C 27 00 C0 8C 42 00 C0 8C 5C 00 C0 8C 78 00 80 8D 92 00 00 8E AD 00 80 8E C7 00 00 8F F3 FF C1 8C D9 FF C1 8C BE FF C1 8C A4 FF C1 8C 88 FF 81 8D 6E FF 01 8E 53 FF 81 8E 39 FF 01 8F 0E 00 00 8D 2B 00 00 8D 49 00 00 8D 66 00 00 8D 84 00 C0 8D A1 00 40 8E BF 00 C0 8E DC 00 40 8F F2 FF 01 8D D5 FF 01 8D B7 FF 01 8D 9A FF 01 8D 7C FF C1 8D 5F FF 41 8E 41 FF C1 8E 24 FF 41 8F 10 00 40 8D 30 00 40 8D 51 00 40 8D 71 00 40 8D 92 00 00 8E B2 00 80 8E D3 00 00 8F F3 00 80 8F F0 FF 41 8D D0 FF 41 8D AF FF 41 8D 8F FF 41 8D 6E FF 01 8E 4E FF 81 8E 2D FF 01 8F 0D FF 81 8F 11 00 80 8D 34 00 80 8D 58 00 80 8D 7B 00 80 8D A0 00 40 8E C3 00 C0 8E E7 00 40 8F 0A 01 C0 8F EF FF 81 8D CC FF 81 8D A8 FF 81 8D 85 FF 81 8D 60 FF 41 8E 3D FF C1 8E 19 FF 41 8F F6 FE C1 8F 13 00 C0 8D 3A 00 C0 8D 61 00 C0 8D 88 00 C0 8D B0 00 80 8E D7 00 00 8F FE 00 80 8F 25 01 00 90 ED FF C1 8D C6 FF C1 8D 9F FF C1 8D 78 FF C1 8D 50 FF 81 8E 29 FF 01 8F 02 FF 81 8F DB FE 01 90 15 00 00 8E 40 00 00 8E 6B 00 00 8E 96 00 00 8E C2 00 C0 8E ED 00 40 8F 18 01 C0 8F 43 01 40 90 EB FF 01 8E C0 FF 01 8E 95 FF 01 8E 6A FF 01 8E 3E FF C1 8E 13 FF 41 8F E8 FE C1 8F BD FE 41 90 17 00 40 8E 46 00 40 8E 76 00 40 8E A5 00 40 8E D5 00 00 8F 04 01 80 8F 34 01 00 90 63 01 80 90 E9 FF 41 8E BA FF 41 8E 8A FF 41 8E 5B FF 41 8E 2B FF 01 8F FC FE 81 8F CC FE 01 90 9D FE 81 90 1A 00 80 8E 4E 00 80 8E 82 00 80 8E B6 00 80 8E EB 00 40 8F 1F 01 C0 8F 53 01 40 90 87 01 C0 90 E6 FF 81 8E B2 FF 81 8E 7E FF 81 8E 4A FF 81 8E 15 FF 41 8F E1 FE C1 8F AD FE 41 90 79 FE C1 90 1C 00 C0 8E 55 00 C0 8E 8F 00 C0 8E C8 00 C0 8E 02 01 80 8F 3B 01 00 90 75 01 80 90 AE 01 00 91 E4 FF C1 8E AB FF C1 8E 71 FF C1 8E 38 FF C1 8E FE FE 81 8F C5 FE 01 90 8B FE 81 90 52 FE 01 91 1F 00 00 8F 5E 00 00 8F 9D 00 00 8F DC 00 00 8F 1C 01 C0 8F 5B 01 40 90 9A 01 C0 90 D9 01 40 91 E1 FF 01 8F A2 FF 01 8F 63 FF 01 8F 24 FF 01 8F E4 FE C1 8F A5 FE 41 90 66 FE C1 90 27 FE 41 91 22 00 40 8F 67 00 40 8F AD 00 40 8F F2 00 40 8F 39 01 00 90 7E 01 80 90 C4 01 00 91 09 02 80 91 DE FF 41 8F 99 FF 41 8F 53 FF 41 8F 0E FF 41 8F C7 FE 01 90 82 FE 81 90 3C FE 01 91 F7 FD 81 91 26 00 80 8F 72 00 80 8F BF 00 80 8F 0B 01 80 8F 59 01 40 90 A5 01 C0 90 F2 01 40 91 3E 02 C0 91 DA FF 81 8F 8E FF 81 8F 41 FF 81 8F F5 FE 81 8F A7 FE 41 90 5B FE C1 90 0E FE 41 91 C2 FD C1 91 2A 00 C0 8F 7E 00 C0 8F D2 00 C0 8F 26 01 C0 8F 7B 01 80 90 CF 01 00 91 23 02 80 91 77 02 00 92 D6 FF C1 8F 82 FF C1 8F 2E FF C1 8F DA FE C1 8F 85 FE 81 90 31 FE 01 91 DD FD 81 91 89 FD 01 92 2E 00 00 90 8A 00 00 90 E7 00 00 90 43 01 00 90 A1 01 C0 90 FD 01 40 91 5A 02 C0 91 B6 02 40 92 D2 FF 01 90 76 FF 01 90 19 FF 01 90 BD FE 01 90 5F FE C1 90 03 FE 41 91 A6 FD C1 91 4A FD 41 92 33 00 40 90 99 00 40 90 FF 00 40 90 65 01 40 90 CB 01 00 91 31 02 80 91 97 02 00 92 FD 02 80 92 CD FF 41 90 67 FF 41 90 01 FF 41 90 9B FE 41 90 35 FE 01 91 CF FD 81 91 69 FD 01 92 03 FD 81 92 38 00 80 90 A8 00 80 90 18 01 80 90 88 01 80 90 F9 01 40 91 69 02 C0 91 D9 02 40 92 49 03 C0 92 C8 FF 81 90 58 FF 81 90 E8 FE 81 90 78 FE 81 90 07 FE 41 91 97 FD C1 91 27 FD 41 92 B7 FC C1 92 3D 00 C0 90 B8 00 C0 90 34 01 C0 90 AF 01 C0 90 2B 02 80 91 A6 02 00 92 22 03 80 92 9D 03 00 93 C3 FF C1 90 48 FF C1 90 CC FE C1 90 51 FE C1 90 D5 FD 81 91 5A FD 01 92 DE FC 81 92 63 FC 01 93 44 00 00 91 CC 00 00 91 54 01 00 91 DC 01 00 91 64 02 C0 91 EC 02 40 92 74 03 C0 92 FC 03 40 93 BC FF 01 91 34 FF 01 91 AC FE 01 91 24 FE 01 91 9C FD C1 91 14 FD 41 92 8C FC C1 92 04 FC 41 93 4A 00 40 91 DF 00 40 91 75 01 40 91 0A 02 40 91 A0 02 00 92 35 03 80 92 CB 03 00 93 60 04 80 93 B6 FF 41 91 21 FF 41 91 8B FE 41 91 F6 FD 41 91 60 FD 01 92 CB FC 81 92 35 FC 01 93 A0 FB 81 93 52 00 80 91 F6 00 80 91 9B 01 80 91 3F 02 80 91 E4 02 40 92 88 03 C0 92 2D 04 40 93 D1 04 C0 93 AE FF 81 91 0A FF 81 91 65 FE 81 91 C1 FD 81 91 1C FD 41 92 78 FC C1 92 D3 FB 41 93 2F FB C1 93 5A 00 C0 91 0F 01 C0 91 C4 01 C0 91 79 02 C0 91 2E 03 80 92 E3 03 00 93 98 04 80 93 4D 05 00 94 A6 FF C1 91 F1 FE C1 91 3C FE C1 91 87 FD C1 91 D2 FC 81 92 1D FC 01 93 68 FB 81 93 B3 FA 01 94 63 00 00 92 2A 01 00 92 F1 01 00 92 B8 02 00 92 7F 03 C0 92 46 04 40 93 0D 05 C0 93 D4 05 40 94 9D FF 01 92 D6 FE 01 92 0F FE 01 92 48 FD 01 92 81 FC C1 92 BA FB 41 93 F3 FA C1 93 2C FA 41 94 6D 00 40 92 48 01 40 92 23 02 40 92 FE 02 40 92 D9 03 00 93 B4 04 80 93 8F 05 00 94 6A 06 80 94 93 FF 41 92 B8 FE 41 92 DD FD 41 92 02 FD 41 92 27 FC 01 93 4C FB 81 93 71 FA 01 94 96 F9 81 94 78 00 80 92 68 01 80 92 59 02 80 92 49 03 80 92 3B 04 40 93 2B 05 C0 93 1C 06 40 94 0C 07 C0 94 88 FF 81 92 98 FE 81 92 A7 FD 81 92 B7 FC 81 92 C5 FB 41 93 D5 FA C1 93 E4 F9 41 94 F4 F8 C1 94 84 00 C0 92 8D 01 C0 92 96 02 C0 92 9F 03 C0 92 A8 04 80 93 B1 05 00 94 BA 06 80 94 C3 07 00 95 7C FF C1 92 73 FE C1 92 6A FD C1 92 61 FC C1 92 58 FB 81 93 4F FA 01 94 46 F9 81 94 3D F8 01 95 91 00 00 93 B4 01 00 93 D8 02 00 93 FB 03 00 93 1F 05 C0 93 42 06 40 94 66 07 C0 94 89 08 40 95 6F FF 01 93 4C FE 01 93 28 FD 01 93 05 FC 01 93 E1 FA C1 93 BE F9 41 94 9A F8 C1 94 77 F7 41 95 A0 00 40 93 E0 01 40 93 21 03 40 93 61 04 40 93 A2 05 00 94 E2 06 80 94 23 08 00 95 63 09 80 95 60 FF 41 93 20 FE 41 93 DF FC 41 93 9F FB 41 93 5E FA 01 94 1E F9 81 94 DD F7 01 95 9D F6 81 95 B0 00 80 93 10 02 80 93 71 03 80 93 D1 04 80 93 33 06 40 94 93 07 C0 94 F4 08 40 95 54 0A C0 95 50 FF 81 93 F0 FD 81 93 8F FC 81 93 2F FB 81 93 CD F9 41 94 6D F8 C1 94 0C F7 41 95 AC F5 C1 95 C2 00 C0 93 46 02 C0 93 CA 03 C0 93 4E 05 C0 93 D2 06 80 94 56 08 00 95 DA 09 80 95 5E 0B 00 96 3E FF C1 93 BA FD C1 93 36 FC C1 93 B2 FA C1 93 2E F9 81 94 AA F7 01 95 26 F6 81 95 A2 F4 01 96 D5 00 00 94 7F 02 00 94 2A 04 00 94 D4 05 00 94 80 07 C0 94 2A 09 40 95 D5 0A C0 95 7F 0C 40 96 2B FF 01 94 81 FD 01 94 D6 FB 01 94 2C FA 01 94 80 F8 C1 94 D6 F6 41 95 2B F5 C1 95 81 F3 41 96 EA 00 40 94 BF 02 40 94 95 04 40 94 6A 06 40 94 40 08 00 95 15 0A 80 95 EB 0B 00 96 C0 0D 80 96 16 FF 41 94 41 FD 41 94 6B FB 41 94 96 F9 41 94 C0 F7 01 95 EB F5 81 95 15 F4 01 96 40 F2 81 96 02 01 80 94 06 03 80 94 0B 05 80 94 0F 07 80 94 14 09 40 95 18 0B C0 95 1D 0D 40 96 21 0F C0 96 FE FE 81 94 FA FC 81 94 F5 FA 81 94 F1 F8 81 94 EC F6 41 95 E8 F4 C1 95 E3 F2 41 96 DF F0 C1 96 1C 01 C0 94 54 03 C0 94 8C 05 C0 94 C4 07 C0 94 FC 09 80 95 34 0C 00 96 6C 0E 80 96 A4 10 00 97 E4 FE C1 94 AC FC C1 94 74 FA C1 94 3C F8 C1 94 04 F6 81 95 CC F3 01 96 94 F1 81 96 5C EF 01 97 38 01 00 95 A8 03 00 95 19 06 00 95 89 08 00 95 FB 0A C0 95 6B 0D 40 96 DC 0F C0 96 4C 12 40 97 C8 FE 01 95 58 FC 01 95 E7 F9 01 95 77 F7 01 95 05 F5 C1 95 95 F2 41 96 24 F0 C1 96 B4 ED 41 97 57 01 40 95 06 04 40 95 B5 06 40 95 64 09 40 95 14 0C 00 96 C3 0E 80 96 72 11 00 97 21 14 80 97 A9 FE 41 95 FA FB 41 95 4B F9 41 95 9C F6 41 95 EC F3 01 96 3D F1 81 96 8E EE 01 97 DF EB 81 97 7A 01 80 95 6E 04 80 95 62 07 80 95 56 0A 80 95 4A 0D 40 96 3E 10 C0 96 32 13 40 97 26 16 C0 97 86 FE 81 95 92 FB 81 95 9E F8 81 95 AA F5 81 95 B6 F2 41 96 C2 EF C1 96 CE EC 41 97 DA E9 C1 97 9F 01 C0 95 DE 04 C0 95 1E 08 C0 95 5D 0B C0 95 9E 0E 80 96 DD 11 00 97 1D 15 80 97 5C 18 00 98 61 FE C1 95 22 FB C1 95 E2 F7 C1 95 A3 F4 C1 95 62 F1 81 96 23 EE 01 97 E3 EA 81 97 A4 E7 01 98 C9 01 00 96 5C 05 00 96 EF 08 00 96 82 0C 00 96 15 10 C0 96 A8 13 40 97 3B 17 C0 97 CE 1A 40 98 37 FE 01 96 A4 FA 01 96 11 F7 01 96 7E F3 01 96 EB EF C1 96 58 EC 41 97 C5 E8 C1 97 32 E5 41 98 F7 01 40 96 E5 05 40 96 D4 09 40 96 C2 0D 40 96 B1 11 00 97 9F 15 80 97 8E 19 00 98 7C 1D 80 98 09 FE 41 96 1B FA 41 96 2C F6 41 96 3E F2 41 96 4F EE 01 97 61 EA 81 97 72 E6 01 98 84 E2 81 98 29 02 80 96 7C 06 80 96 CF 0A 80 96 22 0F 80 96 75 13 40 97 C8 17 C0 97 1B 1C 40 98 6E 20 C0 98 D7 FD 81 96 84 F9 81 96 31 F5 81 96 DE F0 81 96 8B EC 41 97 38 E8 C1 97 E5 E3 41 98 92 DF C1 98 60 02 C0 96 21 07 C0 96 E3 0B C0 96 A4 10 C0 96 67 15 80 97 28 1A 00 98 EA 1E 80 98 AB 23 00 99 A0 FD C1 96 DF F8 C1 96 1D F4 C1 96 5C EF C1 96 99 EA 81 97 D8 E5 01 98 16 E1 81 98 55 DC 01 99 9D 02 00 97 D8 07 00 97 14 0D 00 97 4F 12 00 97 8B 17 C0 97 C6 1C 40 98 02 22 C0 98 3D 27 40 99 63 FD 01 97 28 F8 01 97 EC F2 01 97 B1 ED 01 97 75 E8 C1 97 3A E3 41 98 FE DD C1 98 C3 D8 41 99 E0 02 40 97 A1 08 40 97 63 0E 40 97 24 14 40 97 E6 19 00 98 A7 1F 80 98 69 25 00 99 2A 2B 80 99 20 FD 41 97 5F F7 41 97 9D F1 41 97 DC EB 41 97 1A E6 01 98 59 E0 81 98 97 DA 01 99 D6 D4 81 99 2A 03 80 97 7F 09 80 97 D4 0F 80 97 29 16 80 97 7E 1C 40 98 D3 22 C0 98 28 29 40 99 7D 2F C0 99 D6 FC 81 97 81 F6 81 97 2C F0 81 97 D7 E9 81 97 82 E3 41 98 2D DD C1 98 D8 D6 41 99 83 D0 C1 99 7B 03 C0 97 72 0A C0 97 69 11 C0 97 60 18 C0 97 57 1F 80 98 4E 26 00 99 45 2D 80 99 3C 34 00 9A 85 FC C1 97 8E F5 C1 97 97 EE C1 97 A0 E7 C1 97 A9 E0 81 98 B2 D9 01 99 BB D2 81 99 C4 CB 01 9A D4 03 00 98 7D 0B 00 98 26 13 00 98 CF 1A 00 98 79 22 C0 98 22 2A 40 99 CB 31 C0 99 74 39 40 9A 2C FC 01 98 83 F4 01 98 DA EC 01 98 31 E5 01 98 87 DD C1 98 DE D5 41 99 35 CE C1 99 8C C6 41 9A 36 04 40 98 A3 0C 40 98 11 15 40 98 7E 1D 40 98 EC 25 00 99 59 2E 80 99 C7 36 00 9A 34 3F 80 9A CA FB 41 98 5D F3 41 98 EF EA 41 98 82 E2 41 98 14 DA 01 99 A7 D1 81 99 39 C9 01 9A CC C0 81 9A A2 04 80 98 E7 0D 80 98 2C 17 80 98 71 20 80 98 B7 29 40 99 FC 32 C0 99 41 3C 40 9A 86 45 C0 9A 5E FB 81 98 19 F2 81 98 D4 E8 81 98 8F DF 81 98 49 D6 41 99 04 CD C1 99 BF C3 41 9A 7A BA C1 9A 19 05 C0 98 4B 0F C0 98 7E 19 C0 98 B0 23 C0 98 E3 2D 80 99 15 38 00 9A 48 42 80 9A 7A 4C 00 9B E7 FA C1 98 B5 F0 C1 98 82 E6 C1 98 50 DC C1 98 1D D2 81 99 EB C7 01 9A B8 BD 81 9A 86 B3 01 9B 9B 05 00 99 D2 10 00 99 0A 1C 00 99 41 27 00 99 7A 32 C0 99 B1 3D 40 9A E9 48 C0 9A 20 54 40 9B 65 FA 01 99 2E EF 01 99 F6 E3 01 99 BF D8 01 99 86 CD C1 99 4F C2 41 9A 17 B7 C1 9A E0 AB 41 9B 2B 06 40 99 81 12 40 99 D8 1E 40 99 2E 2B 40 99 86 37 00 9A DC 43 80 9A 33 50 00 9B 89 5C 80 9B D5 F9 41 99 7F ED 41 99 28 E1 41 99 D2 D4 41 99 7A C8 01 9A 24 BC 81 9A CD AF 01 9B 77 A3 81 9B C9 06 80 99 5B 14 80 99 EE 21 80 99 80 2F 80 99 14 3D 40 9A A6 4A C0 9A 39 58 40 9B CB 65 C0 9B 37 F9 81 99 A5 EB 81 99 12 DE 81 99 80 D0 81 99 EC C2 41 9A 5A B5 C1 9A C7 A7 41 9B 35 9A C1 9B 77 07 C0 99 65 16 C0 99 53 25 C0 99 41 34 C0 99 30 43 80 9A 1E 52 00 9B 0C 61 80 9B FA 6F 00 9C 89 F8 C1 99 9B E9 C1 99 AD DA C1 99 BF CB C1 99 D0 BC 81 9A E2 AD 01 9B F4 9E 81 9B 06 90 01 9C 36 08 00 9A A2 18 00 9A 0F 29 00 9A 7B 39 00 9A E8 49 C0 9A 54 5A 40 9B C1 6A C0 9B 2D 7B 00 9C CA F7 01 9A 5E E7 01 9A F1 D6 01 9A 85 C6 01 9A 18 B6 C1 9A AC A5 41 9B 3F 95 C1 9B D3 84 01 9C 08 09 40 9A 19 1B 40 9A 2A 2D 40 9A 3B 3F 40 9A 4C 51 00 9B 5D 63 80 9B 6E 75 00 9C 7F 87 00 9C F8 F6 41 9A E7 E4 41 9A D6 D2 41 9A C5 C0 41 9A B4 AE 01 9B A3 9C 81 9B 92 8A 01 9C 81 78 01 9C EF 09 80 9A CE 1D 80 9A AE 31 80 9A 8D 45 80 9A 6D 59 40 9B 4C 6D C0 9B 2C 81 00 9C 0B 95 00 9C 11 F6 81 9A 32 E2 81 9A 52 CE 81 9A 73 BA 81 9A 93 A6 41 9B B4 92 C1 9B D4 7E 01 9C F5 6A 01 9C EE 0A C0 9A CA 20 C0 9A A6 36 C0 9A 82 4C C0 9A 5F 62 80 9B 3B 78 00 9C 17 8E 00 9C F3 A3 00 9C 12 F5 C1 9A 36 DF C1 9A 5A C9 C1 9A 7E B3 C1 9A A1 9D 81 9B C5 87 01 9C E9 71 01 9C 0D 5C 01 9C 05 0C 00 9B 10 24 00 9B 1C 3C 00 9B 27 54 00 9B 34 6C C0 9B 3F 84 00 9C 4B 9C 00 9C 56 B4 00 9C FB F3 01 9B F0 DB 01 9B E4 C3 01 9B D9 AB 01 9B CC 93 C1 9B C1 7B 01 9C B5 63 01 9C AA 4B 01 9C 39 0D 40 9B AC 27 40 9B 20 42 40 9B 93 5C 40 9B 07 77 00 9C 7A 91 00 9C EE AB 00 9C 61 C6 00 9C C7 F2 41 9B 54 D8 41 9B E0 BD 41 9B 6D A3 41 9B F9 88 01 9C 86 6E 01 9C 12 54 01 9C 9F 39 01 9C 8C 0E 80 9B A4 2B 80 9B BD 48 80 9B D5 65 80 9B EE 82 00 9C 06 A0 00 9C 1F BD 00 9C 37 DA 00 9C 74 F1 81 9B 5C D4 81 9B 43 B7 81 9B 2B 9A 81 9B 12 7D 01 9C FA 5F 01 9C E1 42 01 9C C9 25 01 9C FF 0F C0 9B FE 2F C0 9B FE 4F C0 9B FD 6F C0 9B FE 8F 00 9C FD AF 00 9C FD CF 00 9C FC EF 00 9C 01 F0 C1 9B 02 D0 C1 9B 02 B0 C1 9B 03 90 C1 9B 02 70 01 9C 03 50 01 9C 03 30 01 9C 04 10 01 9C 	tables: MDAT "decoder-table.bin"
9C40              	        ASSERT $ == 0x9C40
9C40              	        DS 0x9D00-$
                 	screen_data:
9D00 00 00 00 00 00 00 00 00 00 00 00 00 00 00 00 00 00 00 00 00 00 00 00 00 00 00 00 00 00 00 00 00 00 00 00 00 00 00 00 00 00 00 00 00 00 00 00 00 00 00 00 00 00 00 00 00 00 00 00 00 00 00 00 00 00 00 00 00 00 00 00 00 00 00 00 00 00 00 00 00 00 00 00 00 00 00 00 00 00 00 00 00 00 00 00 00 00 00 00 00 00 00 00 00 00 00 00 00 00 00 00 00 00 00 00 00 00 00 00 00 00 00 00 00 00 00 00 00 00 00 00 00 00 00 00 04 A2 89 01 22 09 09 00 A2 81 04 08 89 00 42 41 28 A0 00 00 00 00 00 00 00 00 00 00 00 00 00 00 00 00 00 00 00 00 00 00 00 00 00 00 00 00 00 00 00 00 00 00 00 00 00 00 00 00 00 00 00 00 00 00 00 00 00 00 00 00 00 00 00 00 00 00 00 00 00 00 00 00 00 00 00 00 00 00 00 00 00 00 00 00 00 00 00 00 00 00 00 00 00 00 00 00 00 00 00 00 00 00 00 00 00 00 00 00 00 00 00 00 00 00 00 00 00 00 00 00 00 00 00 00 00 00 00 00 00 00 00 00 00 00 00 00 00 00 00 00 00 00 00 00 00 00 00 00 00 00 00 00 00 00 00 00 00 00 00 00 00 00 00 00 00 00 00 00 00 00 00 00 00 00 00 00 00 00 00 00 00 00 00 00 00 00 00 00 00 00 00 00 00 00 00 00 00 00 00 00 00 00 00 00 00 00 00 00 00 00 00 00 00 00 00 00 00 00 00 00 00 00 00 00 00 00 00 00 00 00 00 00 00 00 00 00 00 00 00 00 00 00 00 00 00 00 04 A2 89 81 32 09 F1 00 A2 82 04 08 89 F0 7C 41 28 A0 00 00 00 00 00 00 00 00 00 00 00 00 00 00 00 00 00 00 00 00 00 00 00 00 00 00 00 00 00 00 00 00 00 00 00 00 00 00 00 00 00 00 00 00 00 00 00 00 00 00 00 00 00 00 00 00 00 00 00 00 00 00 00 00 00 00 00 00 00 00 00 00 00 00 00 00 00 00 00 00 00 00 00 00 00 00 00 00 00 00 00 00 00 00 00 00 00 00 00 00 00 00 00 00 00 00 00 00 00 00 00 00 00 00 00 00 00 00 00 00 00 00 00 00 00 00 00 00 00 00 00 00 00 00 00 00 00 00 00 00 00 00 00 00 00 00 00 00 00 00 00 00 00 00 00 00 00 00 00 00 00 00 00 00 00 00 00 00 00 00 00 00 00 00 00 00 00 00 00 00 00 00 00 00 00 00 00 00 00 00 00 00 00 00 00 00 00 00 00 00 00 00 00 00 00 00 00 00 00 00 00 00 00 00 00 00 00 00 00 00 00 00 00 00 00 00 00 00 00 00 00 00 00 00 00 00 00 00 04 94 8F 81 F2 09 01 00 94 82 04 08 91 00 40 41 25 20 00 00 00 00 00 00 00 00 00 00 00 00 00 00 00 00 00 00 00 00 00 00 00 00 00 00 00 00 00 00 00 00 00 00 00 00 00 00 00 00 00 00 00 00 00 00 00 00 00 00 00 00 00 00 00 00 00 00 00 00 00 00 00 00 00 00 00 00 00 00 00 00 00 00 00 00 00 00 08 0F 89 FC 0C 20 9F 08 78 09 84 18 33 F6 0C 3C 3E 41 00 00 00 00 00 00 00 00 00 00 00 00 00 00 00 00 00 00 00 00 00 00 00 00 00 00 00 00 00 00 00 00 00 00 00 00 00 00 00 00 00 00 00 00 00 00 00 00 00 00 00 00 00 00 00 00 00 00 00 00 00 00 00 00 00 00 00 00 00 00 00 00 00 00 00 00 00 00 00 00 00 00 00 00 00 00 00 00 00 00 00 00 00 00 00 00 00 00 00 00 00 00 00 00 00 00 00 00 00 00 00 00 00 00 00 00 00 00 00 00 00 00 00 00 00 00 00 00 00 00 00 00 00 00 00 00 00 00 00 00 00 00 04 94 90 82 12 09 01 04 94 82 04 08 51 00 40 41 25 20 00 00 00 00 00 00 00 00 00 00 00 00 00 00 00 00 00 00 00 00 00 00 00 00 00 00 00 00 00 00 00 00 00 00 00 00 00 00 00 00 00 00 00 00 00 00 00 00 00 00 00 00 00 00 00 00 00 00 00 00 00 00 00 00 00 00 00 00 00 00 00 00 00 00 00 00 00 00 18 08 48 20 0A 20 90 88 84 09 84 18 32 06 0C 42 21 22 00 00 00 00 00 00 00 00 00 00 00 00 00 00 00 00 00 00 00 00 00 00 00 00 00 00 00 00 00 00 00 00 00 00 00 00 00 00 00 00 00 00 00 00 00 00 00 00 00 00 00 00 00 00 00 00 00 00 00 00 00 00 00 00 00 00 00 00 00 00 00 00 00 00 00 00 00 00 00 00 00 00 00 00 00 00 00 00 00 00 00 00 00 00 00 00 00 00 00 00 00 00 00 00 00 00 00 00 00 00 00 00 00 00 00 00 00 00 00 00 00 00 00 00 00 00 00 00 00 00 00 00 00 00 00 00 00 00 00 00 00 00 04 94 90 C2 1A 11 00 84 94 84 04 08 51 00 40 42 25 20 00 00 00 00 00 00 00 00 00 00 00 00 00 00 00 00 00 00 00 00 00 00 00 00 00 00 00 00 00 00 00 00 00 00 00 00 00 00 00 00 00 00 00 00 00 00 00 00 00 00 00 00 00 00 00 00 00 00 00 00 00 00 00 00 00 00 00 00 00 00 00 00 00 00 00 00 00 00 28 08 48 20 0A 20 90 49 02 09 44 1C 72 07 1C 81 21 32 00 00 00 00 00 00 00 00 00 00 00 00 00 00 00 00 00 00 00 00 00 00 00 00 00 00 00 00 00 00 00 00 00 00 00 00 00 00 00 00 00 00 00 00 00 00 00 00 00 00 00 00 00 00 00 00 00 00 00 00 00 00 00 00 00 00 00 00 00 00 00 00 00 00 00 00 00 00 00 00 00 00 00 00 00 00 00 00 00 00 00 00 00 00 00 00 00 00 00 00 00 00 00 00 00 00 00 00 00 00 04 C1 86 00 C3 E1 F0 78 C1 80 84 09 05 F8 7C 7C 30 60 00 00 00 00 00 00 00 00 00 00 00 00 00 00 04 88 90 42 0B E1 00 78 88 84 07 E8 61 F8 40 7C 22 20 00 00 00 00 00 00 00 00 00 00 00 00 00 00 00 00 00 00 00 00 00 00 00 00 00 00 00 00 00 00 00 00 00 00 00 00 00 00 00 00 00 00 00 00 00 00 00 00 00 00 00 00 00 00 00 00 00 00 00 00 00 00 00 00 00 00 00 00 00 00 00 00 00 00 00 00 00 00 28 08 48 20 12 20 90 49 02 09 64 14 52 05 14 81 21 14 00 00 00 00 00 00 00 00 00 00 00 00 00 00 00 00 00 00 00 00 00 00 00 00 00 00 00 00 00 00 00 00 00 00 00 00 00 00 00 00 00 00 00 00 00 00 00 00 00 00 00 00 00 00 00 00 00 00 00 00 00 00 00 00 00 00 00 00 00 00 00 00 00 00 00 00 00 00 00 00 00 00 00 00 00 00 00 00 00 00 00 00 00 00 00 00 00 00 00 00 00 00 00 00 00 00 00 00 00 00 04 C1 85 00 A2 11 08 84 C1 81 04 09 05 00 42 42 30 60 00 00 00 00 00 00 00 00 00 00 00 00 00 00 00 00 00 00 00 00 00 00 00 04 00 00 00 00 00 00 00 00 00 00 00 00 00 00 00 00 00 00 00 00 00 00 00 00 00 00 00 00 00 00 00 00 00 00 00 00 00 00 00 00 00 00 00 00 00 00 00 00 00 00 00 00 00 00 00 00 00 00 00 00 00 00 00 00 00 00 00 00 00 00 00 00 00 00 00 00 00 00 00 00 00 00 00 00 00 00 48 0F 88 20 13 20 90 49 02 09 24 14 53 E5 14 81 3E 1C 00 00 00 00 00 00 00 00 00 00 00 00 00 00 00 00 00 00 00 00 00 00 00 00 00 00 00 00 00 00 00 00 00 00 00 00 00 00 00 00 00 00 00 00 00 00 00 00 00 00 00 00 00 00 00 00 00 00 00 00 00 00 00 00 00 00 00 00 00 00 00 00 00 00 00 00 00 00 00 00 00 00 00 00 00 00 00 00 00 00 00 00 00 00 00 00 00 00 00 00 00 00 00 00 00 00 00 00 00 00 04 E3 85 00 A2 09 09 06 E3 81 04 09 09 00 42 41 38 E0 00 00 00 00 00 00 00 00 00 00 00 00 00 00 00 00 00 00 00 00 00 00 00 00 00 00 00 00 00 00 00 00 00 00 00 00 00 00 00 00 00 00 00 00 00 00 00 00 00 00 00 00 00 00 00 00 00 00 00 00 00 00 00 00 00 00 00 00 00 00 00 00 00 00 00 00 00 00 00 00 00 00 00 00 00 00 00 00 00 00 00 00 00 00 00 00 00 00 00 00 00 00 00 00 00 00 00 00 00 00 89 C8 48 20 1F 20 90 49 02 09 34 12 92 04 A4 81 22 08 00 00 00 00 00 00 00 00 00 00 00 00 00 01 FC 08 48 20 21 20 90 49 02 09 14 12 92 04 A4 81 21 08 00 00 00 00 00 00 00 00 00 00 00 00 00 00 00 00 00 00 00 00 00 00 00 00 00 00 00 00 00 00 00 00 00 00 00 00 00 00 00 00 00 00 00 00 00 00 00 00 00 00 00 00 00 00 00 00 00 00 00 00 00 00 00 00 00 00 00 00 00 00 00 00 00 00 00 00 00 84 40 42 21 10 88 00 A3 09 08 10 90 0A 22 04 23 08 01 21 12 00 00 00 00 00 00 00 00 00 00 00 00 00 00 00 00 00 00 00 00 00 00 00 00 00 00 00 00 00 00 00 00 00 00 00 00 00 00 00 00 00 00 00 00 00 00 00 00 00 00 00 00 00 00 00 00 00 00 00 00 00 00 00 00 00 00 00 00 00 00 00 00 00 00 00 00 00 00 00 00 00 00 00 00 00 00 00 00 00 00 00 00 00 00 00 00 00 00 00 00 00 00 00 00 00 00 00 00 0F 10 90 90 83 F8 20 40 A2 90 24 92 04 07 10 24 13 E2 01 F0 00 00 00 00 00 00 00 00 00 00 00 00 00 08 08 48 20 21 B1 90 88 84 09 0C 12 92 04 A4 42 21 08 00 00 00 00 00 00 00 00 00 00 00 00 00 00 00 00 00 00 00 00 00 00 00 00 00 00 00 00 00 00 00 00 00 00 00 00 00 00 00 00 00 00 00 00 00 00 00 00 00 00 00 00 00 00 00 00 00 00 00 00 00 00 00 00 00 00 00 00 00 00 00 00 00 00 00 00 00 82 40 83 40 90 48 00 A2 89 04 10 90 0A 32 08 12 88 02 21 21 00 00 00 00 00 00 00 00 00 00 00 00 00 00 00 00 00 00 00 00 00 00 00 00 00 00 00 00 00 00 00 00 00 00 00 00 00 00 00 00 00 00 00 00 00 00 00 00 00 00 00 00 00 00 00 00 00 00 00 00 00 00 00 00 00 00 00 00 00 00 00 00 00 00 00 00 00 00 00 00 00 00 00 00 00 00 00 00 00 00 00 00 00 00 00 00 00 00 00 00 00 00 00 00 00 00 00 00 10 90 90 90 82 08 40 40 94 90 24 D2 04 00 90 24 12 22 01 00 00 00 00 00 00 00 00 00 00 00 00 00 00 08 0F 88 20 20 9F 1F 08 78 09 0C 11 13 F4 44 3C 21 08 00 00 00 00 00 00 00 00 00 00 00 00 00 00 00 00 00 00 00 00 00 00 00 00 00 00 00 00 00 00 00 00 00 00 00 00 00 00 00 00 00 00 00 00 00 00 00 00 00 00 00 00 00 00 00 00 00 00 00 00 00 00 00 00 00 00 00 00 00 00 00 00 00 00 00 00 00 82 40 80 40 90 48 01 22 C9 04 10 90 12 14 08 12 C8 06 21 21 00 00 00 00 00 00 00 00 00 00 00 00 00 00 00 00 00 00 00 00 00 00 00 00 00 00 00 00 00 00 00 00 00 00 00 00 00 00 00 00 00 00 00 00 00 00 00 00 00 00 00 00 00 00 00 00 00 00 00 00 00 00 00 00 00 00 00 00 00 00 00 00 00 00 00 00 00 00 00 00 00 00 00 00 00 00 00 00 00 00 00 00 00 00 00 00 00 00 00 00 00 00 00 00 00 00 00 00 10 90 90 90 82 08 C0 40 94 90 24 52 04 10 90 24 12 12 09 00 00 00 00 00 00 00 00 00 00 00 00 00 00 00 00 00 00 00 00 00 00 00 00 00 00 00 00 00 00 00 00 00 00 00 00 00 00 00 00 00 00 00 00 00 00 00 00 00 00 00 00 00 00 00 00 00 00 00 00 00 00 00 00 00 00 00 00 00 00 00 00 00 00 00 00 00 00 00 00 00 00 00 00 00 00 00 00 00 00 00 00 00 00 00 00 00 00 00 00 00 00 00 00 00 00 00 00 00 82 7C 80 40 90 4F 81 32 49 04 1F 10 13 1C 08 12 48 04 1E 21 00 00 00 00 00 00 00 00 00 00 00 00 00 00 00 00 00 00 00 00 00 00 00 00 00 00 00 00 00 00 00 00 00 00 00 00 00 00 00 00 00 00 00 00 00 00 00 00 00 00 00 00 00 00 00 00 00 00 00 00 00 00 00 00 00 00 00 00 00 00 00 00 00 00 00 00 00 00 00 00 00 00 00 00 00 00 00 00 00 00 00 00 00 00 00 00 00 00 00 00 00 00 00 00 00 00 00 00 10 89 09 09 02 09 80 80 94 88 44 31 08 10 88 46 32 11 09 00 00 00 00 00 00 00 00 00 00 00 00 00 00 00 00 00 00 00 00 00 00 00 00 00 00 00 00 00 00 00 00 00 00 00 00 00 00 00 00 00 00 00 00 00 00 00 00 00 00 00 00 00 00 00 00 00 00 00 00 00 00 00 00 00 00 00 00 00 00 00 00 00 00 00 00 00 00 00 00 00 00 00 00 00 00 00 00 00 00 00 00 00 00 00 00 00 00 00 00 00 00 00 00 00 00 00 00 00 82 40 80 40 90 48 01 F2 69 04 10 10 1F 08 08 12 68 08 21 21 00 00 00 00 00 00 00 00 00 00 00 00 00 00 00 00 00 00 00 00 00 00 00 00 00 00 00 00 00 00 00 00 00 00 00 00 00 00 00 00 00 00 00 00 00 00 00 00 00 00 00 00 00 00 00 00 00 00 00 00 00 00 00 00 00 00 00 00 00 00 00 00 00 00 00 00 0F 0F 0F 0F 02 08 00 10 C1 87 86 10 F0 0F 07 84 13 E0 F1 F8 00 00 00 00 00 00 00 00 00 00 00 00 0F 0F 0F 0F 02 09 F8 80 88 87 84 30 F0 0F 07 83 E2 10 F1 F8 00 00 00 00 00 00 00 00 00 00 00 00 00 00 00 00 00 00 00 00 00 00 00 00 00 00 00 00 00 00 00 00 00 00 00 00 00 00 00 00 00 00 00 00 00 00 00 00 00 00 00 00 00 00 00 00 00 00 00 00 00 00 00 00 00 00 00 00 00 00 00 00 00 00 00 00 00 00 00 00 00 00 00 00 00 00 00 00 00 00 00 00 00 00 00 00 00 00 00 00 00 00 00 00 00 00 00 00 82 40 82 40 90 48 02 12 29 04 10 10 21 08 08 12 28 10 21 21 00 00 00 00 00 00 00 00 00 00 00 00 00 00 00 00 00 00 00 00 00 00 00 00 00 00 00 00 00 00 00 00 00 00 00 00 00 00 00 00 00 00 00 00 00 00 00 00 00 00 00 00 00 00 00 00 00 00 00 00 00 00 00 00 00 00 00 00 00 00 00 00 00 00 00 00 10 89 09 09 02 08 00 20 C1 88 46 11 08 11 88 44 12 11 09 00 00 00 00 00 00 00 00 00 00 00 00 00 00 00 00 00 00 00 00 80 00 00 00 00 00 00 00 00 00 00 00 00 00 00 00 00 00 00 00 00 00 00 00 00 00 00 00 00 00 00 00 00 00 00 00 00 00 00 00 00 00 00 00 00 00 00 00 00 00 00 00 00 00 00 00 00 00 00 00 00 00 00 00 00 00 00 00 00 00 00 00 00 00 00 00 00 00 00 00 00 00 00 00 00 00 00 00 00 00 00 00 00 00 00 00 00 00 00 00 00 00 00 00 00 00 00 00 00 00 00 00 00 00 00 00 00 00 00 00 00 84 40 42 21 10 88 02 1A 19 08 10 10 21 88 04 22 18 30 21 12 00 00 00 00 00 00 00 00 00 00 00 00 00 00 00 00 00 00 00 00 00 00 00 00 00 00 00 00 00 00 00 00 00 00 00 00 00 00 00 00 00 00 00 00 00 00 00 00 00 00 00 00 00 00 00 00 00 00 00 00 00 00 00 00 00 00 00 00 00 00 00 00 00 00 00 00 10 90 90 90 82 09 F8 20 E3 90 25 12 04 10 90 24 12 12 0D 00 00 00 00 00 00 00 00 00 00 00 00 00 00 00 00 00 00 00 00 00 00 00 00 00 00 00 00 00 00 00 00 00 00 00 00 00 00 00 00 00 00 00 00 00 00 00 00 00 00 00 00 00 00 00 00 00 00 00 00 00 00 00 00 00 00 00 00 00 00 00 00 00 00 00 00 00 00 00 00 00 00 00 00 00 00 00 00 00 00 00 00 00 00 00 00 00 00 00 00 00 00 00 00 00 00 00 00 00 F8 7E 3C 1E 1F 0F C0 C3 09 F0 1F 10 0C 41 03 C3 08 3F 9E 1E 00 00 00 00 00 00 00 00 00 00 00 00 F8 7E 3C 1E 1F 0F C2 0A 19 F0 10 1F A0 88 03 C2 18 3F 9E 1E 00 00 00 00 00 00 00 00 00 00 00 00 00 00 00 00 00 00 00 00 00 00 00 00 00 00 00 00 00 00 00 00 00 00 00 00 00 00 00 00 00 00 00 00 00 00 00 00 00 00 00 00 00 00 00 00 00 00 00 00 00 00 00 00 00 00 00 00 00 00 00 00 00 00 00 00 10 90 90 90 82 08 10 20 A2 90 25 92 04 18 10 24 12 12 01 00 00 00 00 00 00 00 00 00 00 00 00 00 00 00 00 00 00 00 00 00 00 00 00 00 00 00 00 00 00 00 00 00 00 00 00 00 00 00 00 00 00 00 00 00 00 00 00 00 00 00 00 00 00 00 00 00 00 00 00 00 00 00 00 00 00 00 00 00 00 00 00 00 00 00 00 00 00 00 00 00 00 00 00 00 00 00 00 00 00 00 00 00 00 00 00 00 00 00 00 00 00 00 00 00 00 00 00 00 00 00 00 00 00 00 00 00 00 00 00 00 00 00 00 00 00 00 00 00 00 00 00 00 00 00 00 00 00 00 00 00 00 00 00 08 18 89 19 02 08 02 12 1A 52 40 40 81 08 00 00 00 00 00 00 00 00 00 00 00 00 00 00 00 00 00 00 00 00 00 00 00 00 00 00 00 00 00 00 00 00 00 00 00 00 00 00 00 00 00 00 00 00 00 00 00 00 00 00 00 00 00 00 00 00 00 00 00 00 00 00 00 00 00 00 00 00 00 00 00 00 00 00 00 00 00 00 00 00 20 40 90 27 C0 81 F1 F0 E3 E0 80 10 81 01 C0 84 09 F0 00 00 00 00 00 00 00 00 00 00 00 00 00 00 00 00 00 00 00 00 00 00 00 00 00 00 00 00 00 00 00 00 00 00 00 00 00 00 00 00 00 00 00 00 00 00 00 00 00 00 00 00 00 00 00 00 00 00 00 00 00 00 00 00 00 00 00 00 00 00 00 00 00 00 00 00 00 00 00 00 00 00 00 00 00 00 00 00 00 00 00 00 00 00 00 00 00 00 00 00 00 00 00 00 00 00 00 00 00 00 00 00 0F 0F 0F 0F 06 0F 01 E0 C3 06 7C 40 FC F0 00 00 00 00 00 00 00 00 00 00 00 00 00 00 00 00 00 00 1F 8F 0F 0E 02 1F 81 E2 0A 22 40 7E FC F0 00 00 00 00 00 00 00 00 00 00 00 00 00 00 00 00 00 00 00 00 00 00 00 00 00 00 00 00 00 00 00 00 00 00 00 00 00 00 00 00 00 00 00 00 00 00 00 00 00 00 00 00 00 00 00 00 00 00 00 00 00 00 00 00 00 00 00 00 00 00 00 00 00 00 00 00 00 00 00 00 20 40 90 24 00 81 11 00 12 00 80 10 81 00 20 84 09 00 00 00 00 00 00 00 00 00 00 00 00 00 00 00 00 00 00 00 00 00 00 00 00 00 00 00 00 00 00 00 00 00 00 00 00 00 00 00 00 00 00 00 00 00 00 00 00 00 00 00 00 00 00 00 00 00 00 00 00 00 00 00 00 00 00 00 00 00 00 00 00 00 00 00 00 00 00 00 00 00 00 00 00 00 00 00 00 00 00 00 00 00 00 00 00 00 00 00 00 00 00 00 00 00 00 00 00 00 00 00 00 00 08 88 89 19 9A 08 82 30 A3 06 42 40 81 18 00 00 00 00 00 00 00 00 00 00 00 00 00 00 00 00 00 00 00 00 00 00 00 00 00 00 00 00 00 00 00 00 00 00 00 00 00 00 00 00 00 00 00 00 00 00 00 00 00 00 00 00 00 00 00 00 00 00 00 00 00 00 00 00 00 00 00 00 00 00 00 00 00 00 00 00 00 00 00 00 00 00 00 00 00 00 00 00 00 00 00 00 00 00 00 00 00 00 00 00 00 00 00 00 00 00 00 00 00 00 00 00 20 40 90 24 00 81 09 02 12 00 80 10 81 04 20 84 09 00 00 00 00 00 00 00 00 00 00 00 00 00 00 00 00 00 00 00 00 00 00 00 00 00 00 00 00 00 00 00 00 00 00 00 00 00 00 00 00 00 00 00 00 00 00 00 00 00 00 00 00 00 00 00 00 00 00 00 00 00 00 00 00 00 00 00 00 00 00 00 00 00 00 00 00 00 00 00 00 00 00 00 00 00 00 00 00 00 00 00 00 00 00 00 00 00 00 00 00 00 00 00 00 00 00 00 00 00 00 00 00 00 10 90 90 90 92 10 82 10 A3 8E 42 40 81 08 00 00 00 00 00 00 00 00 00 00 00 00 00 00 00 00 00 00 00 00 00 00 00 00 00 00 00 00 00 00 00 00 00 00 00 00 00 00 00 00 00 00 00 00 00 00 00 00 00 00 00 00 00 00 00 00 00 00 00 00 00 00 00 00 00 00 00 00 00 00 00 00 00 00 00 00 00 00 00 00 00 00 00 00 00 00 00 00 00 00 00 00 00 00 00 00 00 00 00 00 00 00 00 00 00 00 00 00 00 00 00 00 20 21 08 44 01 01 09 02 12 00 80 10 42 04 20 82 11 00 00 00 00 00 00 00 00 00 00 00 00 00 00 00 00 00 00 00 00 00 00 00 00 00 00 00 00 00 00 00 00 00 00 00 00 00 00 00 00 00 00 00 00 00 00 00 00 00 00 00 00 00 00 00 00 00 00 00 00 00 00 00 00 00 00 00 00 00 00 00 00 00 00 00 00 00 00 00 00 00 00 00 00 00 00 00 00 00 00 00 00 00 00 00 00 00 00 00 00 00 00 00 00 00 00 00 00 00 00 00 00 00 00 81 90 90 82 00 83 01 22 8A 42 40 81 80 00 00 00 00 00 00 00 00 00 00 00 00 00 00 00 00 00 00 00 00 00 00 00 00 00 00 00 00 00 00 00 00 00 00 00 00 00 00 00 00 00 00 00 00 00 00 00 00 00 00 00 00 00 00 00 00 00 00 00 00 00 00 00 00 00 00 00 00 00 00 00 00 00 00 00 00 00 00 00 00 20 1E 07 87 C0 21 F1 F9 E3 F7 F0 FE 3C 03 C7 F1 E1 F0 00 00 00 00 00 00 00 00 00 00 00 00 00 00 3F 1E 07 84 01 01 09 F9 E3 F0 80 10 3C 03 C0 81 E1 00 00 00 00 00 00 00 00 00 00 00 00 00 00 00 00 00 00 00 00 00 00 00 00 00 00 00 00 00 00 00 00 00 00 00 00 00 00 00 00 00 00 00 00 00 00 00 00 00 00 00 00 00 00 00 00 00 00 00 00 00 00 00 00 00 00 00 00 00 00 00 00 00 00 00 00 00 00 00 00 00 00 00 00 00 00 00 00 00 00 00 00 00 00 00 00 00 00 00 00 00 00 00 00 00 00 00 00 00 00 00 00 00 01 03 10 99 82 01 00 E1 32 8A 7C 40 F8 70 00 00 00 00 00 00 00 00 00 00 00 00 00 00 00 00 00 00 00 00 00 00 00 00 00 00 00 00 00 00 00 00 00 00 00 00 00 00 00 00 00 00 00 00 00 00 00 00 00 00 00 00 00 00 00 00 00 00 00 00 00 00 00 00 00 00 00 00 00 00 00 00 00 00 00 00 00 00 00 00 20 21 08 44 20 41 09 02 32 00 80 10 42 04 60 82 11 08 00 00 00 00 00 00 00 00 00 00 00 00 00 00 00 00 00 00 01 00 00 00 00 00 00 00 00 00 00 00 00 00 00 00 00 00 00 00 00 00 00 00 00 00 00 00 00 00 00 00 00 00 00 00 00 00 00 00 00 00 00 00 00 00 00 00 00 00 00 00 00 00 00 00 00 00 00 00 00 00 00 00 00 00 00 00 00 00 00 00 00 00 00 00 00 00 00 00 00 00 00 00 00 00 00 00 00 00 00 00 00 00 00 00 00 00 00 00 00 00 00 00 00 00 00 00 00 00 00 00 00 00 00 00 00 00 00 00 00 00 00 00 00 00 02 00 90 8E 82 02 00 11 F2 52 40 40 80 08 00 00 00 00 00 00 00 00 00 00 00 00 00 00 00 00 00 00 00 00 00 00 00 00 00 00 00 00 00 00 00 00 00 00 00 00 00 00 00 00 00 00 00 00 00 00 00 00 00 00 00 00 00 00 00 00 00 00 00 00 00 00 00 00 00 00 00 00 00 00 00 00 00 00 00 00 00 00 00 00 20 40 90 24 20 41 09 02 12 00 80 10 81 04 20 84 09 08 00 00 00 00 00 00 00 00 00 00 00 00 00 00 00 00 00 00 00 00 00 00 00 00 00 00 00 00 00 00 00 00 00 00 00 00 00 00 00 00 00 00 00 00 00 00 00 00 00 00 00 00 00 00 00 00 00 00 00 00 00 00 00 00 00 00 00 00 00 00 00 00 00 00 00 00 00 00 00 00 00 00 00 00 00 00 00 00 00 00 00 00 00 00 00 00 00 00 00 00 00 00 00 00 00 00 00 00 00 00 00 00 00 00 00 00 00 00 00 00 00 00 00 00 00 00 00 00 00 00 00 00 00 00 00 00 00 00 00 00 00 00 00 00 04 10 90 90 82 04 02 12 12 52 40 40 81 08 00 00 00 00 00 00 00 00 00 00 00 00 00 00 00 00 00 00 00 00 00 00 00 00 00 00 00 00 00 00 00 00 00 00 00 00 00 00 00 00 00 00 00 00 00 00 00 00 00 00 00 00 00 00 00 00 00 00 00 00 00 00 00 00 00 00 00 00 00 00 00 00 00 00 00 00 00 00 00 00 20 40 90 24 20 41 09 03 02 00 80 10 81 06 00 84 09 08 00 00 00 00 00 00 00 00 00 00 00 00 00 00 00 00 00 00 00 00 00 00 00 00 00 00 00 00 00 00 00 00 00 00 00 00 00 00 00 00 00 00 00 00 00 00 00 00 00 00 00 00 00 00 00 00 00 00 00 00 00 00 00 00 00 00 00 00 00 00 00 47 47 47 47 47 47 47 47 47 47 47 47 47 47 47 47 47 47 47 47 47 47 47 47 47 47 47 47 47 47 47 47 47 47 47 47 47 47 47 47 47 47 47 47 47 47 47 47 47 47 47 47 47 47 47 47 47 47 47 47 47 47 47 47 47 47 47 47 47 47 47 47 47 47 47 47 47 47 47 47 47 47 47 47 47 47 47 47 47 47 47 47 47 47 47 47 47 47 47 47 47 47 47 47 47 47 47 47 47 47 47 47 47 47 47 47 47 47 47 47 47 47 47 47 47 47 47 47 47 47 47 47 47 47 47 47 47 47 47 47 47 47 47 47 47 47 47 47 47 47 47 47 47 47 47 47 47 47 47 47 47 47 47 47 47 47 47 47 47 47 47 47 47 47 47 47 47 47 47 47 47 47 47 47 47 47 47 47 47 47 47 47 47 47 47 47 47 47 47 47 47 47 47 47 47 47 47 47 47 47 47 47 47 47 47 47 47 47 47 47 47 47 47 47 47 47 47 47 47 47 47 47 47 47 47 47 47 47 47 47 47 47 47 47 47 47 47 47 47 47 47 47 47 47 47 47 47 47 47 47 47 47 47 47 47 47 47 47 47 47 47 47 47 47 47 47 47 47 47 47 47 47 47 47 47 47 47 47 47 47 47 47 47 47 47 47 47 47 47 47 47 47 47 47 47 47 47 47 47 47 47 47 47 47 47 47 47 47 47 47 47 47 47 47 47 47 47 47 47 47 47 47 47 47 47 47 47 47 47 47 47 47 47 47 47 47 47 47 47 47 47 47 47 47 47 47 47 47 47 47 47 47 47 47 47 47 47 47 47 47 47 47 47 47 47 47 47 47 47 47 47 47 47 47 47 47 47 47 47 47 47 47 47 47 47 47 47 47 47 47 47 47 47 47 47 47 47 47 47 47 47 47 47 47 47 47 47 47 47 47 47 47 47 47 47 47 47 47 47 47 47 47 47 47 47 47 47 47 47 47 47 47 47 47 47 47 47 47 47 47 47 47 47 47 47 47 47 47 47 47 47 47 47 47 47 47 47 47 47 47 47 47 47 47 47 47 47 47 47 47 47 47 47 47 47 47 47 47 47 47 47 47 47 47 47 47 47 47 47 47 47 47 47 47 47 47 47 47 47 47 47 47 47 47 47 47 47 47 47 47 47 47 47 47 47 47 47 47 47 47 47 47 47 47 47 47 47 47 47 47 47 47 47 47 47 47 47 47 47 47 47 47 47 47 47 47 47 47 47 47 47 47 47 47 47 47 47 47 47 47 47 47 47 47 47 47 47 47 47 47 47 47 47 47 47 47 47 47 47 47 47 47 47 47 47 47 47 47 47 47 47 47 47 47 47 47 47 47 47 47 47 47 47 47 47 47 47 47 47 47 47 47 47 47 47 47 47 47 47 47 47 47 47 47 47 47 47 47 47 47 47 47 47 47 47 47 47 47 47 47 47 47 47 47 47 47 47 47 47 47 47 47 47 47 47 47 47 47 47 47 47 47 47 47 47 47 47 47 47 47 47 47 47 47 47 47 47 47 47 47 47 47 47 47 47 47 47 47 47 47 47 47 47 47 47 47 47 47 47 47 47 47 47 47 47 47 47 47 47 47 47 47 47 47 47 47 47 47 47 47 47 47 47 47 47 47 47 47 47 47 47 47 47 47 47 47 47 47 47 47 47 47 47 47 47 47 47 47 47 47 47 47 47 47 47 47 47 47 	        MDAT "screen.bin"
                 	player_end:
B800              	        ASSERT $ == 0xB800      ; bank-2 audio starts at 9D00 (DD00 when paged)
