{"stage": "convert-part", "part": 1, "parts": 5, "start": 0, "stop": 186752, "samples": 186880, "sectors": 516}
{"input": "C:\\Work\\ZX-video\\.worktree\\lpc-ima-preload\\build\\ima4-full-disk\\work\\input-00001.wav", "prepared_pcm_unchanged": true, "prepared_samples": 186880, "sample_rate_hz": 8000, "channels": 1, "pcm_bits": 8, "fixed_gain": 1.0, "silence_guard_samples": 128, "source_sha256": "d6e5b1c1041d8c626d4fec3fea6a313c212e35c844fcdacd33734c3c16548fb4"}
{"scope": "Measure direct-player loop periods cheaply before a full output trace.\n\nThis is only a phase probe. It neither validates sample contents nor qualifies\na release; the complete native/Fuse checks remain mandatory after calibration.\n", "first_output_absolute_tstates": [93812549, 176633445, 259453989], "field_phases": [1265, 1617, 1617], "cycle_tstates": [82820896, 82820544], "target_cycle_tstates": 82891452, "deltas_from_target": [-70556, -70908], "exact_repeat_phase": false, "idle_pairs": 0, "idle_pad_tstates": 0}
{"scope": "Measure direct-player loop periods cheaply before a full output trace.\n\nThis is only a phase probe. It neither validates sample contents nor qualifies\na release; the complete native/Fuse checks remain mandatory after calibration.\n", "first_output_absolute_tstates": [93741641, 176631933, 259521913], "field_phases": [1265, 105, 69541], "cycle_tstates": [82890292, 82889980], "target_cycle_tstates": 82891452, "deltas_from_target": [-1160, -1472], "exact_repeat_phase": false, "idle_pairs": 1260, "idle_pad_tstates": 0}
{"scope": "Measure direct-player loop periods cheaply before a full output trace.\n\nThis is only a phase probe. It neither validates sample contents nor qualifies\na release; the complete native/Fuse checks remain mandatory after calibration.\n", "first_output_absolute_tstates": [93741641, 176633032, 259523860], "field_phases": [1265, 1204, 580], "cycle_tstates": [82891391, 82890828], "target_cycle_tstates": 82891452, "deltas_from_target": [-61, -624], "exact_repeat_phase": false, "idle_pairs": 1281, "idle_pad_tstates": 0}
{"scope": "Measure direct-player loop periods cheaply before a full output trace.\n\nThis is only a phase probe. It neither validates sample contents nor qualifies\na release; the complete native/Fuse checks remain mandatory after calibration.\n", "first_output_absolute_tstates": [93812547, 176704001, 259595453], "field_phases": [1263, 1265, 1265], "cycle_tstates": [82891454, 82891452], "target_cycle_tstates": 82891452, "deltas_from_target": [2, 0], "exact_repeat_phase": false, "idle_pairs": 1281, "idle_pad_tstates": 61}
{"verified_variant": "C:\\Work\\ZX-video\\.worktree\\lpc-ima-preload\\build\\ima4-full-disk\\work\\part-00001\\pilot\\phase-03", "two_loop_clock_aware_snr_db": [-2.7792362602732226, -2.7799282329178028], "minimum_snr_db": -2.7799282329178028, "snr_at_least_20_db": false, "mean_prepared_sample_rate_hz": 7996.538171453345, "mean_speed_error_percent": -0.04327285683318749, "speed_within_two_percent": true, "reference_rate_hz": 8000, "physical_hardware_tested": false, "complete_trace_phase_deltas_tstates": [3, 0]}
{"scope": "Measure direct-player loop periods cheaply before a full output trace.\n\nThis is only a phase probe. It neither validates sample contents nor qualifies\na release; the complete native/Fuse checks remain mandatory after calibration.\n", "first_output_absolute_tstates": [93741639, 176562332, 259382876], "field_phases": [1263, 1412, 1412], "cycle_tstates": [82820693, 82820544], "target_cycle_tstates": 82891452, "deltas_from_target": [-70759, -70908], "exact_repeat_phase": false, "idle_pairs": 0, "idle_pad_tstates": 0}
{"scope": "Measure direct-player loop periods cheaply before a full output trace.\n\nThis is only a phase probe. It neither validates sample contents nor qualifies\na release; the complete native/Fuse checks remain mandatory after calibration.\n", "first_output_absolute_tstates": [93812547, 176702841, 259593237], "field_phases": [1263, 105, 69957], "cycle_tstates": [82890294, 82890396], "target_cycle_tstates": 82891452, "deltas_from_target": [-1158, -1056], "exact_repeat_phase": false, "idle_pairs": 1264, "idle_pad_tstates": 0}
{"scope": "Measure direct-player loop periods cheaply before a full output trace.\n\nThis is only a phase probe. It neither validates sample contents nor qualifies\na release; the complete native/Fuse checks remain mandatory after calibration.\n", "first_output_absolute_tstates": [93741639, 176633032, 259524068], "field_phases": [1263, 1204, 788], "cycle_tstates": [82891393, 82891036], "target_cycle_tstates": 82891452, "deltas_from_target": [-59, -416], "exact_repeat_phase": false, "idle_pairs": 1285, "idle_pad_tstates": 0}
{"scope": "Measure direct-player loop periods cheaply before a full output trace.\n\nThis is only a phase probe. It neither validates sample contents nor qualifies\na release; the complete native/Fuse checks remain mandatory after calibration.\n", "first_output_absolute_tstates": [93812549, 176703999, 259595451], "field_phases": [1265, 1263, 1263], "cycle_tstates": [82891450, 82891452], "target_cycle_tstates": 82891452, "deltas_from_target": [-2, 0], "exact_repeat_phase": false, "idle_pairs": 1285, "idle_pad_tstates": 59}
{"verified_variant": "C:\\Work\\ZX-video\\.worktree\\lpc-ima-preload\\build\\ima4-full-disk\\work\\part-00001\\compensated-1\\phase-03", "two_loop_clock_aware_snr_db": [11.331951430332126, 11.330344374480159], "minimum_snr_db": 11.330344374480159, "snr_at_least_20_db": false, "mean_prepared_sample_rate_hz": 7996.538364393342, "mean_speed_error_percent": -0.04327044508322109, "speed_within_two_percent": true, "reference_rate_hz": 8000, "physical_hardware_tested": false, "complete_trace_phase_deltas_tstates": [-1, 0]}
{"scope": "Measure direct-player loop periods cheaply before a full output trace.\n\nThis is only a phase probe. It neither validates sample contents nor qualifies\na release; the complete native/Fuse checks remain mandatory after calibration.\n", "first_output_absolute_tstates": [93812549, 176633240, 259453784], "field_phases": [1265, 1412, 1412], "cycle_tstates": [82820691, 82820544], "target_cycle_tstates": 82891452, "deltas_from_target": [-70761, -70908], "exact_repeat_phase": false, "idle_pairs": 0, "idle_pad_tstates": 0}
{"scope": "Measure direct-player loop periods cheaply before a full output trace.\n\nThis is only a phase probe. It neither validates sample contents nor qualifies\na release; the complete native/Fuse checks remain mandatory after calibration.\n", "first_output_absolute_tstates": [93741641, 176631933, 259522121], "field_phases": [1265, 105, 69749], "cycle_tstates": [82890292, 82890188], "target_cycle_tstates": 82891452, "deltas_from_target": [-1160, -1264], "exact_repeat_phase": false, "idle_pairs": 1264, "idle_pad_tstates": 0}
{"scope": "Measure direct-player loop periods cheaply before a full output trace.\n\nThis is only a phase probe. It neither validates sample contents nor qualifies\na release; the complete native/Fuse checks remain mandatory after calibration.\n", "first_output_absolute_tstates": [93812549, 176703940, 259594976], "field_phases": [1265, 1204, 788], "cycle_tstates": [82891391, 82891036], "target_cycle_tstates": 82891452, "deltas_from_target": [-61, -416], "exact_repeat_phase": false, "idle_pairs": 1285, "idle_pad_tstates": 0}
{"scope": "Measure direct-player loop periods cheaply before a full output trace.\n\nThis is only a phase probe. It neither validates sample contents nor qualifies\na release; the complete native/Fuse checks remain mandatory after calibration.\n", "first_output_absolute_tstates": [93741640, 176633093, 259524545], "field_phases": [1264, 1265, 1265], "cycle_tstates": [82891453, 82891452], "target_cycle_tstates": 82891452, "deltas_from_target": [1, 0], "exact_repeat_phase": false, "idle_pairs": 1285, "idle_pad_tstates": 61}
{"verified_variant": "C:\\Work\\ZX-video\\.worktree\\lpc-ima-preload\\build\\ima4-full-disk\\work\\part-00001\\compensated-2\\phase-03", "two_loop_clock_aware_snr_db": [11.436517334181538, 11.436949419109204], "minimum_snr_db": 11.436517334181538, "snr_at_least_20_db": false, "mean_prepared_sample_rate_hz": 7996.538316158341, "mean_speed_error_percent": -0.04327104802073212, "speed_within_two_percent": true, "reference_rate_hz": 8000, "physical_hardware_tested": false, "complete_trace_phase_deltas_tstates": [0, 0]}
{"model_prepared": true, "unique_packet_shapes": 93, "baseline_model_snr_db": 11.451960171026354}
{"encoded_samples": 16384, "total_samples": 186880}
{"encoded_samples": 32768, "total_samples": 186880}
{"encoded_samples": 49152, "total_samples": 186880}
{"encoded_samples": 65536, "total_samples": 186880}
{"encoded_samples": 81920, "total_samples": 186880}
{"encoded_samples": 98304, "total_samples": 186880}
{"encoded_samples": 114688, "total_samples": 186880}
{"encoded_samples": 131072, "total_samples": 186880}
{"encoded_samples": 147456, "total_samples": 186880}
{"encoded_samples": 163840, "total_samples": 186880}
{"encoded_samples": 180224, "total_samples": 186880}
{"scope": "Encode IMA against the filtered, timed PDM waveform on a saved schedule.\n\nAll extra computation is offline. This host probe neither changes the Z80\ndecoder nor proves that a new byte stream retains the pilot's ULA timeline.\nThe scoring model is an analog approximation to the existing listening filter;\nthe final host score still uses the unchanged FFmpeg measurement pipeline.\n", "input": "C:\\Work\\ZX-video\\.worktree\\lpc-ima-preload\\build\\ima4-full-disk\\work\\part-00001\\compensated-2\\phase-03", "samples": 186880, "beam_width": 256, "block_size": 128, "commit_size": 64, "allowed_ima_nibbles": [0, 1, 2, 3, 4, 5, 6, 7, 8, 9, 10, 11, 12, 13, 14, 15], "ima3_subset": false, "source_sha256": "d6e5b1c1041d8c626d4fec3fea6a313c212e35c844fcdacd33734c3c16548fb4", "packed_sha256": "5208fe88c637efeedcb5a9a6922b8e7b7fb6b5e86be8d12da96654c4d848a780", "merge_rule": "Heuristic: retain lowest-cost filter history per discrete predictor/index/PDM state", "history_bins": 0, "search_backend": "native", "search_seconds": 195.5779999999795, "baseline_model_snr_db": 11.451960171026354, "host_fixed_clock_snr_db": 13.91345382918139, "control_prior": "compensated", "control_regularization": 0.1, "elapsed_seconds": 207.28100000007544, "ordinary_native_tstate_delta": 0, "new_timeline_verified": false, "saturation_guard": {"samples": 186880, "saturation_events": 0, "raw_min": -13533, "raw_max": 15417}, "model": "Analog six-state filter, analytic pulse propagation, midpoint quadrature"}
{"model_prepared": true, "unique_packet_shapes": 93, "baseline_model_snr_db": 11.451960171026354}
{"encoded_samples": 16384, "total_samples": 186880}
{"encoded_samples": 32768, "total_samples": 186880}
{"encoded_samples": 49152, "total_samples": 186880}
{"encoded_samples": 65536, "total_samples": 186880}
{"encoded_samples": 81920, "total_samples": 186880}
{"encoded_samples": 98304, "total_samples": 186880}
{"encoded_samples": 114688, "total_samples": 186880}
{"encoded_samples": 131072, "total_samples": 186880}
{"encoded_samples": 147456, "total_samples": 186880}
{"encoded_samples": 163840, "total_samples": 186880}
{"encoded_samples": 180224, "total_samples": 186880}
{"scope": "Encode IMA against the filtered, timed PDM waveform on a saved schedule.\n\nAll extra computation is offline. This host probe neither changes the Z80\ndecoder nor proves that a new byte stream retains the pilot's ULA timeline.\nThe scoring model is an analog approximation to the existing listening filter;\nthe final host score still uses the unchanged FFmpeg measurement pipeline.\n", "input": "C:\\Work\\ZX-video\\.worktree\\lpc-ima-preload\\build\\ima4-full-disk\\work\\part-00001\\compensated-2\\phase-03", "samples": 186880, "beam_width": 512, "block_size": 128, "commit_size": 64, "allowed_ima_nibbles": [0, 1, 2, 3, 4, 5, 6, 7, 8, 9, 10, 11, 12, 13, 14, 15], "ima3_subset": false, "source_sha256": "d6e5b1c1041d8c626d4fec3fea6a313c212e35c844fcdacd33734c3c16548fb4", "packed_sha256": "6f454674393217a1662d225fac49e93fd845c4e913fa59a5b0d2ae708a7642c4", "merge_rule": "Heuristic: retain lowest-cost filter history per discrete predictor/index/PDM state", "history_bins": 0, "search_backend": "native", "search_seconds": 292.655999999959, "baseline_model_snr_db": 11.451960171026354, "host_fixed_clock_snr_db": 13.340195747812944, "control_prior": "compensated", "control_regularization": 0.03, "elapsed_seconds": 298.3279999999795, "ordinary_native_tstate_delta": 0, "new_timeline_verified": false, "saturation_guard": {"samples": 186880, "saturation_events": 0, "raw_min": -13906, "raw_max": 15727}, "model": "Analog six-state filter, analytic pulse propagation, midpoint quadrature"}
{"model_prepared": true, "unique_packet_shapes": 93, "baseline_model_snr_db": 11.451960171026354}
{"encoded_samples": 16384, "total_samples": 186880}
{"encoded_samples": 32768, "total_samples": 186880}
{"encoded_samples": 49152, "total_samples": 186880}
{"encoded_samples": 65536, "total_samples": 186880}
{"encoded_samples": 81920, "total_samples": 186880}
{"encoded_samples": 98304, "total_samples": 186880}
{"encoded_samples": 114688, "total_samples": 186880}
{"encoded_samples": 131072, "total_samples": 186880}
{"encoded_samples": 147456, "total_samples": 186880}
{"encoded_samples": 163840, "total_samples": 186880}
{"encoded_samples": 180224, "total_samples": 186880}
{"scope": "Encode IMA against the filtered, timed PDM waveform on a saved schedule.\n\nAll extra computation is offline. This host probe neither changes the Z80\ndecoder nor proves that a new byte stream retains the pilot's ULA timeline.\nThe scoring model is an analog approximation to the existing listening filter;\nthe final host score still uses the unchanged FFmpeg measurement pipeline.\n", "input": "C:\\Work\\ZX-video\\.worktree\\lpc-ima-preload\\build\\ima4-full-disk\\work\\part-00001\\compensated-2\\phase-03", "samples": 186880, "beam_width": 512, "block_size": 256, "commit_size": 64, "allowed_ima_nibbles": [0, 1, 2, 3, 4, 5, 6, 7, 8, 9, 10, 11, 12, 13, 14, 15], "ima3_subset": false, "source_sha256": "d6e5b1c1041d8c626d4fec3fea6a313c212e35c844fcdacd33734c3c16548fb4", "packed_sha256": "935f9cbbe7c15975019011546c6f4881371e108689215fe18246912a335495be", "merge_rule": "Heuristic: retain lowest-cost filter history per discrete predictor/index/PDM state", "history_bins": 0, "search_backend": "native", "search_seconds": 656.984999999986, "baseline_model_snr_db": 11.451960171026354, "host_fixed_clock_snr_db": 10.61157213558843, "control_prior": "compensated", "control_regularization": 0.003, "elapsed_seconds": 663.109999999986, "ordinary_native_tstate_delta": 0, "new_timeline_verified": false, "saturation_guard": {"samples": 186880, "saturation_events": 0, "raw_min": -22241, "raw_max": 21701}, "model": "Analog six-state filter, analytic pulse propagation, midpoint quadrature"}
{"scope": "Measure direct-player loop periods cheaply before a full output trace.\n\nThis is only a phase probe. It neither validates sample contents nor qualifies\na release; the complete native/Fuse checks remain mandatory after calibration.\n", "first_output_absolute_tstates": [93741639, 176561909, 259382453], "field_phases": [1263, 989, 989], "cycle_tstates": [82820270, 82820544], "target_cycle_tstates": 82820544, "deltas_from_target": [-274, 0], "exact_repeat_phase": false, "idle_pairs": 0, "idle_pad_tstates": 0}
{"scope": "Measure direct-player loop periods cheaply before a full output trace.\n\nThis is only a phase probe. It neither validates sample contents nor qualifies\na release; the complete native/Fuse checks remain mandatory after calibration.\n", "first_output_absolute_tstates": [93812547, 176633084, 259453628], "field_phases": [1263, 1256, 1256], "cycle_tstates": [82820537, 82820544], "target_cycle_tstates": 82820544, "deltas_from_target": [-7, 0], "exact_repeat_phase": false, "idle_pairs": 5, "idle_pad_tstates": 0}
{"scope": "Measure direct-player loop periods cheaply before a full output trace.\n\nThis is only a phase probe. It neither validates sample contents nor qualifies\na release; the complete native/Fuse checks remain mandatory after calibration.\n", "first_output_absolute_tstates": [93741639, 176562183, 259382727], "field_phases": [1263, 1263, 1263], "cycle_tstates": [82820544, 82820544], "target_cycle_tstates": 82820544, "deltas_from_target": [0, 0], "exact_repeat_phase": true, "idle_pairs": 5, "idle_pad_tstates": 7}
Traceback (most recent call last):
  File "C:\Work\ZX-video\.worktree\lpc-ima-preload\audiobook-beeper\convert_audio.py", line 415, in <module>
    main()
  File "C:\Work\ZX-video\.worktree\lpc-ima-preload\audiobook-beeper\convert_audio.py", line 406, in main
    return legacy_main(remaining, parents=(selector,))
           ^^^^^^^^^^^^^^^^^^^^^^^^^^^^^^^^^^^^^^^^^^^
  File "C:\Work\ZX-video\.worktree\lpc-ima-preload\audiobook-beeper\convert_audio.py", line 388, in legacy_main
    report = convert(args)
             ^^^^^^^^^^^^^
  File "C:\Work\ZX-video\.worktree\lpc-ima-preload\audiobook-beeper\convert_audio.py", line 239, in convert
    return convert_series(args)
           ^^^^^^^^^^^^^^^^^^^^
  File "C:\Work\ZX-video\.worktree\lpc-ima-preload\audiobook-beeper\ima3_series.py", line 216, in convert_series
    result=stage(options.output,lambda target:convert(options))
           ^^^^^^^^^^^^^^^^^^^^^^^^^^^^^^^^^^^^^^^^^^^^^^^^^^^^
  File "C:\Work\ZX-video\.worktree\lpc-ima-preload\audiobook-beeper\convert_ima3_audio.py", line 48, in stage
    result=operation(path)
           ^^^^^^^^^^^^^^^
  File "C:\Work\ZX-video\.worktree\lpc-ima-preload\audiobook-beeper\ima3_series.py", line 216, in <lambda>
    result=stage(options.output,lambda target:convert(options))
                                              ^^^^^^^^^^^^^^^^
  File "C:\Work\ZX-video\.worktree\lpc-ima-preload\audiobook-beeper\convert_audio.py", line 291, in convert
    result = validate(variant, args.fuse, args.ffmpeg)
             ^^^^^^^^^^^^^^^^^^^^^^^^^^^^^^^^^^^^^^^^^
  File "C:\Work\ZX-video\.worktree\lpc-ima-preload\audiobook-beeper\convert_audio.py", line 207, in validate
    raise RuntimeError(f'complete cold trace failed repeat-phase check: {phase_deltas}')
RuntimeError: complete cold trace failed repeat-phase check: [626, 218]
