ASxxxx Linker V05.50.4-SDLD,  page 1.
Hexadecimal  [32-Bits]

Area                                    Addr        Size        Decimal Bytes (Attributes)
--------------------------------        ----        ----        ------- ----- ------------
.  .ABS.                            00000000    00000000 =           0. bytes (ABS,CON)

         Value  Global                             Global Defined In Module
         -----  --------------------------------   ------------------------
     00000000  .__.ABS.                           pvq_port
     00000000  l__TABLES                       
     00000000  s__TABLES                       
     00000000  s__TABLES0                      
     00000000  s__TABLES1                      
     00000000  s__TABLES2                      
     00000000  s__TABLES3                      
     00000001  l__DATA                         
     00000006  l__TABLES2                      
     00000100  l__TABLES0                      
     00000100  l__TABLES1                      
     0000038E  l__CODE                         
     00001000  l__TABLES3                      
     00008000  s__CODE                         
     0000B000  s__DATA                         
ASxxxx Linker V05.50.4-SDLD,  page 2.
Hexadecimal  [32-Bits]

Area                                    Addr        Size        Decimal Bytes (Attributes)
--------------------------------        ----        ----        ------- ----- ------------
_CODE                               00008000    0000038E =         910. bytes (REL,CON)

         Value  Global                             Global Defined In Module
         -----  --------------------------------   ------------------------
     00008000  _entry                             pvq_port
     00008049  _group_out0                        pvq_port
     00008077  _group_out1                        pvq_port
     000080A9  _group_out2                        pvq_port
     000080D7  _group_out3                        pvq_port
     00008117  _group_out4                        pvq_port
     00008145  _group_out5                        pvq_port
     00008177  _group_out6                        pvq_port
     000081A5  _group_out7                        pvq_port
     000081E5  _group_out8                        pvq_port
     00008213  _group_out9                        pvq_port
     00008245  _group_out10                       pvq_port
     00008273  _group_out11                       pvq_port
     000082B3  _group_out12                       pvq_port
     000082E1  _group_out13                       pvq_port
     00008313  _group_out14                       pvq_port
     00008341  _group_out15                       pvq_port
     0000834C  _complete                          pvq_port
     00008372  _after_page                        pvq_port
     0000838E  _code_end                          pvq_port

ASxxxx Linker V05.50.4-SDLD,  page 3.
Hexadecimal  [32-Bits]

Area                                    Addr        Size        Decimal Bytes (Attributes)
--------------------------------        ----        ----        ------- ----- ------------
_DATA                               0000B000    00000001 =           1. bytes (REL,CON)

         Value  Global                             Global Defined In Module
         -----  --------------------------------   ------------------------
     0000B000  _bank_index                        pvq_port

ASxxxx Linker V05.50.4-SDLD,  page 4.
Hexadecimal  [32-Bits]

Area                                    Addr        Size        Decimal Bytes (Attributes)
--------------------------------        ----        ----        ------- ----- ------------
_TABLES0                            00000000    00000100 =         256. bytes (ABS,CON)

         Value  Global                             Global Defined In Module
         -----  --------------------------------   ------------------------
ASxxxx Linker V05.50.4-SDLD,  page 5.
Hexadecimal  [32-Bits]

Area                                    Addr        Size        Decimal Bytes (Attributes)
--------------------------------        ----        ----        ------- ----- ------------
_TABLES1                            00000000    00000100 =         256. bytes (ABS,CON)

         Value  Global                             Global Defined In Module
         -----  --------------------------------   ------------------------
ASxxxx Linker V05.50.4-SDLD,  page 6.
Hexadecimal  [32-Bits]

Area                                    Addr        Size        Decimal Bytes (Attributes)
--------------------------------        ----        ----        ------- ----- ------------
_TABLES2                            00000000    00000006 =           6. bytes (ABS,CON)

         Value  Global                             Global Defined In Module
         -----  --------------------------------   ------------------------
ASxxxx Linker V05.50.4-SDLD,  page 7.
Hexadecimal  [32-Bits]

Area                                    Addr        Size        Decimal Bytes (Attributes)
--------------------------------        ----        ----        ------- ----- ------------
_TABLES3                            00000000    00001000 =        4096. bytes (ABS,CON)

         Value  Global                             Global Defined In Module
         -----  --------------------------------   ------------------------
ASxxxx Linker V05.50.4-SDLD,  page 8.

Files Linked                              [ module(s) ]

decoder.rel                               [ pvq_port ]

ASxxxx Linker V05.50.4-SDLD,  page 9.

User Base Address Definitions

_CODE = 0x8000
_DATA = 0xb000

