                 	
                 	; Experimental 4-bit PWM: two 226-T periods per decoded IMA sample.
                 	; Authoritative externally assembled source; no runtime PCM/PWM buffer.
                 	; Requires the same host proof of unclipped PCM16 as the uniform PDM player.
                 	; Main BC=10FEh, DE=input, HL=NOP ladder cursor; IX=biased predictor.
                 	; Alternate HL=clean IMA row, BC=delta; SP=read-only table cursor.
                 	; A=15-(PCM8>>4), IYL=next width. Main L protects q during decoding.
                 	; IRQs disabled; RET C is never taken after AND has cleared carry.
                 	;
                 	; Each page has two complementary 15-NOP ladders. Falling edge is
                 	; 68+4*(15-q) T after rising edge; ordinary period is exactly 226 T.
                 	; Decoder work fits between edges. Two periods/sample =452 T vs PDM438 T.
                 	; Page crossings remain 452 T. Bank tails add89 T, final bank adds121 T.
                 	; ULA I/O/data contention and startup TR-DOS latency are measured separately.
                 	
                 	
8000              	initial_predictor: EQU 0
8000              	initial_index: EQU 0
8000              	disk_0: EQU 1033
8000              	address_0: EQU 49152
8000              	sectors_0: EQU 64
8000              	disk_1: EQU 2057
8000              	address_1: EQU 49152
8000              	sectors_1: EQU 64
8000              	disk_2: EQU 3081
8000              	address_2: EQU 49152
8000              	sectors_2: EQU 64
8000              	disk_3: EQU 4105
8000              	address_3: EQU 49152
8000              	sectors_3: EQU 64
8000              	disk_4: EQU 5129
8000              	address_4: EQU 49152
8000              	sectors_4: EQU 64
8000              	disk_5: EQU 6153
8000              	address_5: EQU 49152
8000              	sectors_5: EQU 64
8000              	disk_6: EQU 7177
8000              	address_6: EQU 56576
8000              	sectors_6: EQU 35
8000              	disk_7: EQU 7692
8000              	address_7: EQU 57344
8000              	sectors_7: EQU 32
8000              	        INCLUDE "config.inc"
8000              	        ORG 0x8000
                 	
8000              	LOAD_BANK: MACRO
8000              	        LD BC,0x7FFD
8000              	        LD A,\0+16
8000              	        OUT (C),A
8000              	        LD DE,\1
8000              	        LD (disk_position),DE
8000              	        LD HL,\2
8000              	        LD B,\3
8000              	        CALL read_n
8000              	        ENDM
                 	
8000              	SILENCE_AY: MACRO
8000              	        LD BC,0xFFFD
8000              	        LD A,\0
8000              	        OUT (C),A
8000              	        LD BC,0xBFFD
8000              	        XOR A
8000              	        OUT (C),A
8000              	        ENDM
                 	
8000 F3           	start:  DI
8001 31 00 60     	        LD SP,0x6000
8004 FD 21 3A 5C  	        LD IY,0x5C3A
8008 ED 56        	        IM 1
800A AF           	        XOR A
800B D3 FE        	        OUT (0xFE),A
800D 21 00 9D     	        LD HL,screen_data
8010 11 00 40     	        LD DE,0x4000
8013 01 00 1B     	        LD BC,6912
8016 ED B0        	        LDIR
8018 FB           	        EI
8019 01 FD 7F     		LD BC,0x7FFD
801C 3E 10        		LD A,0+16
801E ED 79        		OUT (C),A
8020 11 09 04     		LD DE,disk_0
8023 ED 53 4F 81  		LD (disk_position),DE
8027 21 00 C0     		LD HL,address_0
802A 06 40        		LD B,sectors_0
802C CD 2D 81     		CALL read_n
802F              	        LOAD_BANK 0,disk_0,address_0,sectors_0
802F 01 FD 7F     		LD BC,0x7FFD
8032 3E 14        		LD A,4+16
8034 ED 79        		OUT (C),A
8036 11 09 08     		LD DE,disk_1
8039 ED 53 4F 81  		LD (disk_position),DE
803D 21 00 C0     		LD HL,address_1
8040 06 40        		LD B,sectors_1
8042 CD 2D 81     		CALL read_n
8045              	        LOAD_BANK 4,disk_1,address_1,sectors_1
8045 01 FD 7F     		LD BC,0x7FFD
8048 3E 16        		LD A,6+16
804A ED 79        		OUT (C),A
804C 11 09 0C     		LD DE,disk_2
804F ED 53 4F 81  		LD (disk_position),DE
8053 21 00 C0     		LD HL,address_2
8056 06 40        		LD B,sectors_2
8058 CD 2D 81     		CALL read_n
805B              	        LOAD_BANK 6,disk_2,address_2,sectors_2
805B 01 FD 7F     		LD BC,0x7FFD
805E 3E 11        		LD A,1+16
8060 ED 79        		OUT (C),A
8062 11 09 10     		LD DE,disk_3
8065 ED 53 4F 81  		LD (disk_position),DE
8069 21 00 C0     		LD HL,address_3
806C 06 40        		LD B,sectors_3
806E CD 2D 81     		CALL read_n
8071              	        LOAD_BANK 1,disk_3,address_3,sectors_3
8071 01 FD 7F     		LD BC,0x7FFD
8074 3E 13        		LD A,3+16
8076 ED 79        		OUT (C),A
8078 11 09 14     		LD DE,disk_4
807B ED 53 4F 81  		LD (disk_position),DE
807F 21 00 C0     		LD HL,address_4
8082 06 40        		LD B,sectors_4
8084 CD 2D 81     		CALL read_n
8087              	        LOAD_BANK 3,disk_4,address_4,sectors_4
8087 01 FD 7F     		LD BC,0x7FFD
808A 3E 17        		LD A,7+16
808C ED 79        		OUT (C),A
808E 11 09 18     		LD DE,disk_5
8091 ED 53 4F 81  		LD (disk_position),DE
8095 21 00 C0     		LD HL,address_5
8098 06 40        		LD B,sectors_5
809A CD 2D 81     		CALL read_n
809D              	        LOAD_BANK 7,disk_5,address_5,sectors_5
809D 01 FD 7F     		LD BC,0x7FFD
80A0 3E 12        		LD A,2+16
80A2 ED 79        		OUT (C),A
80A4 11 09 1C     		LD DE,disk_6
80A7 ED 53 4F 81  		LD (disk_position),DE
80AB 21 00 DD     		LD HL,address_6
80AE 06 23        		LD B,sectors_6
80B0 CD 2D 81     		CALL read_n
80B3              	        LOAD_BANK 2,disk_6,address_6,sectors_6
80B3 01 FD 7F     		LD BC,0x7FFD
80B6 3E 15        		LD A,5+16
80B8 ED 79        		OUT (C),A
80BA 11 0C 1E     		LD DE,disk_7
80BD ED 53 4F 81  		LD (disk_position),DE
80C1 21 00 E0     		LD HL,address_7
80C4 06 20        		LD B,sectors_7
80C6 CD 2D 81     		CALL read_n
80C9              	        LOAD_BANK 5,disk_7,address_7,sectors_7
80C9 F3           	        DI
80CA 01 FD FF     		LD BC,0xFFFD
80CD 3E 08        		LD A,8
80CF ED 79        		OUT (C),A
80D1 01 FD BF     		LD BC,0xBFFD
80D4 AF           		XOR A
80D5 ED 79        		OUT (C),A
80D7              	        SILENCE_AY 8
80D7 01 FD FF     		LD BC,0xFFFD
80DA 3E 09        		LD A,9
80DC ED 79        		OUT (C),A
80DE 01 FD BF     		LD BC,0xBFFD
80E1 AF           		XOR A
80E2 ED 79        		OUT (C),A
80E4              	        SILENCE_AY 9
80E4 01 FD FF     		LD BC,0xFFFD
80E7 3E 0A        		LD A,10
80E9 ED 79        		OUT (C),A
80EB 01 FD BF     		LD BC,0xBFFD
80EE AF           		XOR A
80EF ED 79        		OUT (C),A
80F1              	        SILENCE_AY 10
80F1 01 FD 7F     	        LD BC,0x7FFD
80F4 3E 10        	        LD A,16
80F6 ED 79        	        OUT (C),A
80F8 FB           	        EI
80F9 76           	        HALT
80FA F3           	        DI
80FB 11 00 C0     	ready:  LD DE,address_0
80FE D9           	        EXX
80FF 21 00 86     	        LD HL,tables+64*initial_index
8102 D9           	        EXX
8103 DD 21 00 80  	        LD IX,initial_predictor+32768
8107 21 92 82     	        LD HL,bank_tail_0
810A 22 2B 81     	        LD (bank_jump+1),HL
810D 1A           	        LD A,(DE)
810E E6 0F        	        AND 15
8110 07           	        RLCA
8111 07           	        RLCA
8112 D9           	        EXX
8113 B5           	        OR L
8114 6F           	        LD L,A
8115 F9           	        LD SP,HL
8116 C1           	        POP BC
8117 E1           	        POP HL
8118 DD 09        	        ADD IX,BC
811A D9           	        EXX
811B DD 7C        	        LD A,IXH
811D 2F           	        CPL
811E 0F           	        RRCA
811F 0F           	        RRCA
8120 0F           	        RRCA
8121 0F           	        RRCA
8122 E6 0F        	        AND 15
8124 01 FE 10     	        LD BC,0x10FE
8127 C3 80 82     	        JP high_first
                 	
                 	bank_dispatch:
812A C3 92 82     	bank_jump: JP bank_tail_0
                 	
                 	; Startup-only real-stack disk reader. No disk access while PWM is running.
812D C5           	read_n: PUSH BC
812E E5           	        PUSH HL
812F ED 5B 4F 81  	        LD DE,(disk_position)
8133 01 05 01     	        LD BC,0x0105
                 	disk_call:
8136 CD 13 3D     	        CALL 0x3D13
8139 E1           	        POP HL
813A C1           	        POP BC
813B 24           	        INC H
813C ED 5B 4F 81  	        LD DE,(disk_position)
8140 1C           	        INC E
8141 CB 63        	        BIT 4,E
8143 28 03        	        JR Z,sector_ok
8145 1E 00        	        LD E,0
8147 14           	        INC D
                 	sector_ok:
8148 ED 53 4F 81  	        LD (disk_position),DE
814C 10 DF        	        DJNZ read_n
814E C9           	        RET
814F 00 00        	disk_position: DW 0
                 	; Macro arguments: page base, label prefix, nibble (0=low/1=high),
                 	; and stage (0=table decode/1=quantize and publish).
8151              	CELL:   MACRO
8151              	        ASSERT $ <= \0
8151              	        DS \0-$
8151              	\1_ramp_high: ASSERT 1
8151              	        DS 15                   ; 0..15 NOPs: 0..60 T
8151              	\1_fall: DB 0xED,0x71         ; OUT (C),0: 12 T, NMOS Z80 (pyz80 lacks mnemonic)
8151              	        XOR 79                  ; 7: complementary low-ramp address, CY=0
8151              	        LD L,A                  ; 4
8151              	        JP (HL)                 ; 4
8151              	        DS \0+64-$
8151              	\1_ramp_low: ASSERT 1
8151              	        DS 15                   ; complementary NOP count; total always15
8151              	        IF \3 == 0
8151              	        EXX                     ; 4
8151              	        POP BC                  ; 10: signed modular delta
8151              	        POP HL                  ; 10: clean next state row
8151              	\1_state: ADD IX,BC            ; 15: host-proven no saturation needed
8151              	        EXX                     ; 4
8151              	        XOR 79                  ; 7: restore old width q; total low work50
                 	        ; JP adds10 T: low work60 T in both stages.
8151              	        JP \1_next
8151              	        ELSE
8151              	        JP \1_publish          ; 10: match the first-stage low work60 T
8151              	\1_publish: ASSERT 1
8151              	        LD A,IYL                ; 8: publish the new sample's width
8151              	        IF \2 == 1
8151              	        INC E                   ; 4: move input only after high nibble
8151              	        JP NZ,\1_address_ok    ; 10
8151              	        INC D                   ; 4
8151              	        JP Z,bank_dispatch      ; 10: bank handled while output is low
8151              	        NOP                     ; 4
8151              	        JP low_first            ; 10: page path low work50 T
8151              	\1_address_ok: ASSERT 1
8151              	        EXX                     ; 4: harmless padding, preserves main DE
8151              	        EXX                     ; 4
8151              	        JP \1_address_next     ; 10
8151              	\1_address_next: ASSERT 1
8151              	        JP low_first            ; 10: normal path low work50 T
8151              	        ELSE
8151              	        DS 8                    ; 32 T, AF and predictor unchanged
8151              	        JP high_first           ; 10: low-nibble path low work50 T
8151              	        ENDIF
8151              	        ENDIF
8151              	        ASSERT $ <= \0+128
8151              	        DS \0+128-$
8151              	\1: ASSERT 1
8151              	        LD H,\0 >> 8           ; 7: page-specific NOP ladder
8151              	        LD L,A                  ; 4: L saves q while decoder uses A
8151              	\1_rise: OUT (C),B             ; 12: B=16, EAR high, MIC/border low
8151              	        IF \3 == 0
8151              	        LD A,(DE)               ; 7
8151              	        IF \2 == 0
8151              	        AND 15                  ; 7
8151              	        RLCA                    ; 4
8151              	        RLCA                    ; 4
8151              	        ELSE
8151              	        AND 240                 ; 7
8151              	        RRCA                    ; 4
8151              	        RRCA                    ; 4
8151              	        ENDIF
8151              	        EXX                     ; 4
8151              	        OR L                    ; 4
8151              	        LD L,A                  ; 4
8151              	        LD SP,HL                ; 6
8151              	        EXX                     ; 4
8151              	        LD A,L                  ; 4: restore q from main L
8151              	        NOP                     ; 4: high work52 T
8151              	        ELSE
8151              	        LD A,IXH                ; 8: top eight bits of full IMA predictor
8151              	        CPL                     ; 4: invert for descending high-ramp length
8151              	        RRCA                    ; 4
8151              	        RRCA                    ; 4
8151              	        RRCA                    ; 4
8151              	        RRCA                    ; 4
8151              	        AND 15                  ; 7: quantize to16 pulse widths
8151              	        LD IYL,A                ; 8: candidate; current width still in main L
8151              	        LD A,L                  ; 4: restore q; AND15 cleared carry
8151              	        RET C                   ; 5: NEVER taken; high work52 T
8151              	        ENDIF
8151              	        JP (HL)                 ; 4
8151              	        ENDM
                 	
8151              	BANK_TAIL: MACRO
8151              	bank_tail_\0: ASSERT 1
8151              	        LD BC,0x7FFD            ; 10
8151              	        LD A,\1+16             ; 7
8151              	page_\0: OUT (C),A             ; 12
8151              	        LD DE,\2               ; 10
8151              	        LD HL,bank_tail_\3      ; 10
8151              	        LD (bank_jump+1),HL     ; 16
8151              	        IF \0 == 7
8151              	        EXX                     ; 4
8151              	        LD HL,tables+64*initial_index ; 10
8151              	        EXX                     ; 4
8151              	        LD IX,initial_predictor+32768 ; 14
8151              	        ENDIF
8151              	        LD BC,0x10FE            ; 10
8151              	        LD A,IYL                ; 8
8151              	        JP low_first            ; 10: 93 T, +32 on final bank
8151              	        ENDM
                 	
                 	; Both stages: 52-T high work +60-T low work +114 T ramps/I/O =226 T.
                 	; Each page fits two bank tails after its unreachable JP(HL).
8151              	high_first_next: EQU high_second
8151              	low_first_next: EQU low_second
8151              		ASSERT $ <= 0x8200
8151              		DS 0x8200-$
8200              	high_first_ramp_high:	ASSERT 1
8200              		DS 15
820F 71           	high_first_fall:	DB 0xED,0x71
8211 EE 4F        		XOR 79
8213 6F           		LD L,A
8214 E9           		JP (HL)
8215              		DS 0x8200+64-$
8240              	high_first_ramp_low:	ASSERT 1
8240              		DS 15
824F              		IF 0 == 0
824F D9           		EXX
8250 C1           		POP BC
8251 E1           		POP HL
8252 DD 09        	high_first_state:	ADD IX,BC
8254 D9           		EXX
8255 EE 4F        		XOR 79
8257 C3 80 83     		JP high_first_next
825A              		ELSE
825A              		JP high_first_publish
825A              	high_first_publish:	ASSERT 1
825A              		LD A,IYL
825A              		IF 1 == 1
825A              		INC E
825A              		JP NZ,high_first_address_ok
825A              		INC D
825A              		JP Z,bank_dispatch
825A              		NOP
825A              		JP low_first
825A              	high_first_address_ok:	ASSERT 1
825A              		EXX
825A              		EXX
825A              		JP high_first_address_next
825A              	high_first_address_next:	ASSERT 1
825A              		JP low_first
825A              		ELSE
825A              		DS 8
825A              		JP high_first
825A              		ENDIF
825A              		ENDIF
825A              		ASSERT $ <= 0x8200+128
825A              		DS 0x8200+128-$
8280              	high_first:	ASSERT 1
8280 26 82        		LD H,0x8200 >> 8
8282 6F           		LD L,A
8283 ED 41        	high_first_rise:	OUT (C),B
8285              		IF 0 == 0
8285 1A           		LD A,(DE)
8286              		IF 1 == 0
8286              		AND 15
8286              		RLCA
8286              		RLCA
8286              		ELSE
8286 E6 F0        		AND 240
8288 0F           		RRCA
8289 0F           		RRCA
828A              		ENDIF
828A D9           		EXX
828B B5           		OR L
828C 6F           		LD L,A
828D F9           		LD SP,HL
828E D9           		EXX
828F 7D           		LD A,L
8290 00           		NOP
8291              		ELSE
8291              		LD A,IXH
8291              		CPL
8291              		RRCA
8291              		RRCA
8291              		RRCA
8291              		RRCA
8291              		AND 15
8291              		LD IYL,A
8291              		LD A,L
8291              		RET C
8291              		ENDIF
8291 E9           		JP (HL)
8292              	        CELL 0x8200,high_first,1,0
8292              	bank_tail_0:	ASSERT 1
8292 01 FD 7F     		LD BC,0x7FFD
8295 3E 14        		LD A,4+16
8297 ED 79        	page_0:	OUT (C),A
8299 11 00 C0     		LD DE,address_1
829C 21 AA 82     		LD HL,bank_tail_1
829F 22 2B 81     		LD (bank_jump+1),HL
82A2              		IF 0 == 7
82A2              		EXX
82A2              		LD HL,tables+64*initial_index
82A2              		EXX
82A2              		LD IX,initial_predictor+32768
82A2              		ENDIF
82A2 01 FE 10     		LD BC,0x10FE
82A5 FD 7D        		LD A,IYL
82A7 C3 80 84     		JP low_first
82AA              	        BANK_TAIL 0,4,address_1,1
82AA              	bank_tail_1:	ASSERT 1
82AA 01 FD 7F     		LD BC,0x7FFD
82AD 3E 16        		LD A,6+16
82AF ED 79        	page_1:	OUT (C),A
82B1 11 00 C0     		LD DE,address_2
82B4 21 93 83     		LD HL,bank_tail_2
82B7 22 2B 81     		LD (bank_jump+1),HL
82BA              		IF 1 == 7
82BA              		EXX
82BA              		LD HL,tables+64*initial_index
82BA              		EXX
82BA              		LD IX,initial_predictor+32768
82BA              		ENDIF
82BA 01 FE 10     		LD BC,0x10FE
82BD FD 7D        		LD A,IYL
82BF C3 80 84     		JP low_first
82C2              	        BANK_TAIL 1,6,address_2,2
82C2              		ASSERT $ <= 0x8300
82C2              		DS 0x8300-$
8300              	high_second_ramp_high:	ASSERT 1
8300              		DS 15
830F 71           	high_second_fall:	DB 0xED,0x71
8311 EE 4F        		XOR 79
8313 6F           		LD L,A
8314 E9           		JP (HL)
8315              		DS 0x8300+64-$
8340              	high_second_ramp_low:	ASSERT 1
8340              		DS 15
834F              		IF 1 == 0
834F              		EXX
834F              		POP BC
834F              		POP HL
834F              	high_second_state:	ADD IX,BC
834F              		EXX
834F              		XOR 79
834F              		JP high_second_next
834F              		ELSE
834F C3 52 83     		JP high_second_publish
8352              	high_second_publish:	ASSERT 1
8352 FD 7D        		LD A,IYL
8354              		IF 1 == 1
8354 1C           		INC E
8355 C2 60 83     		JP NZ,high_second_address_ok
8358 14           		INC D
8359 CA 2A 81     		JP Z,bank_dispatch
835C 00           		NOP
835D C3 80 84     		JP low_first
8360              	high_second_address_ok:	ASSERT 1
8360 D9           		EXX
8361 D9           		EXX
8362 C3 65 83     		JP high_second_address_next
8365              	high_second_address_next:	ASSERT 1
8365 C3 80 84     		JP low_first
8368              		ELSE
8368              		DS 8
8368              		JP high_first
8368              		ENDIF
8368              		ENDIF
8368              		ASSERT $ <= 0x8300+128
8368              		DS 0x8300+128-$
8380              	high_second:	ASSERT 1
8380 26 83        		LD H,0x8300 >> 8
8382 6F           		LD L,A
8383 ED 41        	high_second_rise:	OUT (C),B
8385              		IF 1 == 0
8385              		LD A,(DE)
8385              		IF 1 == 0
8385              		AND 15
8385              		RLCA
8385              		RLCA
8385              		ELSE
8385              		AND 240
8385              		RRCA
8385              		RRCA
8385              		ENDIF
8385              		EXX
8385              		OR L
8385              		LD L,A
8385              		LD SP,HL
8385              		EXX
8385              		LD A,L
8385              		NOP
8385              		ELSE
8385 DD 7C        		LD A,IXH
8387 2F           		CPL
8388 0F           		RRCA
8389 0F           		RRCA
838A 0F           		RRCA
838B 0F           		RRCA
838C E6 0F        		AND 15
838E FD 6F        		LD IYL,A
8390 7D           		LD A,L
8391 D8           		RET C
8392              		ENDIF
8392 E9           		JP (HL)
8393              	        CELL 0x8300,high_second,1,1
8393              	bank_tail_2:	ASSERT 1
8393 01 FD 7F     		LD BC,0x7FFD
8396 3E 11        		LD A,1+16
8398 ED 79        	page_2:	OUT (C),A
839A 11 00 C0     		LD DE,address_3
839D 21 AB 83     		LD HL,bank_tail_3
83A0 22 2B 81     		LD (bank_jump+1),HL
83A3              		IF 2 == 7
83A3              		EXX
83A3              		LD HL,tables+64*initial_index
83A3              		EXX
83A3              		LD IX,initial_predictor+32768
83A3              		ENDIF
83A3 01 FE 10     		LD BC,0x10FE
83A6 FD 7D        		LD A,IYL
83A8 C3 80 84     		JP low_first
83AB              	        BANK_TAIL 2,1,address_3,3
83AB              	bank_tail_3:	ASSERT 1
83AB 01 FD 7F     		LD BC,0x7FFD
83AE 3E 13        		LD A,3+16
83B0 ED 79        	page_3:	OUT (C),A
83B2 11 00 C0     		LD DE,address_4
83B5 21 92 84     		LD HL,bank_tail_4
83B8 22 2B 81     		LD (bank_jump+1),HL
83BB              		IF 3 == 7
83BB              		EXX
83BB              		LD HL,tables+64*initial_index
83BB              		EXX
83BB              		LD IX,initial_predictor+32768
83BB              		ENDIF
83BB 01 FE 10     		LD BC,0x10FE
83BE FD 7D        		LD A,IYL
83C0 C3 80 84     		JP low_first
83C3              	        BANK_TAIL 3,3,address_4,4
83C3              		ASSERT $ <= 0x8400
83C3              		DS 0x8400-$
8400              	low_first_ramp_high:	ASSERT 1
8400              		DS 15
840F 71           	low_first_fall:	DB 0xED,0x71
8411 EE 4F        		XOR 79
8413 6F           		LD L,A
8414 E9           		JP (HL)
8415              		DS 0x8400+64-$
8440              	low_first_ramp_low:	ASSERT 1
8440              		DS 15
844F              		IF 0 == 0
844F D9           		EXX
8450 C1           		POP BC
8451 E1           		POP HL
8452 DD 09        	low_first_state:	ADD IX,BC
8454 D9           		EXX
8455 EE 4F        		XOR 79
8457 C3 80 85     		JP low_first_next
845A              		ELSE
845A              		JP low_first_publish
845A              	low_first_publish:	ASSERT 1
845A              		LD A,IYL
845A              		IF 0 == 1
845A              		INC E
845A              		JP NZ,low_first_address_ok
845A              		INC D
845A              		JP Z,bank_dispatch
845A              		NOP
845A              		JP low_first
845A              	low_first_address_ok:	ASSERT 1
845A              		EXX
845A              		EXX
845A              		JP low_first_address_next
845A              	low_first_address_next:	ASSERT 1
845A              		JP low_first
845A              		ELSE
845A              		DS 8
845A              		JP high_first
845A              		ENDIF
845A              		ENDIF
845A              		ASSERT $ <= 0x8400+128
845A              		DS 0x8400+128-$
8480              	low_first:	ASSERT 1
8480 26 84        		LD H,0x8400 >> 8
8482 6F           		LD L,A
8483 ED 41        	low_first_rise:	OUT (C),B
8485              		IF 0 == 0
8485 1A           		LD A,(DE)
8486              		IF 0 == 0
8486 E6 0F        		AND 15
8488 07           		RLCA
8489 07           		RLCA
848A              		ELSE
848A              		AND 240
848A              		RRCA
848A              		RRCA
848A              		ENDIF
848A D9           		EXX
848B B5           		OR L
848C 6F           		LD L,A
848D F9           		LD SP,HL
848E D9           		EXX
848F 7D           		LD A,L
8490 00           		NOP
8491              		ELSE
8491              		LD A,IXH
8491              		CPL
8491              		RRCA
8491              		RRCA
8491              		RRCA
8491              		RRCA
8491              		AND 15
8491              		LD IYL,A
8491              		LD A,L
8491              		RET C
8491              		ENDIF
8491 E9           		JP (HL)
8492              	        CELL 0x8400,low_first,0,0
8492              	bank_tail_4:	ASSERT 1
8492 01 FD 7F     		LD BC,0x7FFD
8495 3E 17        		LD A,7+16
8497 ED 79        	page_4:	OUT (C),A
8499 11 00 C0     		LD DE,address_5
849C 21 AA 84     		LD HL,bank_tail_5
849F 22 2B 81     		LD (bank_jump+1),HL
84A2              		IF 4 == 7
84A2              		EXX
84A2              		LD HL,tables+64*initial_index
84A2              		EXX
84A2              		LD IX,initial_predictor+32768
84A2              		ENDIF
84A2 01 FE 10     		LD BC,0x10FE
84A5 FD 7D        		LD A,IYL
84A7 C3 80 84     		JP low_first
84AA              	        BANK_TAIL 4,7,address_5,5
84AA              	bank_tail_5:	ASSERT 1
84AA 01 FD 7F     		LD BC,0x7FFD
84AD 3E 12        		LD A,2+16
84AF ED 79        	page_5:	OUT (C),A
84B1 11 00 DD     		LD DE,address_6
84B4 21 93 85     		LD HL,bank_tail_6
84B7 22 2B 81     		LD (bank_jump+1),HL
84BA              		IF 5 == 7
84BA              		EXX
84BA              		LD HL,tables+64*initial_index
84BA              		EXX
84BA              		LD IX,initial_predictor+32768
84BA              		ENDIF
84BA 01 FE 10     		LD BC,0x10FE
84BD FD 7D        		LD A,IYL
84BF C3 80 84     		JP low_first
84C2              	        BANK_TAIL 5,2,address_6,6
84C2              		ASSERT $ <= 0x8500
84C2              		DS 0x8500-$
8500              	low_second_ramp_high:	ASSERT 1
8500              		DS 15
850F 71           	low_second_fall:	DB 0xED,0x71
8511 EE 4F        		XOR 79
8513 6F           		LD L,A
8514 E9           		JP (HL)
8515              		DS 0x8500+64-$
8540              	low_second_ramp_low:	ASSERT 1
8540              		DS 15
854F              		IF 1 == 0
854F              		EXX
854F              		POP BC
854F              		POP HL
854F              	low_second_state:	ADD IX,BC
854F              		EXX
854F              		XOR 79
854F              		JP low_second_next
854F              		ELSE
854F C3 52 85     		JP low_second_publish
8552              	low_second_publish:	ASSERT 1
8552 FD 7D        		LD A,IYL
8554              		IF 0 == 1
8554              		INC E
8554              		JP NZ,low_second_address_ok
8554              		INC D
8554              		JP Z,bank_dispatch
8554              		NOP
8554              		JP low_first
8554              	low_second_address_ok:	ASSERT 1
8554              		EXX
8554              		EXX
8554              		JP low_second_address_next
8554              	low_second_address_next:	ASSERT 1
8554              		JP low_first
8554              		ELSE
8554              		DS 8
855C C3 80 82     		JP high_first
855F              		ENDIF
855F              		ENDIF
855F              		ASSERT $ <= 0x8500+128
855F              		DS 0x8500+128-$
8580              	low_second:	ASSERT 1
8580 26 85        		LD H,0x8500 >> 8
8582 6F           		LD L,A
8583 ED 41        	low_second_rise:	OUT (C),B
8585              		IF 1 == 0
8585              		LD A,(DE)
8585              		IF 0 == 0
8585              		AND 15
8585              		RLCA
8585              		RLCA
8585              		ELSE
8585              		AND 240
8585              		RRCA
8585              		RRCA
8585              		ENDIF
8585              		EXX
8585              		OR L
8585              		LD L,A
8585              		LD SP,HL
8585              		EXX
8585              		LD A,L
8585              		NOP
8585              		ELSE
8585 DD 7C        		LD A,IXH
8587 2F           		CPL
8588 0F           		RRCA
8589 0F           		RRCA
858A 0F           		RRCA
858B 0F           		RRCA
858C E6 0F        		AND 15
858E FD 6F        		LD IYL,A
8590 7D           		LD A,L
8591 D8           		RET C
8592              		ENDIF
8592 E9           		JP (HL)
8593              	        CELL 0x8500,low_second,0,1
8593              	bank_tail_6:	ASSERT 1
8593 01 FD 7F     		LD BC,0x7FFD
8596 3E 15        		LD A,5+16
8598 ED 79        	page_6:	OUT (C),A
859A 11 00 E0     		LD DE,address_7
859D 21 AB 85     		LD HL,bank_tail_7
85A0 22 2B 81     		LD (bank_jump+1),HL
85A3              		IF 6 == 7
85A3              		EXX
85A3              		LD HL,tables+64*initial_index
85A3              		EXX
85A3              		LD IX,initial_predictor+32768
85A3              		ENDIF
85A3 01 FE 10     		LD BC,0x10FE
85A6 FD 7D        		LD A,IYL
85A8 C3 80 84     		JP low_first
85AB              	        BANK_TAIL 6,5,address_7,7
85AB              	bank_tail_7:	ASSERT 1
85AB 01 FD 7F     		LD BC,0x7FFD
85AE 3E 10        		LD A,0+16
85B0 ED 79        	page_7:	OUT (C),A
85B2 11 00 C0     		LD DE,address_0
85B5 21 92 82     		LD HL,bank_tail_0
85B8 22 2B 81     		LD (bank_jump+1),HL
85BB              		IF 7 == 7
85BB D9           		EXX
85BC 21 00 86     		LD HL,tables+64*initial_index
85BF D9           		EXX
85C0 DD 21 00 80  		LD IX,initial_predictor+32768
85C4              		ENDIF
85C4 01 FE 10     		LD BC,0x10FE
85C7 FD 7D        		LD A,IYL
85C9 C3 80 84     		JP low_first
85CC              	        BANK_TAIL 7,0,address_0,0
                 	code_end:
85CC              	        ASSERT $ <= 0x8600
85CC              	        DS 0x8600-$
8600 00 00 00 86 01 00 00 86 03 00 00 86 04 00 00 86 07 00 80 86 08 00 00 87 0A 00 80 87 0B 00 00 88 00 00 00 86 FF FF 00 86 FD FF 00 86 FC FF 00 86 F9 FF 80 86 F8 FF 00 87 F6 FF 80 87 F5 FF 00 88 01 00 00 86 03 00 00 86 05 00 00 86 07 00 00 86 09 00 C0 86 0B 00 40 87 0D 00 C0 87 0F 00 40 88 FF FF 00 86 FD FF 00 86 FB FF 00 86 F9 FF 00 86 F7 FF C0 86 F5 FF 40 87 F3 FF C0 87 F1 FF 40 88 01 00 40 86 03 00 40 86 05 00 40 86 07 00 40 86 0A 00 00 87 0C 00 80 87 0E 00 00 88 10 00 80 88 FF FF 40 86 FD FF 40 86 FB FF 40 86 F9 FF 40 86 F6 FF 00 87 F4 FF 80 87 F2 FF 00 88 F0 FF 80 88 01 00 80 86 03 00 80 86 06 00 80 86 08 00 80 86 0B 00 40 87 0D 00 C0 87 10 00 40 88 12 00 C0 88 FF FF 80 86 FD FF 80 86 FA FF 80 86 F8 FF 80 86 F5 FF 40 87 F3 FF C0 87 F0 FF 40 88 EE FF C0 88 01 00 C0 86 03 00 C0 86 06 00 C0 86 08 00 C0 86 0C 00 80 87 0E 00 00 88 11 00 80 88 13 00 00 89 FF FF C0 86 FD FF C0 86 FA FF C0 86 F8 FF C0 86 F4 FF 80 87 F2 FF 00 88 EF FF 80 88 ED FF 00 89 01 00 00 87 04 00 00 87 07 00 00 87 0A 00 00 87 0D 00 C0 87 10 00 40 88 13 00 C0 88 16 00 40 89 FF FF 00 87 FC FF 00 87 F9 FF 00 87 F6 FF 00 87 F3 FF C0 87 F0 FF 40 88 ED FF C0 88 EA FF 40 89 01 00 40 87 04 00 40 87 07 00 40 87 0A 00 40 87 0E 00 00 88 11 00 80 88 14 00 00 89 17 00 80 89 FF FF 40 87 FC FF 40 87 F9 FF 40 87 F6 FF 40 87 F2 FF 00 88 EF FF 80 88 EC FF 00 89 E9 FF 80 89 01 00 80 87 04 00 80 87 08 00 80 87 0B 00 80 87 0F 00 40 88 12 00 C0 88 16 00 40 89 19 00 C0 89 FF FF 80 87 FC FF 80 87 F8 FF 80 87 F5 FF 80 87 F1 FF 40 88 EE FF C0 88 EA FF 40 89 E7 FF C0 89 02 00 C0 87 06 00 C0 87 0A 00 C0 87 0E 00 C0 87 12 00 80 88 16 00 00 89 1A 00 80 89 1E 00 00 8A FE FF C0 87 FA FF C0 87 F6 FF C0 87 F2 FF C0 87 EE FF 80 88 EA FF 00 89 E6 FF 80 89 E2 FF 00 8A 02 00 00 88 06 00 00 88 0A 00 00 88 0E 00 00 88 13 00 C0 88 17 00 40 89 1B 00 C0 89 1F 00 40 8A FE FF 00 88 FA FF 00 88 F6 FF 00 88 F2 FF 00 88 ED FF C0 88 E9 FF 40 89 E5 FF C0 89 E1 FF 40 8A 02 00 40 88 06 00 40 88 0B 00 40 88 0F 00 40 88 15 00 00 89 19 00 80 89 1E 00 00 8A 22 00 80 8A FE FF 40 88 FA FF 40 88 F5 FF 40 88 F1 FF 40 88 EB FF 00 89 E7 FF 80 89 E2 FF 00 8A DE FF 80 8A 02 00 80 88 07 00 80 88 0C 00 80 88 11 00 80 88 17 00 40 89 1C 00 C0 89 21 00 40 8A 26 00 C0 8A FE FF 80 88 F9 FF 80 88 F4 FF 80 88 EF FF 80 88 E9 FF 40 89 E4 FF C0 89 DF FF 40 8A DA FF C0 8A 02 00 C0 88 07 00 C0 88 0D 00 C0 88 12 00 C0 88 19 00 80 89 1E 00 00 8A 24 00 80 8A 29 00 00 8B FE FF C0 88 F9 FF C0 88 F3 FF C0 88 EE FF C0 88 E7 FF 80 89 E2 FF 00 8A DC FF 80 8A D7 FF 00 8B 03 00 00 89 09 00 00 89 0F 00 00 89 15 00 00 89 1C 00 C0 89 22 00 40 8A 28 00 C0 8A 2E 00 40 8B FD FF 00 89 F7 FF 00 89 F1 FF 00 89 EB FF 00 89 E4 FF C0 89 DE FF 40 8A D8 FF C0 8A D2 FF 40 8B 03 00 40 89 0A 00 40 89 11 00 40 89 18 00 40 89 1F 00 00 8A 26 00 80 8A 2D 00 00 8B 34 00 80 8B FD FF 40 89 F6 FF 40 89 EF FF 40 89 E8 FF 40 89 E1 FF 00 8A DA FF 80 8A D3 FF 00 8B CC FF 80 8B 03 00 80 89 0A 00 80 89 12 00 80 89 19 00 80 89 22 00 40 8A 29 00 C0 8A 31 00 40 8B 38 00 C0 8B FD FF 80 89 F6 FF 80 89 EE FF 80 89 E7 FF 80 89 DE FF 40 8A D7 FF C0 8A CF FF 40 8B C8 FF C0 8B 04 00 C0 89 0C 00 C0 89 15 00 C0 89 1D 00 C0 89 26 00 80 8A 2E 00 00 8B 37 00 80 8B 3F 00 00 8C FC FF C0 89 F4 FF C0 89 EB FF C0 89 E3 FF C0 89 DA FF 80 8A D2 FF 00 8B C9 FF 80 8B C1 FF 00 8C 04 00 00 8A 0D 00 00 8A 16 00 00 8A 1F 00 00 8A 29 00 C0 8A 32 00 40 8B 3B 00 C0 8B 44 00 40 8C FC FF 00 8A F3 FF 00 8A EA FF 00 8A E1 FF 00 8A D7 FF C0 8A CE FF 40 8B C5 FF C0 8B BC FF 40 8C 05 00 40 8A 0F 00 40 8A 19 00 40 8A 23 00 40 8A 2E 00 00 8B 38 00 80 8B 42 00 00 8C 4C 00 80 8C FB FF 40 8A F1 FF 40 8A E7 FF 40 8A DD FF 40 8A D2 FF 00 8B C8 FF 80 8B BE FF 00 8C B4 FF 80 8C 05 00 80 8A 10 00 80 8A 1B 00 80 8A 26 00 80 8A 32 00 40 8B 3D 00 C0 8B 48 00 40 8C 53 00 C0 8C FB FF 80 8A F0 FF 80 8A E5 FF 80 8A DA FF 80 8A CE FF 40 8B C3 FF C0 8B B8 FF 40 8C AD FF C0 8C 06 00 C0 8A 12 00 C0 8A 1F 00 C0 8A 2B 00 C0 8A 38 00 80 8B 44 00 00 8C 51 00 80 8C 5D 00 00 8D FA FF C0 8A EE FF C0 8A E1 FF C0 8A D5 FF C0 8A C8 FF 80 8B BC FF 00 8C AF FF 80 8C A3 FF 00 8D 06 00 00 8B 13 00 00 8B 21 00 00 8B 2E 00 00 8B 3D 00 C0 8B 4A 00 40 8C 58 00 C0 8C 65 00 40 8D FA FF 00 8B ED FF 00 8B DF FF 00 8B D2 FF 00 8B C3 FF C0 8B B6 FF 40 8C A8 FF C0 8C 9B FF 40 8D 07 00 40 8B 16 00 40 8B 25 00 40 8B 34 00 40 8B 43 00 00 8C 52 00 80 8C 61 00 00 8D 70 00 80 8D F9 FF 40 8B EA FF 40 8B DB FF 40 8B CC FF 40 8B BD FF 00 8C AE FF 80 8C 9F FF 00 8D 90 FF 80 8D 08 00 80 8B 18 00 80 8B 29 00 80 8B 39 00 80 8B 4A 00 40 8C 5A 00 C0 8C 6B 00 40 8D 7B 00 C0 8D F8 FF 80 8B E8 FF 80 8B D7 FF 80 8B C7 FF 80 8B B6 FF 40 8C A6 FF C0 8C 95 FF 40 8D 85 FF C0 8D 09 00 C0 8B 1B 00 C0 8B 2D 00 C0 8B 3F 00 C0 8B 52 00 80 8C 64 00 00 8D 76 00 80 8D 88 00 00 8E F7 FF C0 8B E5 FF C0 8B D3 FF C0 8B C1 FF C0 8B AE FF 80 8C 9C FF 00 8D 8A FF 80 8D 78 FF 00 8E 0A 00 00 8C 1E 00 00 8C 32 00 00 8C 46 00 00 8C 5A 00 C0 8C 6E 00 40 8D 82 00 C0 8D 96 00 40 8E F6 FF 00 8C E2 FF 00 8C CE FF 00 8C BA FF 00 8C A6 FF C0 8C 92 FF 40 8D 7E FF C0 8D 6A FF 40 8E 0B 00 40 8C 21 00 40 8C 37 00 40 8C 4D 00 40 8C 63 00 00 8D 79 00 80 8D 8F 00 00 8E A5 00 80 8E F5 FF 40 8C DF FF 40 8C C9 FF 40 8C B3 FF 40 8C 9D FF 00 8D 87 FF 80 8D 71 FF 00 8E 5B FF 80 8E 0C 00 80 8C 24 00 80 8C 3C 00 80 8C 54 00 80 8C 6D 00 40 8D 85 00 C0 8D 9D 00 40 8E B5 00 C0 8E F4 FF 80 8C DC FF 80 8C C4 FF 80 8C AC FF 80 8C 93 FF 40 8D 7B FF C0 8D 63 FF 40 8E 4B FF C0 8E 0D 00 C0 8C 27 00 C0 8C 42 00 C0 8C 5C 00 C0 8C 78 00 80 8D 92 00 00 8E AD 00 80 8E C7 00 00 8F F3 FF C0 8C D9 FF C0 8C BE FF C0 8C A4 FF C0 8C 88 FF 80 8D 6E FF 00 8E 53 FF 80 8E 39 FF 00 8F 0E 00 00 8D 2B 00 00 8D 49 00 00 8D 66 00 00 8D 84 00 C0 8D A1 00 40 8E BF 00 C0 8E DC 00 40 8F F2 FF 00 8D D5 FF 00 8D B7 FF 00 8D 9A FF 00 8D 7C FF C0 8D 5F FF 40 8E 41 FF C0 8E 24 FF 40 8F 10 00 40 8D 30 00 40 8D 51 00 40 8D 71 00 40 8D 92 00 00 8E B2 00 80 8E D3 00 00 8F F3 00 80 8F F0 FF 40 8D D0 FF 40 8D AF FF 40 8D 8F FF 40 8D 6E FF 00 8E 4E FF 80 8E 2D FF 00 8F 0D FF 80 8F 11 00 80 8D 34 00 80 8D 58 00 80 8D 7B 00 80 8D A0 00 40 8E C3 00 C0 8E E7 00 40 8F 0A 01 C0 8F EF FF 80 8D CC FF 80 8D A8 FF 80 8D 85 FF 80 8D 60 FF 40 8E 3D FF C0 8E 19 FF 40 8F F6 FE C0 8F 13 00 C0 8D 3A 00 C0 8D 61 00 C0 8D 88 00 C0 8D B0 00 80 8E D7 00 00 8F FE 00 80 8F 25 01 00 90 ED FF C0 8D C6 FF C0 8D 9F FF C0 8D 78 FF C0 8D 50 FF 80 8E 29 FF 00 8F 02 FF 80 8F DB FE 00 90 15 00 00 8E 40 00 00 8E 6B 00 00 8E 96 00 00 8E C2 00 C0 8E ED 00 40 8F 18 01 C0 8F 43 01 40 90 EB FF 00 8E C0 FF 00 8E 95 FF 00 8E 6A FF 00 8E 3E FF C0 8E 13 FF 40 8F E8 FE C0 8F BD FE 40 90 17 00 40 8E 46 00 40 8E 76 00 40 8E A5 00 40 8E D5 00 00 8F 04 01 80 8F 34 01 00 90 63 01 80 90 E9 FF 40 8E BA FF 40 8E 8A FF 40 8E 5B FF 40 8E 2B FF 00 8F FC FE 80 8F CC FE 00 90 9D FE 80 90 1A 00 80 8E 4E 00 80 8E 82 00 80 8E B6 00 80 8E EB 00 40 8F 1F 01 C0 8F 53 01 40 90 87 01 C0 90 E6 FF 80 8E B2 FF 80 8E 7E FF 80 8E 4A FF 80 8E 15 FF 40 8F E1 FE C0 8F AD FE 40 90 79 FE C0 90 1C 00 C0 8E 55 00 C0 8E 8F 00 C0 8E C8 00 C0 8E 02 01 80 8F 3B 01 00 90 75 01 80 90 AE 01 00 91 E4 FF C0 8E AB FF C0 8E 71 FF C0 8E 38 FF C0 8E FE FE 80 8F C5 FE 00 90 8B FE 80 90 52 FE 00 91 1F 00 00 8F 5E 00 00 8F 9D 00 00 8F DC 00 00 8F 1C 01 C0 8F 5B 01 40 90 9A 01 C0 90 D9 01 40 91 E1 FF 00 8F A2 FF 00 8F 63 FF 00 8F 24 FF 00 8F E4 FE C0 8F A5 FE 40 90 66 FE C0 90 27 FE 40 91 22 00 40 8F 67 00 40 8F AD 00 40 8F F2 00 40 8F 39 01 00 90 7E 01 80 90 C4 01 00 91 09 02 80 91 DE FF 40 8F 99 FF 40 8F 53 FF 40 8F 0E FF 40 8F C7 FE 00 90 82 FE 80 90 3C FE 00 91 F7 FD 80 91 26 00 80 8F 72 00 80 8F BF 00 80 8F 0B 01 80 8F 59 01 40 90 A5 01 C0 90 F2 01 40 91 3E 02 C0 91 DA FF 80 8F 8E FF 80 8F 41 FF 80 8F F5 FE 80 8F A7 FE 40 90 5B FE C0 90 0E FE 40 91 C2 FD C0 91 2A 00 C0 8F 7E 00 C0 8F D2 00 C0 8F 26 01 C0 8F 7B 01 80 90 CF 01 00 91 23 02 80 91 77 02 00 92 D6 FF C0 8F 82 FF C0 8F 2E FF C0 8F DA FE C0 8F 85 FE 80 90 31 FE 00 91 DD FD 80 91 89 FD 00 92 2E 00 00 90 8A 00 00 90 E7 00 00 90 43 01 00 90 A1 01 C0 90 FD 01 40 91 5A 02 C0 91 B6 02 40 92 D2 FF 00 90 76 FF 00 90 19 FF 00 90 BD FE 00 90 5F FE C0 90 03 FE 40 91 A6 FD C0 91 4A FD 40 92 33 00 40 90 99 00 40 90 FF 00 40 90 65 01 40 90 CB 01 00 91 31 02 80 91 97 02 00 92 FD 02 80 92 CD FF 40 90 67 FF 40 90 01 FF 40 90 9B FE 40 90 35 FE 00 91 CF FD 80 91 69 FD 00 92 03 FD 80 92 38 00 80 90 A8 00 80 90 18 01 80 90 88 01 80 90 F9 01 40 91 69 02 C0 91 D9 02 40 92 49 03 C0 92 C8 FF 80 90 58 FF 80 90 E8 FE 80 90 78 FE 80 90 07 FE 40 91 97 FD C0 91 27 FD 40 92 B7 FC C0 92 3D 00 C0 90 B8 00 C0 90 34 01 C0 90 AF 01 C0 90 2B 02 80 91 A6 02 00 92 22 03 80 92 9D 03 00 93 C3 FF C0 90 48 FF C0 90 CC FE C0 90 51 FE C0 90 D5 FD 80 91 5A FD 00 92 DE FC 80 92 63 FC 00 93 44 00 00 91 CC 00 00 91 54 01 00 91 DC 01 00 91 64 02 C0 91 EC 02 40 92 74 03 C0 92 FC 03 40 93 BC FF 00 91 34 FF 00 91 AC FE 00 91 24 FE 00 91 9C FD C0 91 14 FD 40 92 8C FC C0 92 04 FC 40 93 4A 00 40 91 DF 00 40 91 75 01 40 91 0A 02 40 91 A0 02 00 92 35 03 80 92 CB 03 00 93 60 04 80 93 B6 FF 40 91 21 FF 40 91 8B FE 40 91 F6 FD 40 91 60 FD 00 92 CB FC 80 92 35 FC 00 93 A0 FB 80 93 52 00 80 91 F6 00 80 91 9B 01 80 91 3F 02 80 91 E4 02 40 92 88 03 C0 92 2D 04 40 93 D1 04 C0 93 AE FF 80 91 0A FF 80 91 65 FE 80 91 C1 FD 80 91 1C FD 40 92 78 FC C0 92 D3 FB 40 93 2F FB C0 93 5A 00 C0 91 0F 01 C0 91 C4 01 C0 91 79 02 C0 91 2E 03 80 92 E3 03 00 93 98 04 80 93 4D 05 00 94 A6 FF C0 91 F1 FE C0 91 3C FE C0 91 87 FD C0 91 D2 FC 80 92 1D FC 00 93 68 FB 80 93 B3 FA 00 94 63 00 00 92 2A 01 00 92 F1 01 00 92 B8 02 00 92 7F 03 C0 92 46 04 40 93 0D 05 C0 93 D4 05 40 94 9D FF 00 92 D6 FE 00 92 0F FE 00 92 48 FD 00 92 81 FC C0 92 BA FB 40 93 F3 FA C0 93 2C FA 40 94 6D 00 40 92 48 01 40 92 23 02 40 92 FE 02 40 92 D9 03 00 93 B4 04 80 93 8F 05 00 94 6A 06 80 94 93 FF 40 92 B8 FE 40 92 DD FD 40 92 02 FD 40 92 27 FC 00 93 4C FB 80 93 71 FA 00 94 96 F9 80 94 78 00 80 92 68 01 80 92 59 02 80 92 49 03 80 92 3B 04 40 93 2B 05 C0 93 1C 06 40 94 0C 07 C0 94 88 FF 80 92 98 FE 80 92 A7 FD 80 92 B7 FC 80 92 C5 FB 40 93 D5 FA C0 93 E4 F9 40 94 F4 F8 C0 94 84 00 C0 92 8D 01 C0 92 96 02 C0 92 9F 03 C0 92 A8 04 80 93 B1 05 00 94 BA 06 80 94 C3 07 00 95 7C FF C0 92 73 FE C0 92 6A FD C0 92 61 FC C0 92 58 FB 80 93 4F FA 00 94 46 F9 80 94 3D F8 00 95 91 00 00 93 B4 01 00 93 D8 02 00 93 FB 03 00 93 1F 05 C0 93 42 06 40 94 66 07 C0 94 89 08 40 95 6F FF 00 93 4C FE 00 93 28 FD 00 93 05 FC 00 93 E1 FA C0 93 BE F9 40 94 9A F8 C0 94 77 F7 40 95 A0 00 40 93 E0 01 40 93 21 03 40 93 61 04 40 93 A2 05 00 94 E2 06 80 94 23 08 00 95 63 09 80 95 60 FF 40 93 20 FE 40 93 DF FC 40 93 9F FB 40 93 5E FA 00 94 1E F9 80 94 DD F7 00 95 9D F6 80 95 B0 00 80 93 10 02 80 93 71 03 80 93 D1 04 80 93 33 06 40 94 93 07 C0 94 F4 08 40 95 54 0A C0 95 50 FF 80 93 F0 FD 80 93 8F FC 80 93 2F FB 80 93 CD F9 40 94 6D F8 C0 94 0C F7 40 95 AC F5 C0 95 C2 00 C0 93 46 02 C0 93 CA 03 C0 93 4E 05 C0 93 D2 06 80 94 56 08 00 95 DA 09 80 95 5E 0B 00 96 3E FF C0 93 BA FD C0 93 36 FC C0 93 B2 FA C0 93 2E F9 80 94 AA F7 00 95 26 F6 80 95 A2 F4 00 96 D5 00 00 94 7F 02 00 94 2A 04 00 94 D4 05 00 94 80 07 C0 94 2A 09 40 95 D5 0A C0 95 7F 0C 40 96 2B FF 00 94 81 FD 00 94 D6 FB 00 94 2C FA 00 94 80 F8 C0 94 D6 F6 40 95 2B F5 C0 95 81 F3 40 96 EA 00 40 94 BF 02 40 94 95 04 40 94 6A 06 40 94 40 08 00 95 15 0A 80 95 EB 0B 00 96 C0 0D 80 96 16 FF 40 94 41 FD 40 94 6B FB 40 94 96 F9 40 94 C0 F7 00 95 EB F5 80 95 15 F4 00 96 40 F2 80 96 02 01 80 94 06 03 80 94 0B 05 80 94 0F 07 80 94 14 09 40 95 18 0B C0 95 1D 0D 40 96 21 0F C0 96 FE FE 80 94 FA FC 80 94 F5 FA 80 94 F1 F8 80 94 EC F6 40 95 E8 F4 C0 95 E3 F2 40 96 DF F0 C0 96 1C 01 C0 94 54 03 C0 94 8C 05 C0 94 C4 07 C0 94 FC 09 80 95 34 0C 00 96 6C 0E 80 96 A4 10 00 97 E4 FE C0 94 AC FC C0 94 74 FA C0 94 3C F8 C0 94 04 F6 80 95 CC F3 00 96 94 F1 80 96 5C EF 00 97 38 01 00 95 A8 03 00 95 19 06 00 95 89 08 00 95 FB 0A C0 95 6B 0D 40 96 DC 0F C0 96 4C 12 40 97 C8 FE 00 95 58 FC 00 95 E7 F9 00 95 77 F7 00 95 05 F5 C0 95 95 F2 40 96 24 F0 C0 96 B4 ED 40 97 57 01 40 95 06 04 40 95 B5 06 40 95 64 09 40 95 14 0C 00 96 C3 0E 80 96 72 11 00 97 21 14 80 97 A9 FE 40 95 FA FB 40 95 4B F9 40 95 9C F6 40 95 EC F3 00 96 3D F1 80 96 8E EE 00 97 DF EB 80 97 7A 01 80 95 6E 04 80 95 62 07 80 95 56 0A 80 95 4A 0D 40 96 3E 10 C0 96 32 13 40 97 26 16 C0 97 86 FE 80 95 92 FB 80 95 9E F8 80 95 AA F5 80 95 B6 F2 40 96 C2 EF C0 96 CE EC 40 97 DA E9 C0 97 9F 01 C0 95 DE 04 C0 95 1E 08 C0 95 5D 0B C0 95 9E 0E 80 96 DD 11 00 97 1D 15 80 97 5C 18 00 98 61 FE C0 95 22 FB C0 95 E2 F7 C0 95 A3 F4 C0 95 62 F1 80 96 23 EE 00 97 E3 EA 80 97 A4 E7 00 98 C9 01 00 96 5C 05 00 96 EF 08 00 96 82 0C 00 96 15 10 C0 96 A8 13 40 97 3B 17 C0 97 CE 1A 40 98 37 FE 00 96 A4 FA 00 96 11 F7 00 96 7E F3 00 96 EB EF C0 96 58 EC 40 97 C5 E8 C0 97 32 E5 40 98 F7 01 40 96 E5 05 40 96 D4 09 40 96 C2 0D 40 96 B1 11 00 97 9F 15 80 97 8E 19 00 98 7C 1D 80 98 09 FE 40 96 1B FA 40 96 2C F6 40 96 3E F2 40 96 4F EE 00 97 61 EA 80 97 72 E6 00 98 84 E2 80 98 29 02 80 96 7C 06 80 96 CF 0A 80 96 22 0F 80 96 75 13 40 97 C8 17 C0 97 1B 1C 40 98 6E 20 C0 98 D7 FD 80 96 84 F9 80 96 31 F5 80 96 DE F0 80 96 8B EC 40 97 38 E8 C0 97 E5 E3 40 98 92 DF C0 98 60 02 C0 96 21 07 C0 96 E3 0B C0 96 A4 10 C0 96 67 15 80 97 28 1A 00 98 EA 1E 80 98 AB 23 00 99 A0 FD C0 96 DF F8 C0 96 1D F4 C0 96 5C EF C0 96 99 EA 80 97 D8 E5 00 98 16 E1 80 98 55 DC 00 99 9D 02 00 97 D8 07 00 97 14 0D 00 97 4F 12 00 97 8B 17 C0 97 C6 1C 40 98 02 22 C0 98 3D 27 40 99 63 FD 00 97 28 F8 00 97 EC F2 00 97 B1 ED 00 97 75 E8 C0 97 3A E3 40 98 FE DD C0 98 C3 D8 40 99 E0 02 40 97 A1 08 40 97 63 0E 40 97 24 14 40 97 E6 19 00 98 A7 1F 80 98 69 25 00 99 2A 2B 80 99 20 FD 40 97 5F F7 40 97 9D F1 40 97 DC EB 40 97 1A E6 00 98 59 E0 80 98 97 DA 00 99 D6 D4 80 99 2A 03 80 97 7F 09 80 97 D4 0F 80 97 29 16 80 97 7E 1C 40 98 D3 22 C0 98 28 29 40 99 7D 2F C0 99 D6 FC 80 97 81 F6 80 97 2C F0 80 97 D7 E9 80 97 82 E3 40 98 2D DD C0 98 D8 D6 40 99 83 D0 C0 99 7B 03 C0 97 72 0A C0 97 69 11 C0 97 60 18 C0 97 57 1F 80 98 4E 26 00 99 45 2D 80 99 3C 34 00 9A 85 FC C0 97 8E F5 C0 97 97 EE C0 97 A0 E7 C0 97 A9 E0 80 98 B2 D9 00 99 BB D2 80 99 C4 CB 00 9A D4 03 00 98 7D 0B 00 98 26 13 00 98 CF 1A 00 98 79 22 C0 98 22 2A 40 99 CB 31 C0 99 74 39 40 9A 2C FC 00 98 83 F4 00 98 DA EC 00 98 31 E5 00 98 87 DD C0 98 DE D5 40 99 35 CE C0 99 8C C6 40 9A 36 04 40 98 A3 0C 40 98 11 15 40 98 7E 1D 40 98 EC 25 00 99 59 2E 80 99 C7 36 00 9A 34 3F 80 9A CA FB 40 98 5D F3 40 98 EF EA 40 98 82 E2 40 98 14 DA 00 99 A7 D1 80 99 39 C9 00 9A CC C0 80 9A A2 04 80 98 E7 0D 80 98 2C 17 80 98 71 20 80 98 B7 29 40 99 FC 32 C0 99 41 3C 40 9A 86 45 C0 9A 5E FB 80 98 19 F2 80 98 D4 E8 80 98 8F DF 80 98 49 D6 40 99 04 CD C0 99 BF C3 40 9A 7A BA C0 9A 19 05 C0 98 4B 0F C0 98 7E 19 C0 98 B0 23 C0 98 E3 2D 80 99 15 38 00 9A 48 42 80 9A 7A 4C 00 9B E7 FA C0 98 B5 F0 C0 98 82 E6 C0 98 50 DC C0 98 1D D2 80 99 EB C7 00 9A B8 BD 80 9A 86 B3 00 9B 9B 05 00 99 D2 10 00 99 0A 1C 00 99 41 27 00 99 7A 32 C0 99 B1 3D 40 9A E9 48 C0 9A 20 54 40 9B 65 FA 00 99 2E EF 00 99 F6 E3 00 99 BF D8 00 99 86 CD C0 99 4F C2 40 9A 17 B7 C0 9A E0 AB 40 9B 2B 06 40 99 81 12 40 99 D8 1E 40 99 2E 2B 40 99 86 37 00 9A DC 43 80 9A 33 50 00 9B 89 5C 80 9B D5 F9 40 99 7F ED 40 99 28 E1 40 99 D2 D4 40 99 7A C8 00 9A 24 BC 80 9A CD AF 00 9B 77 A3 80 9B C9 06 80 99 5B 14 80 99 EE 21 80 99 80 2F 80 99 14 3D 40 9A A6 4A C0 9A 39 58 40 9B CB 65 C0 9B 37 F9 80 99 A5 EB 80 99 12 DE 80 99 80 D0 80 99 EC C2 40 9A 5A B5 C0 9A C7 A7 40 9B 35 9A C0 9B 77 07 C0 99 65 16 C0 99 53 25 C0 99 41 34 C0 99 30 43 80 9A 1E 52 00 9B 0C 61 80 9B FA 6F 00 9C 89 F8 C0 99 9B E9 C0 99 AD DA C0 99 BF CB C0 99 D0 BC 80 9A E2 AD 00 9B F4 9E 80 9B 06 90 00 9C 36 08 00 9A A2 18 00 9A 0F 29 00 9A 7B 39 00 9A E8 49 C0 9A 54 5A 40 9B C1 6A C0 9B 2D 7B 00 9C CA F7 00 9A 5E E7 00 9A F1 D6 00 9A 85 C6 00 9A 18 B6 C0 9A AC A5 40 9B 3F 95 C0 9B D3 84 00 9C 08 09 40 9A 19 1B 40 9A 2A 2D 40 9A 3B 3F 40 9A 4C 51 00 9B 5D 63 80 9B 6E 75 00 9C 7F 87 00 9C F8 F6 40 9A E7 E4 40 9A D6 D2 40 9A C5 C0 40 9A B4 AE 00 9B A3 9C 80 9B 92 8A 00 9C 81 78 00 9C EF 09 80 9A CE 1D 80 9A AE 31 80 9A 8D 45 80 9A 6D 59 40 9B 4C 6D C0 9B 2C 81 00 9C 0B 95 00 9C 11 F6 80 9A 32 E2 80 9A 52 CE 80 9A 73 BA 80 9A 93 A6 40 9B B4 92 C0 9B D4 7E 00 9C F5 6A 00 9C EE 0A C0 9A CA 20 C0 9A A6 36 C0 9A 82 4C C0 9A 5F 62 80 9B 3B 78 00 9C 17 8E 00 9C F3 A3 00 9C 12 F5 C0 9A 36 DF C0 9A 5A C9 C0 9A 7E B3 C0 9A A1 9D 80 9B C5 87 00 9C E9 71 00 9C 0D 5C 00 9C 05 0C 00 9B 10 24 00 9B 1C 3C 00 9B 27 54 00 9B 34 6C C0 9B 3F 84 00 9C 4B 9C 00 9C 56 B4 00 9C FB F3 00 9B F0 DB 00 9B E4 C3 00 9B D9 AB 00 9B CC 93 C0 9B C1 7B 00 9C B5 63 00 9C AA 4B 00 9C 39 0D 40 9B AC 27 40 9B 20 42 40 9B 93 5C 40 9B 07 77 00 9C 7A 91 00 9C EE AB 00 9C 61 C6 00 9C C7 F2 40 9B 54 D8 40 9B E0 BD 40 9B 6D A3 40 9B F9 88 00 9C 86 6E 00 9C 12 54 00 9C 9F 39 00 9C 8C 0E 80 9B A4 2B 80 9B BD 48 80 9B D5 65 80 9B EE 82 00 9C 06 A0 00 9C 1F BD 00 9C 37 DA 00 9C 74 F1 80 9B 5C D4 80 9B 43 B7 80 9B 2B 9A 80 9B 12 7D 00 9C FA 5F 00 9C E1 42 00 9C C9 25 00 9C FF 0F C0 9B FE 2F C0 9B FE 4F C0 9B FD 6F C0 9B FE 8F 00 9C FD AF 00 9C FD CF 00 9C FC EF 00 9C 01 F0 C0 9B 02 D0 C0 9B 02 B0 C0 9B 03 90 C0 9B 02 70 00 9C 03 50 00 9C 03 30 00 9C 04 10 00 9C 	tables: MDAT "decoder-table.bin"
9C40              	        ASSERT $ == 0x9C40
9C40              	        DS 0x9D00-$
9D00 00 00 00 00 00 00 00 00 00 00 00 00 00 00 00 00 00 00 00 00 00 00 00 00 00 00 00 00 00 00 00 00 00 00 00 00 00 00 00 00 00 00 00 00 00 00 00 00 00 00 00 00 00 00 00 00 00 00 00 00 00 00 00 00 00 00 00 00 00 00 00 00 00 00 00 00 00 00 00 00 00 00 00 00 00 00 00 00 00 00 00 00 00 00 00 00 00 00 00 00 00 00 00 00 00 00 00 00 00 00 00 00 00 00 00 00 00 00 00 00 00 00 00 00 00 00 00 00 00 00 00 00 00 00 00 12 8A 24 04 88 24 24 02 8A 04 10 22 24 01 09 14 94 50 00 00 00 00 00 00 00 00 00 00 00 00 00 00 00 00 00 00 00 00 00 00 00 00 00 00 00 00 00 00 00 00 00 00 00 00 00 00 00 00 00 00 00 00 00 00 00 00 00 00 00 00 00 00 00 00 00 00 00 00 00 00 00 00 00 00 00 00 00 00 00 00 00 00 00 00 00 00 00 00 00 00 00 00 00 00 00 00 00 00 00 00 00 00 00 00 00 00 00 00 00 00 00 00 00 00 00 00 00 00 00 00 00 00 00 00 00 00 00 00 00 00 00 00 00 00 00 00 00 00 00 00 00 00 00 00 00 00 00 00 00 00 00 00 00 00 00 00 00 00 00 00 00 00 00 00 00 00 00 00 00 00 00 00 00 00 00 00 00 00 00 00 00 00 00 00 00 00 00 00 00 00 00 00 00 00 00 00 00 00 00 00 00 00 00 00 00 00 00 00 00 00 00 00 00 00 00 00 00 00 00 00 00 00 00 00 00 00 00 00 00 00 00 00 00 00 00 00 00 00 00 00 00 00 00 00 00 00 12 8A 26 04 C8 27 C4 02 8A 08 10 22 27 C1 F0 A4 94 50 00 00 00 00 00 00 00 00 00 00 00 00 00 00 00 00 00 00 00 00 00 00 00 00 00 00 00 00 00 00 00 00 00 00 00 00 00 00 00 00 00 00 00 00 00 00 00 00 00 00 00 00 00 00 00 00 00 00 00 00 00 00 00 00 00 00 00 00 00 00 00 00 00 00 00 00 00 00 00 00 00 00 00 00 00 00 00 00 00 00 00 00 00 00 00 00 00 00 00 00 00 00 00 00 00 00 00 00 00 00 00 00 00 00 00 00 00 00 00 00 00 00 00 00 00 00 00 00 00 00 00 00 00 00 00 00 00 00 00 00 00 00 00 00 00 00 00 00 00 00 00 00 00 00 00 00 00 00 00 00 00 00 00 00 00 00 00 00 00 00 00 00 00 00 00 00 00 00 00 00 00 00 00 00 00 00 00 00 00 00 00 00 00 00 00 00 00 00 00 00 00 00 00 00 00 00 00 00 00 00 00 00 00 00 00 00 00 00 00 00 00 00 00 00 00 00 00 00 00 00 00 00 00 00 00 00 00 00 12 52 3E 07 C8 24 04 02 52 08 10 22 44 01 00 A4 92 90 00 00 00 00 00 00 00 00 00 00 00 00 00 00 00 00 00 00 00 00 00 00 00 00 00 00 00 00 00 00 00 00 00 00 00 00 00 00 00 00 00 00 00 00 00 00 00 00 00 00 00 00 00 00 00 00 00 00 00 00 00 00 00 00 00 00 00 00 00 00 00 00 00 00 00 00 00 00 08 0F 89 FC 0C 20 9F 08 78 09 84 18 33 F6 0C 3C 3E 41 00 00 00 00 00 00 00 00 00 00 00 00 00 00 00 00 00 00 00 00 00 00 00 00 00 00 00 00 00 00 00 00 00 00 00 00 00 00 00 00 00 00 00 00 00 00 00 00 00 00 00 00 00 00 00 00 00 00 00 00 00 00 00 00 00 00 00 00 00 00 00 00 00 00 00 00 00 00 00 00 00 00 00 00 00 00 00 00 00 00 00 00 00 00 00 00 00 00 00 00 00 00 00 00 00 00 00 00 00 00 00 00 00 00 00 00 00 00 00 00 00 00 00 00 00 00 00 00 00 00 00 00 00 00 00 00 00 00 00 00 00 00 12 52 42 08 48 24 04 12 52 08 10 21 44 01 00 A3 12 90 00 00 00 00 00 00 00 00 00 00 00 00 00 00 00 00 00 00 00 00 00 00 00 00 00 00 00 00 00 00 00 00 00 00 00 00 00 00 00 00 00 00 00 00 00 00 00 00 00 00 00 00 00 00 00 00 00 00 00 00 00 00 00 00 00 00 00 00 00 00 00 00 00 00 00 00 00 00 18 08 48 20 0A 20 90 88 84 09 84 18 32 06 0C 42 21 22 00 00 00 00 00 00 00 00 00 00 00 00 00 00 00 00 00 00 00 00 00 00 00 00 00 00 00 00 00 00 00 00 00 00 00 00 00 00 00 00 00 00 00 00 00 00 00 00 00 00 00 00 00 00 00 00 00 00 00 00 00 00 00 00 00 00 00 00 00 00 00 00 00 00 00 00 00 00 00 00 00 00 00 00 00 00 00 00 00 00 00 00 00 00 00 00 00 00 00 00 00 00 00 00 00 00 00 00 00 00 00 00 00 00 00 00 00 00 00 00 00 00 00 00 00 00 00 00 00 00 00 00 00 00 00 00 00 00 00 00 00 00 12 52 43 08 68 44 02 12 52 10 10 21 44 01 00 A3 12 90 00 00 00 00 00 00 00 00 00 00 00 00 00 00 00 00 00 00 00 00 00 00 00 00 00 00 00 00 00 00 00 00 00 00 00 00 00 00 00 00 00 00 00 00 00 00 00 00 00 00 00 00 00 00 00 00 00 00 00 00 00 00 00 00 00 00 00 00 00 00 00 00 00 00 00 00 00 00 28 08 48 20 0A 20 90 49 02 09 44 1C 72 07 1C 81 21 32 00 00 00 00 00 00 00 00 00 00 00 00 00 00 00 00 00 00 00 00 00 00 00 00 00 00 00 00 00 00 00 00 00 00 00 00 00 00 00 00 00 00 00 00 00 00 00 00 00 00 00 00 00 00 00 00 00 00 00 00 00 00 00 00 00 00 00 00 00 00 00 00 00 00 00 00 00 00 00 00 00 00 00 00 00 00 00 00 00 00 00 00 00 00 00 00 00 00 00 00 00 00 00 00 00 00 00 00 00 00 13 06 18 03 0F 87 C1 E3 06 02 10 24 17 E1 F3 18 58 30 00 00 00 00 00 00 00 00 00 00 00 00 00 00 12 22 41 08 2F 84 01 E2 22 10 1F A1 87 E1 00 43 11 10 00 00 00 00 00 00 00 00 00 00 00 00 00 00 00 00 00 00 00 00 00 00 00 00 00 00 00 00 00 00 00 00 00 00 00 00 00 00 00 00 00 00 00 00 00 00 00 00 00 00 00 00 00 00 00 00 00 00 00 00 00 00 00 00 00 00 00 00 00 00 00 00 00 00 00 00 00 00 28 08 48 20 12 20 90 49 02 09 64 14 52 05 14 81 21 14 00 00 00 00 00 00 00 00 00 00 00 00 00 00 00 00 00 00 00 00 00 00 00 00 00 00 00 00 00 00 00 00 00 00 00 00 00 00 00 00 00 00 00 00 00 00 00 00 00 00 00 00 00 00 00 00 00 00 00 00 00 00 00 00 00 00 00 00 00 00 00 00 00 00 00 00 00 00 00 00 00 00 00 00 00 00 00 00 00 00 00 00 00 00 00 00 00 00 00 00 00 00 00 00 00 00 00 00 00 00 13 06 14 02 88 44 22 13 06 04 10 24 14 01 09 18 58 30 00 00 00 00 00 00 00 00 00 00 00 00 00 00 00 00 00 00 00 00 00 00 00 10 00 00 00 00 00 00 00 00 00 00 00 00 00 00 00 00 00 00 00 00 00 00 00 00 00 00 00 00 00 00 00 00 00 00 00 00 00 00 00 00 00 00 00 00 00 00 00 00 00 00 00 00 00 00 00 00 00 00 00 00 00 00 00 00 00 00 00 00 00 00 00 00 00 00 00 00 00 00 00 00 00 00 00 00 00 00 48 0F 88 20 13 20 90 49 02 09 24 14 53 E5 14 81 3E 1C 00 00 00 00 00 00 00 00 00 00 00 00 00 00 00 00 00 00 00 00 00 00 00 00 00 00 00 00 00 00 00 00 00 00 00 00 00 00 00 00 00 00 00 00 00 00 00 00 00 00 00 00 00 00 00 00 00 00 00 00 00 00 00 00 00 00 00 00 00 00 00 00 00 00 00 00 00 00 00 00 00 00 00 00 00 00 00 00 00 00 00 00 00 00 00 00 00 00 00 00 00 00 00 00 00 00 00 00 00 00 13 8E 14 02 88 24 24 1B 8E 04 10 24 24 01 09 14 DC 70 00 00 00 00 00 00 00 00 00 00 00 00 00 00 00 00 00 00 00 00 00 00 00 00 00 00 00 00 00 00 00 00 00 00 00 00 00 00 00 00 00 00 00 00 00 00 00 00 00 00 00 00 00 00 00 00 00 00 00 00 00 00 00 00 00 00 00 00 00 00 00 00 00 00 00 00 00 00 00 00 00 00 00 00 00 00 00 00 00 00 00 00 00 00 00 00 00 00 00 00 00 00 00 00 00 00 00 00 00 00 89 C8 48 20 1F 20 90 49 02 09 34 12 92 04 A4 81 22 08 00 00 00 00 00 00 00 00 00 00 00 00 00 01 FC 08 48 20 21 20 90 49 02 09 14 12 92 04 A4 81 21 08 00 00 00 00 00 00 00 00 00 00 00 00 00 00 00 00 00 00 00 00 00 00 00 00 00 00 00 00 00 00 00 00 00 00 00 00 00 00 00 00 00 00 00 00 00 00 00 00 00 00 00 00 00 00 00 00 00 00 00 00 00 00 00 00 00 00 00 00 00 00 00 00 00 00 00 00 00 84 40 42 21 10 88 00 A3 09 08 10 90 0A 22 04 23 08 01 21 12 00 00 00 00 00 00 00 00 00 00 00 00 00 00 00 00 00 00 00 00 00 00 00 00 00 00 00 00 00 00 00 00 00 00 00 00 00 00 00 00 00 00 00 00 00 00 00 00 00 00 00 00 00 00 00 00 00 00 00 00 00 00 00 00 00 00 00 00 00 00 00 00 00 00 00 00 00 00 00 00 00 00 00 00 00 00 00 00 00 00 00 00 00 00 00 00 00 00 00 00 00 00 00 00 00 00 00 00 0F 10 90 90 83 F8 20 40 A2 90 24 92 04 07 10 24 13 E2 01 F0 00 00 00 00 00 00 00 00 00 00 00 00 00 08 08 48 20 21 B1 90 88 84 09 0C 12 92 04 A4 42 21 08 00 00 00 00 00 00 00 00 00 00 00 00 00 00 00 00 00 00 00 00 00 00 00 00 00 00 00 00 00 00 00 00 00 00 00 00 00 00 00 00 00 00 00 00 00 00 00 00 00 00 00 00 00 00 00 00 00 00 00 00 00 00 00 00 00 00 00 00 00 00 00 00 00 00 00 00 00 82 40 83 40 90 48 00 A2 89 04 10 90 0A 32 08 12 88 02 21 21 00 00 00 00 00 00 00 00 00 00 00 00 00 00 00 00 00 00 00 00 00 00 00 00 00 00 00 00 00 00 00 00 00 00 00 00 00 00 00 00 00 00 00 00 00 00 00 00 00 00 00 00 00 00 00 00 00 00 00 00 00 00 00 00 00 00 00 00 00 00 00 00 00 00 00 00 00 00 00 00 00 00 00 00 00 00 00 00 00 00 00 00 00 00 00 00 00 00 00 00 00 00 00 00 00 00 00 00 10 90 90 90 82 08 40 40 94 90 24 D2 04 00 90 24 12 22 01 00 00 00 00 00 00 00 00 00 00 00 00 00 00 08 0F 88 20 20 9F 1F 08 78 09 0C 11 13 F4 44 3C 21 08 00 00 00 00 00 00 00 00 00 00 00 00 00 00 00 00 00 00 00 00 00 00 00 00 00 00 00 00 00 00 00 00 00 00 00 00 00 00 00 00 00 00 00 00 00 00 00 00 00 00 00 00 00 00 00 00 00 00 00 00 00 00 00 00 00 00 00 00 00 00 00 00 00 00 00 00 00 82 40 80 40 90 48 01 22 C9 04 10 90 12 14 08 12 C8 06 21 21 00 00 00 00 00 00 00 00 00 00 00 00 00 00 00 00 00 00 00 00 00 00 00 00 00 00 00 00 00 00 00 00 00 00 00 00 00 00 00 00 00 00 00 00 00 00 00 00 00 00 00 00 00 00 00 00 00 00 00 00 00 00 00 00 00 00 00 00 00 00 00 00 00 00 00 00 00 00 00 00 00 00 00 00 00 00 00 00 00 00 00 00 00 00 00 00 00 00 00 00 00 00 00 00 00 00 00 00 10 90 90 90 82 08 C0 40 94 90 24 52 04 10 90 24 12 12 09 00 00 00 00 00 00 00 00 00 00 00 00 00 00 00 00 00 00 00 00 00 00 00 00 00 00 00 00 00 00 00 00 00 00 00 00 00 00 00 00 00 00 00 00 00 00 00 00 00 00 00 00 00 00 00 00 00 00 00 00 00 00 00 00 00 00 00 00 00 00 00 00 00 00 00 00 00 00 00 00 00 00 00 00 00 00 00 00 00 00 00 00 00 00 00 00 00 00 00 00 00 00 00 00 00 00 00 00 00 82 7C 80 40 90 4F 81 32 49 04 1F 10 13 1C 08 12 48 04 1E 21 00 00 00 00 00 00 00 00 00 00 00 00 00 00 00 00 00 00 00 00 00 00 00 00 00 00 00 00 00 00 00 00 00 00 00 00 00 00 00 00 00 00 00 00 00 00 00 00 00 00 00 00 00 00 00 00 00 00 00 00 00 00 00 00 00 00 00 00 00 00 00 00 00 00 00 00 00 00 00 00 00 00 00 00 00 00 00 00 00 00 00 00 00 00 00 00 00 00 00 00 00 00 00 00 00 00 00 00 10 89 09 09 02 09 80 80 94 88 44 31 08 10 88 46 32 11 09 00 00 00 00 00 00 00 00 00 00 00 00 00 00 00 00 00 00 00 00 00 00 00 00 00 00 00 00 00 00 00 00 00 00 00 00 00 00 00 00 00 00 00 00 00 00 00 00 00 00 00 00 00 00 00 00 00 00 00 00 00 00 00 00 00 00 00 00 00 00 00 00 00 00 00 00 00 00 00 00 00 00 00 00 00 00 00 00 00 00 00 00 00 00 00 00 00 00 00 00 00 00 00 00 00 00 00 00 00 82 40 80 40 90 48 01 F2 69 04 10 10 1F 08 08 12 68 08 21 21 00 00 00 00 00 00 00 00 00 00 00 00 00 00 00 00 00 00 00 00 00 00 00 00 00 00 00 00 00 00 00 00 00 00 00 00 00 00 00 00 00 00 00 00 00 00 00 00 00 00 00 00 00 00 00 00 00 00 00 00 00 00 00 00 00 00 00 00 00 00 00 00 00 00 00 00 0F 0F 0F 0F 02 08 00 10 C1 87 86 10 F0 0F 07 84 13 E0 F1 F8 00 00 00 00 00 00 00 00 00 00 00 00 0F 0F 0F 0F 02 09 F8 80 88 87 84 30 F0 0F 07 83 E2 10 F1 F8 00 00 00 00 00 00 00 00 00 00 00 00 00 00 00 00 00 00 00 00 00 00 00 00 00 00 00 00 00 00 00 00 00 00 00 00 00 00 00 00 00 00 00 00 00 00 00 00 00 00 00 00 00 00 00 00 00 00 00 00 00 00 00 00 00 00 00 00 00 00 00 00 00 00 00 00 00 00 00 00 00 00 00 00 00 00 00 00 00 00 00 00 00 00 00 00 00 00 00 00 00 00 00 00 00 00 00 00 82 40 82 40 90 48 02 12 29 04 10 10 21 08 08 12 28 10 21 21 00 00 00 00 00 00 00 00 00 00 00 00 00 00 00 00 00 00 00 00 00 00 00 00 00 00 00 00 00 00 00 00 00 00 00 00 00 00 00 00 00 00 00 00 00 00 00 00 00 00 00 00 00 00 00 00 00 00 00 00 00 00 00 00 00 00 00 00 00 00 00 00 00 00 00 00 10 89 09 09 02 08 00 20 C1 88 46 11 08 11 88 44 12 11 09 00 00 00 00 00 00 00 00 00 00 00 00 00 00 00 00 00 00 00 00 80 00 00 00 00 00 00 00 00 00 00 00 00 00 00 00 00 00 00 00 00 00 00 00 00 00 00 00 00 00 00 00 00 00 00 00 00 00 00 00 00 00 00 00 00 00 00 00 00 00 00 00 00 00 00 00 00 00 00 00 00 00 00 00 00 00 00 00 00 00 00 00 00 00 00 00 00 00 00 00 00 00 00 00 00 00 00 00 00 00 00 00 00 00 00 00 00 00 00 00 00 00 00 00 00 00 00 00 00 00 00 00 00 00 00 00 00 00 00 00 00 84 40 42 21 10 88 02 1A 19 08 10 10 21 88 04 22 18 30 21 12 00 00 00 00 00 00 00 00 00 00 00 00 00 00 00 00 00 00 00 00 00 00 00 00 00 00 00 00 00 00 00 00 00 00 00 00 00 00 00 00 00 00 00 00 00 00 00 00 00 00 00 00 00 00 00 00 00 00 00 00 00 00 00 00 00 00 00 00 00 00 00 00 00 00 00 00 10 90 90 90 82 09 F8 20 E3 90 25 12 04 10 90 24 12 12 0D 00 00 00 00 00 00 00 00 00 00 00 00 00 00 00 00 00 00 00 00 00 00 00 00 00 00 00 00 00 00 00 00 00 00 00 00 00 00 00 00 00 00 00 00 00 00 00 00 00 00 00 00 00 00 00 00 00 00 00 00 00 00 00 00 00 00 00 00 00 00 00 00 00 00 00 00 00 00 00 00 00 00 00 00 00 00 00 00 00 00 00 00 00 00 00 00 00 00 00 00 00 00 00 00 00 00 00 00 00 F8 7E 3C 1E 1F 0F C0 C3 09 F0 1F 10 0C 41 03 C3 08 3F 9E 1E 00 00 00 00 00 00 00 00 00 00 00 00 F8 7E 3C 1E 1F 0F C2 0A 19 F0 10 1F A0 88 03 C2 18 3F 9E 1E 00 00 00 00 00 00 00 00 00 00 00 00 00 00 00 00 00 00 00 00 00 00 00 00 00 00 00 00 00 00 00 00 00 00 00 00 00 00 00 00 00 00 00 00 00 00 00 00 00 00 00 00 00 00 00 00 00 00 00 00 00 00 00 00 00 00 00 00 00 00 00 00 00 00 00 00 10 90 90 90 82 08 10 20 A2 90 25 92 04 18 10 24 12 12 01 00 00 00 00 00 00 00 00 00 00 00 00 00 00 00 00 00 00 00 00 00 00 00 00 00 00 00 00 00 00 00 00 00 00 00 00 00 00 00 00 00 00 00 00 00 00 00 00 00 00 00 00 00 00 00 00 00 00 00 00 00 00 00 00 00 00 00 00 00 00 00 00 00 00 00 00 00 00 00 00 00 00 00 00 00 00 00 00 00 00 00 00 00 00 00 00 00 00 00 00 00 00 00 00 00 00 00 00 00 00 00 00 00 00 00 00 00 00 00 00 00 00 00 00 00 00 00 00 00 00 00 00 00 00 00 00 00 00 00 00 00 00 00 00 08 18 89 19 02 08 02 12 1A 52 40 40 81 08 00 00 00 00 00 00 00 00 00 00 00 00 00 00 00 00 00 00 00 00 00 00 00 00 00 00 00 00 00 00 00 00 00 00 00 00 00 00 00 00 00 00 00 00 00 00 00 00 00 00 00 00 00 00 00 00 00 00 00 00 00 00 00 00 00 00 00 00 00 00 00 00 00 00 00 00 00 00 00 00 20 40 90 27 C0 81 F1 F0 E3 E0 80 10 81 01 C0 84 09 F0 00 00 00 00 00 00 00 00 00 00 00 00 00 00 00 00 00 00 00 00 00 00 00 00 00 00 00 00 00 00 00 00 00 00 00 00 00 00 00 00 00 00 00 00 00 00 00 00 00 00 00 00 00 00 00 00 00 00 00 00 00 00 00 00 00 00 00 00 00 00 00 00 00 00 00 00 00 00 00 00 00 00 00 00 00 00 00 00 00 00 00 00 00 00 00 00 00 00 00 00 00 00 00 00 00 00 00 00 00 00 00 00 0F 0F 0F 0F 06 0F 01 E0 C3 06 7C 40 FC F0 00 00 00 00 00 00 00 00 00 00 00 00 00 00 00 00 00 00 1F 8F 0F 0E 02 1F 81 E2 0A 22 40 7E FC F0 00 00 00 00 00 00 00 00 00 00 00 00 00 00 00 00 00 00 00 00 00 00 00 00 00 00 00 00 00 00 00 00 00 00 00 00 00 00 00 00 00 00 00 00 00 00 00 00 00 00 00 00 00 00 00 00 00 00 00 00 00 00 00 00 00 00 00 00 00 00 00 00 00 00 00 00 00 00 00 00 20 40 90 24 00 81 11 00 12 00 80 10 81 00 20 84 09 00 00 00 00 00 00 00 00 00 00 00 00 00 00 00 00 00 00 00 00 00 00 00 00 00 00 00 00 00 00 00 00 00 00 00 00 00 00 00 00 00 00 00 00 00 00 00 00 00 00 00 00 00 00 00 00 00 00 00 00 00 00 00 00 00 00 00 00 00 00 00 00 00 00 00 00 00 00 00 00 00 00 00 00 00 00 00 00 00 00 00 00 00 00 00 00 00 00 00 00 00 00 00 00 00 00 00 00 00 00 00 00 00 08 88 89 19 9A 08 82 30 A3 06 42 40 81 18 00 00 00 00 00 00 00 00 00 00 00 00 00 00 00 00 00 00 00 00 00 00 00 00 00 00 00 00 00 00 00 00 00 00 00 00 00 00 00 00 00 00 00 00 00 00 00 00 00 00 00 00 00 00 00 00 00 00 00 00 00 00 00 00 00 00 00 00 00 00 00 00 00 00 00 00 00 00 00 00 00 00 00 00 00 00 00 00 00 00 00 00 00 00 00 00 00 00 00 00 00 00 00 00 00 00 00 00 00 00 00 00 20 40 90 24 00 81 09 02 12 00 80 10 81 04 20 84 09 00 00 00 00 00 00 00 00 00 00 00 00 00 00 00 00 00 00 00 00 00 00 00 00 00 00 00 00 00 00 00 00 00 00 00 00 00 00 00 00 00 00 00 00 00 00 00 00 00 00 00 00 00 00 00 00 00 00 00 00 00 00 00 00 00 00 00 00 00 00 00 00 00 00 00 00 00 00 00 00 00 00 00 00 00 00 00 00 00 00 00 00 00 00 00 00 00 00 00 00 00 00 00 00 00 00 00 00 00 00 00 00 00 10 90 90 90 92 10 82 10 A3 8E 42 40 81 08 00 00 00 00 00 00 00 00 00 00 00 00 00 00 00 00 00 00 00 00 00 00 00 00 00 00 00 00 00 00 00 00 00 00 00 00 00 00 00 00 00 00 00 00 00 00 00 00 00 00 00 00 00 00 00 00 00 00 00 00 00 00 00 00 00 00 00 00 00 00 00 00 00 00 00 00 00 00 00 00 00 00 00 00 00 00 00 00 00 00 00 00 00 00 00 00 00 00 00 00 00 00 00 00 00 00 00 00 00 00 00 00 20 21 08 44 01 01 09 02 12 00 80 10 42 04 20 82 11 00 00 00 00 00 00 00 00 00 00 00 00 00 00 00 00 00 00 00 00 00 00 00 00 00 00 00 00 00 00 00 00 00 00 00 00 00 00 00 00 00 00 00 00 00 00 00 00 00 00 00 00 00 00 00 00 00 00 00 00 00 00 00 00 00 00 00 00 00 00 00 00 00 00 00 00 00 00 00 00 00 00 00 00 00 00 00 00 00 00 00 00 00 00 00 00 00 00 00 00 00 00 00 00 00 00 00 00 00 00 00 00 00 00 81 90 90 82 00 83 01 22 8A 42 40 81 80 00 00 00 00 00 00 00 00 00 00 00 00 00 00 00 00 00 00 00 00 00 00 00 00 00 00 00 00 00 00 00 00 00 00 00 00 00 00 00 00 00 00 00 00 00 00 00 00 00 00 00 00 00 00 00 00 00 00 00 00 00 00 00 00 00 00 00 00 00 00 00 00 00 00 00 00 00 00 00 00 20 1E 07 87 C0 21 F1 F9 E3 F7 F0 FE 3C 03 C7 F1 E1 F0 00 00 00 00 00 00 00 00 00 00 00 00 00 00 3F 1E 07 84 01 01 09 F9 E3 F0 80 10 3C 03 C0 81 E1 00 00 00 00 00 00 00 00 00 00 00 00 00 00 00 00 00 00 00 00 00 00 00 00 00 00 00 00 00 00 00 00 00 00 00 00 00 00 00 00 00 00 00 00 00 00 00 00 00 00 00 00 00 00 00 00 00 00 00 00 00 00 00 00 00 00 00 00 00 00 00 00 00 00 00 00 00 00 00 00 00 00 00 00 00 00 00 00 00 00 00 00 00 00 00 00 00 00 00 00 00 00 00 00 00 00 00 00 00 00 00 00 00 01 03 10 99 82 01 00 E1 32 8A 7C 40 F8 70 00 00 00 00 00 00 00 00 00 00 00 00 00 00 00 00 00 00 00 00 00 00 00 00 00 00 00 00 00 00 00 00 00 00 00 00 00 00 00 00 00 00 00 00 00 00 00 00 00 00 00 00 00 00 00 00 00 00 00 00 00 00 00 00 00 00 00 00 00 00 00 00 00 00 00 00 00 00 00 00 20 21 08 44 20 41 09 02 32 00 80 10 42 04 60 82 11 08 00 00 00 00 00 00 00 00 00 00 00 00 00 00 00 00 00 00 01 00 00 00 00 00 00 00 00 00 00 00 00 00 00 00 00 00 00 00 00 00 00 00 00 00 00 00 00 00 00 00 00 00 00 00 00 00 00 00 00 00 00 00 00 00 00 00 00 00 00 00 00 00 00 00 00 00 00 00 00 00 00 00 00 00 00 00 00 00 00 00 00 00 00 00 00 00 00 00 00 00 00 00 00 00 00 00 00 00 00 00 00 00 00 00 00 00 00 00 00 00 00 00 00 00 00 00 00 00 00 00 00 00 00 00 00 00 00 00 00 00 00 00 00 00 02 00 90 8E 82 02 00 11 F2 52 40 40 80 08 00 00 00 00 00 00 00 00 00 00 00 00 00 00 00 00 00 00 00 00 00 00 00 00 00 00 00 00 00 00 00 00 00 00 00 00 00 00 00 00 00 00 00 00 00 00 00 00 00 00 00 00 00 00 00 00 00 00 00 00 00 00 00 00 00 00 00 00 00 00 00 00 00 00 00 00 00 00 00 00 20 40 90 24 20 41 09 02 12 00 80 10 81 04 20 84 09 08 00 00 00 00 00 00 00 00 00 00 00 00 00 00 00 00 00 00 00 00 00 00 00 00 00 00 00 00 00 00 00 00 00 00 00 00 00 00 00 00 00 00 00 00 00 00 00 00 00 00 00 00 00 00 00 00 00 00 00 00 00 00 00 00 00 00 00 00 00 00 00 00 00 00 00 00 00 00 00 00 00 00 00 00 00 00 00 00 00 00 00 00 00 00 00 00 00 00 00 00 00 00 00 00 00 00 00 00 00 00 00 00 00 00 00 00 00 00 00 00 00 00 00 00 00 00 00 00 00 00 00 00 00 00 00 00 00 00 00 00 00 00 00 00 04 10 90 90 82 04 02 12 12 52 40 40 81 08 00 00 00 00 00 00 00 00 00 00 00 00 00 00 00 00 00 00 00 00 00 00 00 00 00 00 00 00 00 00 00 00 00 00 00 00 00 00 00 00 00 00 00 00 00 00 00 00 00 00 00 00 00 00 00 00 00 00 00 00 00 00 00 00 00 00 00 00 00 00 00 00 00 00 00 00 00 00 00 00 20 40 90 24 20 41 09 03 02 00 80 10 81 06 00 84 09 08 00 00 00 00 00 00 00 00 00 00 00 00 00 00 00 00 00 00 00 00 00 00 00 00 00 00 00 00 00 00 00 00 00 00 00 00 00 00 00 00 00 00 00 00 00 00 00 00 00 00 00 00 00 00 00 00 00 00 00 00 00 00 00 00 00 00 00 00 00 00 00 47 47 47 47 47 47 47 47 47 47 47 47 47 47 47 47 47 47 47 47 47 47 47 47 47 47 47 47 47 47 47 47 47 47 47 47 47 47 47 47 47 47 47 47 47 47 47 47 47 47 47 47 47 47 47 47 47 47 47 47 47 47 47 47 47 47 47 47 47 47 47 47 47 47 47 47 47 47 47 47 47 47 47 47 47 47 47 47 47 47 47 47 47 47 47 47 47 47 47 47 47 47 47 47 47 47 47 47 47 47 47 47 47 47 47 47 47 47 47 47 47 47 47 47 47 47 47 47 47 47 47 47 47 47 47 47 47 47 47 47 47 47 47 47 47 47 47 47 47 47 47 47 47 47 47 47 47 47 47 47 47 47 47 47 47 47 47 47 47 47 47 47 47 47 47 47 47 47 47 47 47 47 47 47 47 47 47 47 47 47 47 47 47 47 47 47 47 47 47 47 47 47 47 47 47 47 47 47 47 47 47 47 47 47 47 47 47 47 47 47 47 47 47 47 47 47 47 47 47 47 47 47 47 47 47 47 47 47 47 47 47 47 47 47 47 47 47 47 47 47 47 47 47 47 47 47 47 47 47 47 47 47 47 47 47 47 47 47 47 47 47 47 47 47 47 47 47 47 47 47 47 47 47 47 47 47 47 47 47 47 47 47 47 47 47 47 47 47 47 47 47 47 47 47 47 47 47 47 47 47 47 47 47 47 47 47 47 47 47 47 47 47 47 47 47 47 47 47 47 47 47 47 47 47 47 47 47 47 47 47 47 47 47 47 47 47 47 47 47 47 47 47 47 47 47 47 47 47 47 47 47 47 47 47 47 47 47 47 47 47 47 47 47 47 47 47 47 47 47 47 47 47 47 47 47 47 47 47 47 47 47 47 47 47 47 47 47 47 47 47 47 47 47 47 47 47 47 47 47 47 47 47 47 47 47 47 47 47 47 47 47 47 47 47 47 47 47 47 47 47 47 47 47 47 47 47 47 47 47 47 47 47 47 47 47 47 47 47 47 47 47 47 47 47 47 47 47 47 47 47 47 47 47 47 47 47 47 47 47 47 47 47 47 47 47 47 47 47 47 47 47 47 47 47 47 47 47 47 47 47 47 47 47 47 47 47 47 47 47 47 47 47 47 47 47 47 47 47 47 47 47 47 47 47 47 47 47 47 47 47 47 47 47 47 47 47 47 47 47 47 47 47 47 47 47 47 47 47 47 47 47 47 47 47 47 47 47 47 47 47 47 47 47 47 47 47 47 47 47 47 47 47 47 47 47 47 47 47 47 47 47 47 47 47 47 47 47 47 47 47 47 47 47 47 47 47 47 47 47 47 47 47 47 47 47 47 47 47 47 47 47 47 47 47 47 47 47 47 47 47 47 47 47 47 47 47 47 47 47 47 47 47 47 47 47 47 47 47 47 47 47 47 47 47 47 47 47 47 47 47 47 47 47 47 47 47 47 47 47 47 47 47 47 47 47 47 47 47 47 47 47 47 47 47 47 47 47 47 47 47 47 47 47 47 47 47 47 47 47 47 47 47 47 47 47 47 47 47 47 47 47 47 47 47 47 47 47 47 47 47 47 47 47 47 47 47 47 47 47 47 47 47 47 47 47 47 47 47 47 47 47 47 47 47 47 47 47 47 47 47 47 47 47 47 47 47 47 47 47 47 47 47 47 47 47 47 47 47 47 47 47 47 47 47 47 47 47 47 47 47 47 47 47 47 47 47 47 47 	screen_data: MDAT "screen.bin"
                 	player_end:
B800              	        ASSERT $ == 0xB800
