{"name": "ima3-filtered128-pcm", "snr_db": 21.232667316018098, "declared_gain": 1.0, "scope": "Filtered-error IMA, ideal multilevel DAC; no PDM", "encode_seconds": 60.21799999999348, "beam_width": 128, "horizon": 128, "commit": 64, "disk_audio_bytes": 70080}
{"name": "ima4-filtered128-pcm", "snr_db": 23.50071321684699, "declared_gain": 1.0, "scope": "Filtered-error IMA, ideal multilevel DAC; no PDM", "encode_seconds": 83.375, "beam_width": 128, "horizon": 128, "commit": 64, "disk_audio_bytes": 93440}
{"name": "ima3-pcm64-beta0.5-gain1", "snr_db": 20.269056454675297, "declared_gain": 1.0, "scope": "Uniform 128-kHz floating-state PC simulation; no Z80/timing claim", "beta": 0.5, "state_peak": 1.0612699369808598}
{"name": "ima3-pcm64-beta0.75-gain1", "snr_db": 21.08042700370666, "declared_gain": 1.0, "scope": "Uniform 128-kHz floating-state PC simulation; no Z80/timing claim", "beta": 0.75, "state_peak": 1.8369638394535808}
{"name": "ima3-pcm64-beta1-gain0.5", "snr_db": 20.299764468505618, "declared_gain": 0.5, "scope": "Uniform 128-kHz floating-state PC simulation; no Z80/timing claim", "beta": 1.0, "state_peak": 1.351226806640625}
{"name": "ima3-pcm64-beta1-gain0.625", "snr_db": 20.744541307553014, "declared_gain": 0.625, "scope": "Uniform 128-kHz floating-state PC simulation; no Z80/timing claim", "beta": 1.0, "state_peak": 1.6620407104492188}
{"name": "ima3-pcm64-beta1-gain0.75", "snr_db": 21.00775877857719, "declared_gain": 0.75, "scope": "Uniform 128-kHz floating-state PC simulation; no Z80/timing claim", "beta": 1.0, "state_peak": 2.0338478088378906}
{"name": "ima3-pcm64-beta1-gain1", "snr_db": 21.227136071388692, "declared_gain": 1.0, "scope": "Uniform 128-kHz floating-state PC simulation; no Z80/timing claim", "beta": 1.0, "state_peak": 6.8155517578125}
{"name": "ima3-filtered128-beta0.5-gain1", "snr_db": 18.841657899764314, "declared_gain": 1.0, "scope": "Uniform 128-kHz floating-state PC simulation; no Z80/timing claim", "beta": 0.5, "state_peak": 1.187194845581331}
{"name": "ima3-filtered128-beta0.75-gain1", "snr_db": 19.066702161176842, "declared_gain": 1.0, "scope": "Uniform 128-kHz floating-state PC simulation; no Z80/timing claim", "beta": 0.75, "state_peak": 2.223762277459569}
{"name": "ima3-filtered128-beta1-gain0.5", "snr_db": 19.664399756177705, "declared_gain": 0.5, "scope": "Uniform 128-kHz floating-state PC simulation; no Z80/timing claim", "beta": 1.0, "state_peak": 1.4831085205078125}
{"name": "ima3-filtered128-beta1-gain0.625", "snr_db": 20.035742115296024, "declared_gain": 0.625, "scope": "Uniform 128-kHz floating-state PC simulation; no Z80/timing claim", "beta": 1.0, "state_peak": 1.9551753997802734}
{"name": "ima3-filtered128-beta1-gain0.75", "snr_db": 20.18302942928001, "declared_gain": 0.75, "scope": "Uniform 128-kHz floating-state PC simulation; no Z80/timing claim", "beta": 1.0, "state_peak": 2.707061767578125}
{"name": "ima4-pcm64-beta0.5-gain1", "snr_db": 22.72967807341847, "declared_gain": 1.0, "scope": "Uniform 128-kHz floating-state PC simulation; no Z80/timing claim", "beta": 0.5, "state_peak": 0.9814028403082624}
{"name": "ima4-pcm64-beta0.75-gain1", "snr_db": 24.3116370302365, "declared_gain": 1.0, "scope": "Uniform 128-kHz floating-state PC simulation; no Z80/timing claim", "beta": 0.75, "state_peak": 1.7030680617324019}
{"name": "ima4-pcm64-beta1-gain0.5", "snr_db": 22.800423573650164, "declared_gain": 0.5, "scope": "Uniform 128-kHz floating-state PC simulation; no Z80/timing claim", "beta": 1.0, "state_peak": 1.3094558715820312}
{"name": "ima4-pcm64-beta1-gain0.625", "snr_db": 23.632978628396234, "declared_gain": 0.625, "scope": "Uniform 128-kHz floating-state PC simulation; no Z80/timing claim", "beta": 1.0, "state_peak": 1.6148967742919922}
{"name": "ima4-pcm64-beta1-gain0.75", "snr_db": 24.150468878688592, "declared_gain": 0.75, "scope": "Uniform 128-kHz floating-state PC simulation; no Z80/timing claim", "beta": 1.0, "state_peak": 2.1368408203125}
{"name": "ima4-pcm64-beta1-gain1", "snr_db": 24.639507403483904, "declared_gain": 1.0, "scope": "Uniform 128-kHz floating-state PC simulation; no Z80/timing claim", "beta": 1.0, "state_peak": 5.570068359375}
{"name": "ima4-filtered128-beta0.5-gain1", "snr_db": 20.03026206201175, "declared_gain": 1.0, "scope": "Uniform 128-kHz floating-state PC simulation; no Z80/timing claim", "beta": 0.5, "state_peak": 1.18701195600363}
{"name": "ima4-filtered128-beta0.75-gain1", "snr_db": 20.32391869694961, "declared_gain": 1.0, "scope": "Uniform 128-kHz floating-state PC simulation; no Z80/timing claim", "beta": 0.75, "state_peak": 2.2227437428396586}
{"name": "ima4-filtered128-beta1-gain0.5", "snr_db": 21.12319244933582, "declared_gain": 0.5, "scope": "Uniform 128-kHz floating-state PC simulation; no Z80/timing claim", "beta": 1.0, "state_peak": 1.48638916015625}
{"name": "ima4-filtered128-beta1-gain0.625", "snr_db": 21.64337192220678, "declared_gain": 0.625, "scope": "Uniform 128-kHz floating-state PC simulation; no Z80/timing claim", "beta": 1.0, "state_peak": 1.9614124298095703}
{"name": "ima4-filtered128-beta1-gain0.75", "snr_db": 21.87262908191146, "declared_gain": 0.75, "scope": "Uniform 128-kHz floating-state PC simulation; no Z80/timing claim", "beta": 1.0, "state_peak": 2.708343505859375}
