ASxxxx Linker V05.50.4-SDLD,  page 1.
Hexadecimal  [32-Bits]

Area                                    Addr        Size        Decimal Bytes (Attributes)
--------------------------------        ----        ----        ------- ----- ------------
.  .ABS.                            00000000    00000000 =           0. bytes (ABS,CON)

         Value  Global                             Global Defined In Module
         -----  --------------------------------   ------------------------
     00000000  .__.ABS.                           speex_filter
     00000000  l__QTABLE
     00000000  l__TABLES
     00000000  s__QTABLE
     00000000  s__QTABLE0
     00000000  s__TABLES
     00000000  s__TABLES0
     00000000  s__TABLES1
     00000000  s__TABLES2
     00000001  _immutable_playback_code           speex_filter
     00000100  l__TABLES1
     00000400  l__QTABLE0
     00000411  l__DATA
     00000D00  l__TABLES2
     00001DC3  l__CODE
     00001F72  l__TABLES0
     00007200  _coefficient_start                 speex_decode
     00007C00  _coefficient_end                   speex_decode
     00007C00  _innovation_start                  speex_decode
     00008000  _innovation_end                    speex_decode
     00008000  s__CODE
     0000B000  s__DATA

ASxxxx Linker V05.50.4-SDLD,  page 2.
Hexadecimal  [32-Bits]

Area                                    Addr        Size        Decimal Bytes (Attributes)
--------------------------------        ----        ----        ------- ----- ------------
_CODE                               00008000    00001DC3 =        7619. bytes (REL,CON)

         Value  Global                             Global Defined In Module
         -----  --------------------------------   ------------------------
     00008000  _entry                             speex_decode
     00008082  _complete                          speex_decode
     000080C2  _zx_clip                           speex_decode
     000080F7  mulq14                             speex_decode
     0000814A  cosine                             speex_decode
     000081C0  _zx_speex_decode                   speex_decode
     000082C8  _pitch27_setup                     speex_decode
     000082E1  _pitch27_general_ready             speex_decode
     000082FB  _pitch_init_start                  speex_decode
     00008302  _pitch_init_end                    speex_decode
     0000832A  _pitch_add_0_start                 speex_decode
     00008332  _pitch_add_0_end                   speex_decode
     0000835A  _pitch_add_1_start                 speex_decode
     00008362  _pitch_add_1_end                   speex_decode
     0000838A  _pitch_add_2_start                 speex_decode
     00008392  _pitch_add_2_end                   speex_decode
     00008392  _pitch_flush_start                 speex_decode
     0000839B  _pitch_flush_end                   speex_decode
     00008418  _exc_shift_start                   speex_decode
     00008425  _exc_shift_end                     speex_decode
     00008447  _pitch27_fast_ready                speex_decode
     00008461  _pitch27_fast_sum_start            speex_decode
     000084B1  _pitch27_fast_sum_end              speex_decode
     0000852E  pitch27_fast__exc_shift_start      speex_decode
     0000853B  pitch27_fast__exc_shift_end        speex_decode
     000089AE  enforce_margin                     speex_decode
     00008B65  _zx_speex_lpc                      speex_decode
     0000936A  _mul_s8                            speex_decode
     000093FF  mulq12                             speex_decode
     00009499  _build_innovation                  speex_decode
     00009502  _innov_register_loop               speex_decode
     0000951C  _innov_register_done               speex_decode
     0000951D  _prepare_coefficients              speex_decode
     000095BA  _coef_neg_0_start                  speex_decode
     000095CB  _coef_neg_0_end                    speex_decode
     0000968F  _coef_neg_1_start                  speex_decode
     000096A0  _coef_neg_1_end                    speex_decode
     00009764  _coef_neg_2_start                  speex_decode
     00009771  _coef_neg_2_end                    speex_decode
     0000981B  _coef_neg_3_start                  speex_decode
     00009828  _coef_neg_3_end                    speex_decode
     000098DB  _split_nibbles                     speex_decode
     00009902  _coefficient_product               speex_decode
     00009904  _smc0                              speex_decode
     0000990D  _smc1                              speex_decode
     0000991E  _smc2                              speex_decode
     0000992B  _smc3                              speex_decode
     0000993A  _zx_speex_filter                   speex_filter
     0000999C  _filter_feedback_start             speex_filter
     00009C71  _filter_emit                       speex_filter
ASxxxx Linker V05.50.4-SDLD,  page 3.
Hexadecimal  [32-Bits]

Area                                    Addr        Size        Decimal Bytes (Attributes)
--------------------------------        ----        ----        ------- ----- ------------
_CODE                               00008000    00001DC3 =        7619. bytes (REL,CON)

         Value  Global                             Global Defined In Module
         -----  --------------------------------   ------------------------
     00009C9B  _zx_mul_table                      speex_filter
     00009DA4  _zx_mul8                           speex_filter

ASxxxx Linker V05.50.4-SDLD,  page 4.
Hexadecimal  [32-Bits]

Area                                    Addr        Size        Decimal Bytes (Attributes)
--------------------------------        ----        ----        ------- ----- ------------
_DATA                               0000B000    00000411 =        1041. bytes (REL,CON)

         Value  Global                             Global Defined In Module
         -----  --------------------------------   ------------------------
     0000B000  _packet_count                      speex_decode
     0000B002  _status                            speex_decode
     0000B004  excitation                         speex_decode
     0000B2C8  lsp                                speex_decode
     0000B2DC  interp                             speex_decode
     0000B2F0  next_lpc                           speex_decode
     0000B304  _zx_lpc                            speex_decode
     0000B318  _zx_memory                         speex_decode
     0000B384  _pcm                               speex_decode
     0000B3A4  _pitch27_gains                     speex_decode
     0000B3AA  _pitch27_period                    speex_decode
     0000B3AF  _pitch27_exc_ptr                   speex_decode
     0000B3B1  _pitch27_sample_index              speex_decode
     0000B3B6  _pitch_sum_state                   speex_decode
     0000B3FE  coef_cache_ptr                     speex_decode
     0000B403  _last_pcm16                        speex_filter
     0000B405  _filter_saved_sp                   speex_filter

ASxxxx Linker V05.50.4-SDLD,  page 5.
Hexadecimal  [32-Bits]

Area                                    Addr        Size        Decimal Bytes (Attributes)
--------------------------------        ----        ----        ------- ----- ------------
_TABLES0                            00000000    00001F72 =        8050. bytes (ABS,CON)

         Value  Global                             Global Defined In Module
         -----  --------------------------------   ------------------------
ASxxxx Linker V05.50.4-SDLD,  page 6.
Hexadecimal  [32-Bits]

Area                                    Addr        Size        Decimal Bytes (Attributes)
--------------------------------        ----        ----        ------- ----- ------------
_TABLES1                            00000000    00000100 =         256. bytes (ABS,CON)

         Value  Global                             Global Defined In Module
         -----  --------------------------------   ------------------------
ASxxxx Linker V05.50.4-SDLD,  page 7.
Hexadecimal  [32-Bits]

Area                                    Addr        Size        Decimal Bytes (Attributes)
--------------------------------        ----        ----        ------- ----- ------------
_TABLES2                            00000000    00000D00 =        3328. bytes (ABS,CON)

         Value  Global                             Global Defined In Module
         -----  --------------------------------   ------------------------
ASxxxx Linker V05.50.4-SDLD,  page 8.
Hexadecimal  [32-Bits]

Area                                    Addr        Size        Decimal Bytes (Attributes)
--------------------------------        ----        ----        ------- ----- ------------
_QTABLE0                            00000000    00000400 =        1024. bytes (ABS,CON)

         Value  Global                             Global Defined In Module
         -----  --------------------------------   ------------------------
ASxxxx Linker V05.50.4-SDLD,  page 9.

Files Linked                              [ module(s) ]

decoder.rel                               [ speex_decode ]
filter.rel                                [ speex_filter ]

ASxxxx Linker V05.50.4-SDLD,  page 10.

User Base Address Definitions

_CODE = 0x8000
_DATA = 0xb000

