{
  "ima": {
    "snr_db": 17.680879250168406,
    "bands": [
      {
        "band": [
          70,
          300
        ],
        "snr_db": 24.698774415119374
      },
      {
        "band": [
          300,
          1000
        ],
        "snr_db": 20.730852273374467
      },
      {
        "band": [
          1000,
          2000
        ],
        "snr_db": 11.934665045591146
      },
      {
        "band": [
          2000,
          3000
        ],
        "snr_db": 5.78784357343258
      },
      {
        "band": [
          3000,
          4000
        ],
        "snr_db": -3.4207705288121826
      },
      {
        "band": [
          4000,
          6000
        ],
        "snr_db": -4.077469591587474
      },
      {
        "band": [
          6000,
          10000
        ],
        "snr_db": -3.0327700460136544
      },
      {
        "band": [
          10000,
          20000
        ],
        "snr_db": -2.781205949630828
      }
    ],
    "field_max_to_min": 1.4536245708712208
  },
  "levels": {
    "snr_db": 17.65565675463352,
    "bands": [
      {
        "band": [
          70,
          300
        ],
        "snr_db": 24.689023120232246
      },
      {
        "band": [
          300,
          1000
        ],
        "snr_db": 20.728764298112235
      },
      {
        "band": [
          1000,
          2000
        ],
        "snr_db": 11.909070904165306
      },
      {
        "band": [
          2000,
          3000
        ],
        "snr_db": 5.757031285354669
      },
      {
        "band": [
          3000,
          4000
        ],
        "snr_db": -3.5012198974560444
      },
      {
        "band": [
          4000,
          6000
        ],
        "snr_db": -4.123182749994014
      },
      {
        "band": [
          6000,
          10000
        ],
        "snr_db": -3.0355707592356715
      },
      {
        "band": [
          10000,
          20000
        ],
        "snr_db": -2.8013367347936735
      }
    ],
    "field_max_to_min": 1.4431393332268856
  },
  "pdm": {
    "snr_db": 20.434944138374746,
    "bands": [
      {
        "band": [
          70,
          300
        ],
        "snr_db": 30.8607739436922
      },
      {
        "band": [
          300,
          1000
        ],
        "snr_db": 26.498069148851563
      },
      {
        "band": [
          1000,
          2000
        ],
        "snr_db": 16.608980798137402
      },
      {
        "band": [
          2000,
          3000
        ],
        "snr_db": 9.382802445804021
      },
      {
        "band": [
          3000,
          4000
        ],
        "snr_db": -2.4889531180374296
      },
      {
        "band": [
          4000,
          6000
        ],
        "snr_db": -6.486399253441092
      },
      {
        "band": [
          6000,
          10000
        ],
        "snr_db": -8.831143892995662
      },
      {
        "band": [
          10000,
          20000
        ],
        "snr_db": -17.512981695071495
      }
    ],
    "field_max_to_min": 1.7383338711457705
  },
  "pdm_vs_ima": {
    "snr_db": 18.378089610752923,
    "bands": [
      {
        "band": [
          70,
          300
        ],
        "snr_db": 25.26943735341935
      },
      {
        "band": [
          300,
          1000
        ],
        "snr_db": 21.610830834939932
      },
      {
        "band": [
          1000,
          2000
        ],
        "snr_db": 12.932777979820283
      },
      {
        "band": [
          2000,
          3000
        ],
        "snr_db": 6.422476087888888
      },
      {
        "band": [
          3000,
          4000
        ],
        "snr_db": 0.6141845011747056
      },
      {
        "band": [
          4000,
          6000
        ],
        "snr_db": -2.5085587574551087
      },
      {
        "band": [
          6000,
          10000
        ],
        "snr_db": -7.3088702177476526
      },
      {
        "band": [
          10000,
          20000
        ],
        "snr_db": -17.725466309301694
      }
    ],
    "field_max_to_min": 1.5608774477878204
  }
}
