{"backend": "baseline", "seconds": [23.34489189996384, 22.766992899938487, 22.72905520000495], "median_seconds": 22.766992899938487, "samples": 2048, "packed_sha256": "7c974d85469b8132e15b0659cb36ca6c7ba94e6d36771871fea1ecfd1e36aa4a", "byte_exact": true}
{"backend": "numpy", "seconds": [12.940659999963827, 12.57131400005892, 12.557652899995446], "median_seconds": 12.57131400005892, "samples": 2048, "packed_sha256": "7c974d85469b8132e15b0659cb36ca6c7ba94e6d36771871fea1ecfd1e36aa4a", "byte_exact": true}
{"backend": "native", "seconds": [7.8302381000248715, 5.5891464001033455, 5.578422700054944], "median_seconds": 5.5891464001033455, "samples": 2048, "packed_sha256": "7c974d85469b8132e15b0659cb36ca6c7ba94e6d36771871fea1ecfd1e36aa4a", "byte_exact": true}
{"encoded_samples": 16384, "total_samples": 186880}
{"encoded_samples": 32768, "total_samples": 186880}
{"encoded_samples": 49152, "total_samples": 186880}
{"encoded_samples": 65536, "total_samples": 186880}
{"encoded_samples": 81920, "total_samples": 186880}
{"encoded_samples": 98304, "total_samples": 186880}
{"encoded_samples": 114688, "total_samples": 186880}
{"encoded_samples": 131072, "total_samples": 186880}
{"encoded_samples": 147456, "total_samples": 186880}
{"encoded_samples": 163840, "total_samples": 186880}
{"encoded_samples": 180224, "total_samples": 186880}
{"attempt": 1, "width": 256, "horizon": 128, "seconds": 102.09471600002144, "old_complete_cli_seconds": 259.85900000005495, "samples": 186880, "packed_sha256": "c969bff47bd16cfe7945d2306e2a208b32e098d69bfee524c92beb7c7f872364", "byte_exact": true}
{"encoded_samples": 16384, "total_samples": 186880}
{"encoded_samples": 32768, "total_samples": 186880}
{"encoded_samples": 49152, "total_samples": 186880}
{"encoded_samples": 65536, "total_samples": 186880}
{"encoded_samples": 81920, "total_samples": 186880}
{"encoded_samples": 98304, "total_samples": 186880}
{"encoded_samples": 114688, "total_samples": 186880}
{"encoded_samples": 131072, "total_samples": 186880}
{"encoded_samples": 147456, "total_samples": 186880}
{"encoded_samples": 163840, "total_samples": 186880}
{"encoded_samples": 180224, "total_samples": 186880}
{"attempt": 2, "width": 512, "horizon": 128, "seconds": 170.45138689992018, "old_complete_cli_seconds": 526.8129999999655, "samples": 186880, "packed_sha256": "2e98fdac60a47c0a827483837ec25e825d3cb826014f757a407d982dec50f485", "byte_exact": true}
{"encoded_samples": 16384, "total_samples": 186880}
{"encoded_samples": 32768, "total_samples": 186880}
{"encoded_samples": 49152, "total_samples": 186880}
{"encoded_samples": 65536, "total_samples": 186880}
{"encoded_samples": 81920, "total_samples": 186880}
{"encoded_samples": 98304, "total_samples": 186880}
{"encoded_samples": 114688, "total_samples": 186880}
{"encoded_samples": 131072, "total_samples": 186880}
{"encoded_samples": 147456, "total_samples": 186880}
{"encoded_samples": 163840, "total_samples": 186880}
{"encoded_samples": 180224, "total_samples": 186880}
{"attempt": 3, "width": 1024, "horizon": 256, "seconds": 652.3290281000081, "old_complete_cli_seconds": 2723.7029999999795, "samples": 186880, "packed_sha256": "c0dfb69186b5f24e711fc991b3c809d5f6bd9821c171b3bf36a11c7fe042909c", "byte_exact": true}
